Archive member included because of file (symbol)

../../Compiler/SGL_302j/LIB_COFF/SEGA_SYS.A(sys_exit.o)
                              ../../jo_engine/core.o (SYS_Exit)
../../Compiler/SGL_302j/LIB_COFF/SEGA_SYS.A(sys_sub.o)
                              ../../Compiler/SGL_302j/LIB_COFF/SEGA_SYS.A(sys_exit.o) (SYSUB_SetStackptr)
../../Compiler/SGL_302j/LIB_COFF/LIBCD.A(GFS.O)
                              main.o (GFS_Init)
../../Compiler/SGL_302j/LIB_COFF/LIBCD.A(CDC_CMN.O)
                              ../../Compiler/SGL_302j/LIB_COFF/SEGA_SYS.A(sys_exit.o) (CDC_GetCurStat)
../../Compiler/SGL_302j/LIB_COFF/LIBCD.A(CDC_REG.O)
                              ../../Compiler/SGL_302j/LIB_COFF/SEGA_SYS.A(sys_exit.o) (CDC_GetHirqReq)
../../Compiler/SGL_302j/LIB_COFF/LIBCD.A(CDC_CFS.O)
                              ../../Compiler/SGL_302j/LIB_COFF/SEGA_SYS.A(sys_exit.o) (CDC_ChgDir)
../../Compiler/SGL_302j/LIB_COFF/LIBCD.A(GFS_CDF.O)
                              ../../Compiler/SGL_302j/LIB_COFF/LIBCD.A(GFS.O) (GFCF_Init)
../../Compiler/SGL_302j/LIB_COFF/LIBCD.A(GFS_DIR.O)
                              ../../Compiler/SGL_302j/LIB_COFF/LIBCD.A(GFS.O) (GFDR_SetupDirTbl)
../../Compiler/SGL_302j/LIB_COFF/LIBCD.A(GFS_TRN.O)
                              ../../Compiler/SGL_302j/LIB_COFF/LIBCD.A(GFS.O) (GFTR_Setup)
../../Compiler/SGL_302j/LIB_COFF/LIBCD.A(GFS_BUF.O)
                              ../../Compiler/SGL_302j/LIB_COFF/LIBCD.A(GFS.O) (GFBF_GetNumData)
../../Compiler/SGL_302j/LIB_COFF/LIBCD.A(GFS_CDB.O)
                              ../../Compiler/SGL_302j/LIB_COFF/LIBCD.A(GFS_CDF.O) (GFCB_Setup)
../../Compiler/SGL_302j/LIB_COFF/LIBCD.A(GFS_CDC.O)
                              ../../Compiler/SGL_302j/LIB_COFF/LIBCD.A(GFS.O) (GFCD_SetCdbfs)
../../Compiler/SGL_302j/LIB_COFF/LIBCD.A(CDC_SUB.O)
                              ../../Compiler/SGL_302j/LIB_COFF/LIBCD.A(CDC_CMN.O) (CDSUB_UpdStatus)
../../Compiler/SGL_302j/LIB_COFF/LIBCD.A(CDC_BIO.O)
                              ../../Compiler/SGL_302j/LIB_COFF/LIBCD.A(GFS_CDC.O) (CDC_SetSctLen)
../../Compiler/SGL_302j/LIB_COFF/LIBCD.A(CDC_SEL.O)
                              ../../Compiler/SGL_302j/LIB_COFF/LIBCD.A(GFS_CDC.O) (CDC_SetFiltRange)
../../Compiler/SGL_302j/LIB_COFF/LIBCD.A(CDC_DRV.O)
                              ../../Compiler/SGL_302j/LIB_COFF/LIBCD.A(GFS_CDC.O) (CDC_CdPlay)
../../Compiler/SGL_302j/LIB_COFF/LIBCD.A(CDC_BIF.O)
                              ../../Compiler/SGL_302j/LIB_COFF/LIBCD.A(GFS_CDC.O) (CDC_GetBufSiz)
../../Compiler/SGL_302j/LIB_COFF/LIBCD.A(CDC_DEV.O)
                              ../../Compiler/SGL_302j/LIB_COFF/LIBCD.A(GFS_CDC.O) (CDC_CdSetCon)
../../Compiler/SGL_302j/LIB_COFF/LIBSGL.A(sglC08.o)
                              main.o (slPutPolygon)
../../Compiler/SGL_302j/LIB_COFF/LIBSGL.A(sglA21.o)
                              main.o (slPushMatrix)
../../Compiler/SGL_302j/LIB_COFF/LIBSGL.A(sglA18.o)
                              main.o (slRotY)
../../Compiler/SGL_302j/LIB_COFF/LIBSGL.A(sglA27.o)
                              main.o (slTranslate)
../../Compiler/SGL_302j/LIB_COFF/LIBSGL.A(sglA28.o)
                              main.o (slScale)
../../Compiler/SGL_302j/LIB_COFF/LIBSGL.A(sglK01.o)
                              main.o (SynchConst)
../../Compiler/SGL_302j/LIB_COFF/LIBSGL.A(sglA20.o)
                              main.o (slUnitMatrix)
../../Compiler/SGL_302j/LIB_COFF/LIBSGL.A(sglF00.o)
                              ../../jo_engine/core.o (slCurColor)
../../Compiler/SGL_302j/LIB_COFF/LIBSGL.A(sglF03.o)
                              main.o (slPrintFX)
../../Compiler/SGL_302j/LIB_COFF/LIBSGL.A(sglI01.o)
                              main.o (slSynch)
../../Compiler/SGL_302j/LIB_COFF/LIBSGL.A(sglC04.o)
                              main.o (slZdspLevel)
../../Compiler/SGL_302j/LIB_COFF/LIBSGL.A(sglB015.o)
                              main.o (slScrAutoDisp)
../../Compiler/SGL_302j/LIB_COFF/LIBSGL.A(sglF05.o)
                              main.o (slPrint)
../../Compiler/SGL_302j/LIB_COFF/LIBSGL.A(sglD00.o)
                              ZT/ZT_LOAD_MODEL.o (slDMACopy)
../../Compiler/SGL_302j/LIB_COFF/LIBSGL.A(sglD02.o)
                              ZT/ZT_LOAD_MODEL.o (slDMAWait)
../../Compiler/SGL_302j/LIB_COFF/LIBSGL.A(sglB200.o)
                              ../../jo_engine/core.o (slCharNbg0)
../../Compiler/SGL_302j/LIB_COFF/LIBSGL.A(sglB058.o)
                              ZT/ZT_TOOLS.o (slPlaneNbg3)
../../Compiler/SGL_302j/LIB_COFF/LIBSGL.A(sglB063.o)
                              ZT/ZT_TOOLS.o (slPriority)
../../Compiler/SGL_302j/LIB_COFF/LIBSGL.A(sglB034.o)
                              ZT/ZT_TOOLS.o (slMapNbg3)
../../Compiler/SGL_302j/LIB_COFF/LIBSGL.A(sglB010.o)
                              ZT/ZT_TOOLS.o (slBitMapNbg0)
../../Compiler/SGL_302j/LIB_COFF/LIBSGL.A(sglB061.o)
                              ZT/ZT_TOOLS.o (slBMPalette)
../../Compiler/SGL_302j/LIB_COFF/LIBSGL.A(sglB016.o)
[...]
Memory Configuration

Name             Origin             Length             Attributes
*default*        0x00000000         0xffffffff

Linker script and memory map

TARGET(coff-sh)

SLSTART         0x06004000       0x30
                0x06004000                ___Start = .
 *(SLSTART)
 SLSTART        0x06004000       0x28 ../../Compiler/SGL_302j/LIB_COFF/LIBSGL.A(sglI00.o)
                0x06004002                slStartSGL
                0x06004000                SGL_Start

.text           0x06004040    0x17e00
 *(.text)
 .text          0x06004040      0x2c0 main.o
                0x06004278                jo_main
                0x060040bc                load_ref
                0x06004078                display_model
                0x06004198                main_loop
                0x060040f8                my_draw
                0x06004040                ztCDinit
 .text          0x06004300      0x4b0 ZT/ZT_LOAD_MODEL.o
                0x06004300                setTextures
                0x060045a4                loadPDATA
                0x06004520                loadAnimations
                0x06004438                loadTextures
                0x0600463e                ztLoad3Dmodel
 .text          0x060047b0      0x500 ZT/ZT_TOOLS.o
                0x0600496e                fadeIn
                0x060047f2                ztClearText
                0x06004948                memcpy_l
                0x0600495c                memset_l
                0x06004bc4                fadeOut
                0x06004934                memset_w
                0x060049f2                ztLoadVDP2bmp
                0x06004920                memcpy_w
                0x06004824                Pal2CRAM
                0x060048de                Map2VRAM
                0x06004c80                CheckOnPlane
                0x060048cc                Cel2VRAM
                0x0600483a                ztFont2NBG3
 .text          0x06004cb0      0x4d0 input.o
                0x06004e04                print_orientation
                0x06004cb0                add_rel_pos
                0x06004fcc                gamepad_input
                0x06004d44                forward_target
 .text          0x06005180      0x2e0 game_object.o
                0x06005278                destroy_object
                0x060052a8                closest_object
                0x06005214                clone_object
                0x06005334                apply_accel
                0x06005180                stop
                0x06005394                apply_accel_all
                0x06005198                create_object
                0x060053c4                update_obj_position
 .text          0x06005460      0x120 timer.o
                0x06005460                timer
 .text          0x06005580      0x2a0 collision.o
                0x0600570c                is_collide_all
                0x060057dc                stop_collided
                0x060056dc                is_rough_collide
                0x06005580                dist
                0x06005654                calc_rough_radius
 .text          0x06005820      0x760 ../../jo_engine/tga.o
                0x06005e34                jo_tga_loader_from_stream
                0x06005d64                jo_sprite_add_tga
                0x06005ed4                jo_sprite_add_tga_from_stream
                0x06005cc0                jo_tga_loader
                0x06005996                jo_sprite_add_tga_tileset
                0x0600585e                __jo_tga_load
 .text          0x06005f80      0x8a0 ../../jo_engine/3d.o
                0x06005f9c                jo_3d_create_plane
                0x06006736                jo_3d_set_mesh_color
                0x060066bc                jo_3d_set_mesh_texture
                0x0600616c                jo_3d_set_mesh_polygon_texture
                0x060062cc                jo_3d_set_mesh_polygon_screen_doors
                0x06006642                jo_3d_set_mesh_light
                0x0600638a                jo_3d_create_sprite_quad
                0x06006232                jo_3d_set_mesh_polygon_light
                0x06005f80                jo_3d_init
                0x060067c8                jo_3d_create_triangle
                0x060060a0                jo_3d_set_mesh_polygon_color
                0x060064b4                jo_3d_set_mesh_polygon_transparency
                0x06005ff0                jo_3d_create_cube
                0x060065c8                jo_3d_set_mesh_screen_doors
                0x06006798                jo_3d_free_sprite_quad
                0x06006548                jo_3d_set_mesh_transparency
 .text          0x06006820      0x9c0 ../../jo_engine/fs.o
                0x060070dc                jo_fs_seek_forward
                0x06006f10                jo_fs_read_file
                0x06006e9a                jo_fs_set_read_sector_count
                0x0600683e                jo_fs_init
                0x06006c36                jo_fs_open
                0x06006a1a                jo_fs_read_file_async
                0x06006e28                jo_fs_close
                0x06006d44                jo_fs_read_next_bytes
                0x06006b84                jo_fs_cd
                0x060068c4                jo_fs_do_background_jobs
                0x06007068                jo_fs_read_file_in_dir
 .text          0x060071e0      0x520 ../../jo_engine/font.o
                0x0600749c                jo_font_print_centered
                0x060075ea                jo_font_print
                0x06007256                jo_font_load
 .text          0x06007700       0x50 ../../jo_engine/input.o
                0x06007700                jo_get_input_type
 .text          0x06007750      0x8f0 ../../jo_engine/core.o
                0x06007774                jo_core_wait_for_slave
                0x0600780e                jo_core_suspend
                0x06007eea                jo_core_add_callback
                0x06007794                jo_core_exec_on_slave
                0x06007f58                jo_core_run
                0x06007be2                jo_core_remove_slave_callback
                0x06007b64                jo_dump_vdp1_registers
                0x060077a8                jo_goto_boot_menu
                0x06007c52                jo_core_add_slave_callback
                0x0600797a                __jo_core_error
                0x06007cb4                jo_core_remove_callback
                0x06007af0                jo_dump_vdp2_registers
                0x06007d22                jo_core_init
                0x060077b4                main
 .text          0x06008040      0x3c0 ../../jo_engine/math.o
                0x06008040                jo_random
                0x0600833c                jo_planar_rotate
                0x06008274                jo_sqrt
                0x060082e0                jo_gcd
                0x060080b4                jo_atan2f_rad
 .text          0x06008400      0x400 ../../jo_engine/malloc.o
                0x0600877c                jo_memory_fragmentation
                0x0600864c                jo_memory_usage_percent
                0x06008400                jo_add_memory_zone
                0x060085b8                jo_free
                0x06008494                jo_malloc_with_behaviour
 .text          0x06008800      0x450 ../../jo_engine/tools.o
                0x06008bbc                jo_endwith
                0x06008a60                jo_getdate
                0x060088aa                jo_clear_screen
                0x06008962                jo_strlen
                0x06008868                jo_get_current_language
                0x060088f6                jo_tools_atoi
                0x06008818                jo_print
                0x060089ac                jo_memset
                0x06008a00                jo_map_to_vram
 .text          0x06008c50      0x8f0 ../../jo_engine/sprites.o
                0x06009128                jo_sprite_usage_percent
                0x0600937e                jo_sprite_add_8bits_image
                0x06009432                jo_sprite_draw
                0x06008c50                jo_get_last_sprite_id
                0x06008c5c                jo_sprite_init
                0x06008ca6                jo_sprite_name2id
                0x06008e26                jo_sprite_draw_rotate
                0x06009008                jo_sprite_replace
                0x06008dc8                jo_set_gouraud_shading_colors
                0x06008d18                jo_sprite_free_from
                0x06008df0                jo_set_gouraud_shading_brightness
                0x060093da                jo_sprite_add
 .text          0x06009540      0x9d0 ../../jo_engine/map.o
                0x06009bf8                jo_map_per_pixel_vertical_collision
                0x06009d40                jo_map_draw
                0x0600955e                jo_map_create
                0x060096ac                jo_map_add_tile
                0x060096d0                jo_map_add_animated_tile
                0x060098fa                jo_map_load_from_file
                0x06009780                jo_map_free
                0x06009798                jo_map_move_tiles_by_attribute
                0x06009e20                jo_map_3d_draw
                0x06009808                jo_map_hitbox_detection_custom_boundaries
                0x060096f4                jo_map_draw_background
 .text          0x06009f10       0xf0 ../../jo_engine/list.o
                0x06009f10                jo_list_remove
                0x06009f54                jo_list_init
                0x06009f7e                jo_list_add
 .text          0x0600a000      0x280 ../../jo_engine/sprite_animator.o
                0x0600a258                jo_clear_all_sprite_anim
                0x0600a19c                jo_create_sprite_anim
                0x0600a0be                jo_replace_sprite_anim
 .text          0x0600a280      0x800 ../../jo_engine/image.o
                0x0600a298                jo_free_img
                0x0600a942                jo_sprite_add_image_pack
                0x0600a362                __jo_bin_load
                0x0600a2f2                jo_replace_color
                0x0600a6f0                jo_sprite_add_bin_from_stream
                0x0600a5ce                jo_bin_loader_from_stream
                0x0600a416                jo_sprite_add_bin_tileset
                0x0600a790                jo_bin_loader
                0x0600a822                jo_sprite_add_bin
 .text          0x0600aa80      0x170 ../../jo_engine/background.o
                0x0600aba0                jo_clear_background
                0x0600ab10                jo_set_background_sprite
                0x0600aa80                jo_draw_background_line
 .text          0x0600abf0      0x120 ../../jo_engine/time.o
                0x0600acdc                jo_time_init
                0x0600abf0                jo_get_ticks
 .text          0x0600ad10      0x238 ../../Compiler/SGL_302j/LIB_COFF/SEGA_SYS.A(sys_exit.o)
                0x0600ad30                SYS_Exit
                0x0600ad10                sys_version
 *fill*         0x0600af48        0x8 00
 .text          0x0600af50        0x6 ../../Compiler/SGL_302j/LIB_COFF/SEGA_SYS.A(sys_sub.o)
                0x0600af50                SYSUB_SetStackptr
 *fill*         0x0600af56        0xa 00
 .text          0x0600af60     0x1adc ../../Compiler/SGL_302j/LIB_COFF/LIBCD.A(GFS.O)
                0x0600af60                gfs_version
                0x0600c1d0                gfs_mngGetNumFile
                0x0600c92c                gfs_closeSub
                0x0600bcec                GFS_SetGmode
                0x0600bfa8                GFS_SetErrFunc
                0x0600c0f8                gfs_mngSetupFuncTbl
                0x0600b2b8                GFS_Reset
                0x0600c020                gfs_chgRoot
                0x0600c0ec                gfs_aborttrans
                0x0600c3d0                gfs_svrAddHndl
                0x0600c280                gfs_mngFreeGrp
                0x0600bff8                GFS_ConvTno
                0x0600c584                gfs_getRootDir
                0x0600bfd4                GFS_GetErrStat
                0x0600b428                GFS_Seek
                0x0600ba98                GFS_NwStop
                0x0600c28c                gfs_mngTermAccess
                0x0600b33c                GFS_Open
                0x0600c238                GFS_mngAllocGrp
                0x0600c974                gfs_isTaskDone
                0x0600b798                GFS_Fread
                0x0600bef0                GFS_StartTrans
                0x0600c8ec                gfs_GetFinfo
                0x0600c12c                gfs_mngInitWork
                0x0600b580                GFS_ByteToSct
                0x0600c390                gfs_svrSearchHndl
                0x0600c680                gfs_loadRootDir
                0x0600b1dc                GFS_IdToName
                0x0600b8dc                GFS_NwFread
                0x0600be20                GFS_SetTransPara
                0x0600b9e8                GFS_NwCdRead
                0x0600c4c0                gfs_loadVol
                0x0600bdbc                GFS_SetReadPara
                0x0600b4dc                GFS_Tell
                0x0600bd50                GFS_SetTmode
                0x0600c854                GFS_GetFad
                0x0600be8c                GFS_SetTrFunc
                0x0600bf3c                GFS_CdMovePickup
                0x0600b178                GFS_NameToId
                0x0600bbb0                GFS_NwExecOne
                0x0600c708                gfs_flowIn
                0x0600b638                GFS_GetFileInfo
                0x0600c7b0                gfs_transData
                0x0600c40c                gfs_svrRemoveHndl
                0x0600ba60                GFS_NwIsComplete
                0x0600c968                gfs_getGmode
                0x0600bb04                GFS_NwGetStat
                0x0600c468                GFS_OpenSub
                0x0600b110                GFS_SetDir
                0x0600b5dc                GFS_GetFileSize
                0x0600b6ac                GFS_GetNumCdbuf
                0x0600c9c8                gfs_convFinStat
                0x0600b6d4                GFS_Load
                0x0600b834                gfs_waitRead
                0x0600b068                GFS_LoadDir
                0x0600b248                GFS_GetDirInfo
                0x0600b3f0                GFS_Close
                0x0600af80                GFS_Init
                0x0600bb80                gfs_recovRdErr
                0x0600c310                gfs_mngSetErrCode
                0x0600bc70                GFS_NwExecServer
                0x0600b52c                GFS_IsEof
                0x0600c8ac                gfs_SetSct
 *fill*         0x0600ca3c        0x4 00
 .text          0x0600ca40      0x3a0 ../../Compiler/SGL_302j/LIB_COFF/LIBCD.A(CDC_CMN.O)
                0x0600cbe4                CDC_TgetToc
                0x0600cd88                CDC_DataEnd
                0x0600caa8                CDC_GetPeriStat
                0x0600cd1c                CDC_DataReady
                0x0600ccf4                CDC_CdOpen
                0x0600cc70                CDC_CdInit
                0x0600cc34                CDC_GetSes
                0x0600ca90                CDC_GetLastStat
                0x0600ca40                CDC_GetCurStat
                0x0600cb7c                CDC_GetHwInfo
 .text          0x0600cde0      0x2dc ../../Compiler/SGL_302j/LIB_COFF/LIBCD.A(CDC_REG.O)
                0x0600ce34                CDREG_ClrHirqReq
                0x0600ce04                CDC_ClrHirqReq
                0x0600ceb4                CDREG_TgetData
                0x0600cea4                CDC_GetMpegPtr
                0x0600ce80                CDC_GetHirqMsk
                0x0600cde0                CDC_GetDataPtr
                0x0600cdf0                CDC_GetHirqReq
                0x0600d010                CDREG_WaitHirq
                0x0600ce94                CDC_SetHirqMsk
                0x0600cf10                CDREG_CmdRsp
                0x0600ce44                CDREG_InitHirqReq
                0x0600ce6c                CDREG_SetHirqFlag
                0x0600d080                CDREG_ReadRsp
 *fill*         0x0600d0bc        0x4 00
 .text          0x0600d0c0      0x194 ../../Compiler/SGL_302j/LIB_COFF/LIBCD.A(CDC_CFS.O)
                0x0600d0c0                CDC_ChgDir
                0x0600d0f4                CDC_ReadDir
                0x0600d218                CDC_AbortFile
                0x0600d128                CDC_GetFileScope
                0x0600d188                CDC_TgetFileInfo
                0x0600d1e4                CDC_ReadFile
 *fill*         0x0600d254        0xc 00
 .text          0x0600d260      0x8d8 ../../Compiler/SGL_302j/LIB_COFF/LIBCD.A(GFS_CDF.O)
                0x0600d754                GFCF_Seek
                0x0600d85c                GFCF_GetStat
                0x0600d73c                GFCF_Tell
                0x0600d300                GFCF_Setup
                0x0600d808                GFCF_cnvIntlvOfs
                0x0600d260                GFCF_Init
                0x0600d6f4                GFCF_Recover
                0x0600d448                GFCF_SetSct
                0x0600d76c                GFCF_MovePickup
                0x0600d930                gfcf_isCdOk
                0x0600d500                GFCF_FlowInBuf
                0x0600d48c                GFCF_GetFileInfo
                0x0600d654                GFCF_StopInBuf
                0x0600d8f4                gfcf_getSctSize
                0x0600d9f0                gfcf_getPlayRange
 *fill*         0x0600db38        0x8 00
 .text          0x0600db40      0x92c ../../Compiler/SGL_302j/LIB_COFF/LIBCD.A(GFS_DIR.O)
                0x0600e030                gfdr_setNextRec
                0x0600e430                gfdr_setDirrecCd
                0x0600de28                gfdr_open
                0x0600dc3c                GFDR_GetAtrDirId
                0x0600df10                gfdr_readByte
                0x0600db40                GFDR_SetupDirTbl
                0x0600e008                gfdr_readLongNM
                0x0600e0b4                gfdr_readDirEnt
                0x0600dc6c                GFDR_ChgRoot
                0x0600dbb4                GFDR_NameToId
                0x0600dcf8                gfdr_setupDirIdTbl
                0x0600dc54                GFDR_GetAtrDirName
                0x0600dc14                GFDR_GetInfoDirId
                0x0600dfbc                gfdr_readLongNB
                0x0600de50                gfdr_read
                0x0600df3c                gfdr_readWord
                0x0600dd7c                gfdr_setupDirNameTbl
                0x0600dc28                GFDR_GetInfoDirName
                0x0600dc84                GFDR_ChgDir
                0x0600df68                gfdr_readWordNB
 *fill*         0x0600e46c        0x4 00
 .text          0x0600e470      0x9c6 ../../Compiler/SGL_302j/LIB_COFF/LIBCD.A(GFS_TRN.O)
                0x0600e550                GFTR_SetTransMax
                0x0600e920                gftr_execScu
                0x0600ee24                GFTR_SetTransFunc
                0x0600ecec                gftr_remTrn
                0x0600ee10                GFTR_SetData
                0x0600eb10                gftr_execSdma1
                0x0600ed60                gftr_copyFrac
                0x0600e544                GFTR_GetNumTrans
                0x0600e4e4                GFTR_SetMode
                0x0600eae0                gftr_remDma0
                0x0600ed88                GFTR_GetLenData
                0x0600e914                gftr_reqScu
                0x0600eaf8                gftr_reqDma1
                0x0600e830                gftr_getSrcPack
                0x0600ede0                GFTR_RtnDstPk
                0x0600e9fc                gfdma_exec
                0x0600ec14                gftr_execTrn
                0x0600e728                GFTR_ExecSvr
                0x0600eba4                gftr_reqTrn
                0x0600ea6c                gfdma_getBytecnt
                0x0600eb4c                gftr_reqCpu
                0x0600edac                GFTR_GetDstPack
                0x0600eaa4                gftr_reqDma0
                0x0600e6b0                GFTR_Idle
                0x0600e568                GFTR_Pause
                0x0600e538                GFTR_GetTransPara
                0x0600eb98                gftr_remCpu
                0x0600e504                GFTR_SetTransPara
                0x0600eb34                gftr_remDma1
                0x0600e574                GFTR_Stop
                0x0600eabc                gftr_execSdma0
                0x0600e4a0                GFTR_Setup
                0x0600e9bc                gftr_remScu
                0x0600e8b8                gftr_getDstPack
                0x0600e9f0                gfdma_canUse
                0x0600e62c                GFTR_Exec
                0x0600edfc                GFTR_GetData
                0x0600e55c                GFTR_Start
                0x0600e4f8                GFTR_SetUnit
                0x0600eb58                gftr_execCpu
                0x0600ed94                GFTR_GetLenRoom
 *fill*         0x0600ee36        0xa 00
 .text          0x0600ee40      0x106 ../../Compiler/SGL_302j/LIB_COFF/LIBCD.A(GFS_BUF.O)
                0x0600ee98                GFBF_GetNumData
                0x0600ef14                GFBF_RtnPk
                0x0600eec8                GFBF_GetSrcPk
                0x0600ef3c                gfbf_getSctDt
                0x0600ee70                GFBF_GetTranData
                0x0600eef0                GFBF_GetSctData
 *fill*         0x0600ef46        0xa 00
 .text          0x0600ef50      0x600 ../../Compiler/SGL_302j/LIB_COFF/LIBCD.A(GFS_CDB.O)
                0x0600f4f8                GFCB_GetPickup
                0x0600f070                GFCB_Close
                0x0600f33c                GFCB_GetSrcPack
                0x0600f4c4                GFCB_SetCon
                0x0600f144                GFCB_GetLenRoom
                0x0600f4a8                GFCB_MovePickup
                0x0600f41c                GFCB_GetSctData
                0x0600f150                GFCB_SetFilt
                0x0600f098                GFCB_GetLenData
                0x0600f538                GFCB_UngetPickup
                0x0600ef50                GFCB_Setup
                0x0600f1e0                GFCB_Tell
                0x0600f520                GFCB_IsPuOwner
                0x0600f240                GFCB_Seek
                0x0600f1b8                GFCB_DeleteAllData
                0x0600f454                GFCB_GetDstPack
                0x0600f1f0                gfcb_getSctNum
                0x0600f460                GFCB_RtnPk
 .text          0x0600f550     0x1a10 ../../Compiler/SGL_302j/LIB_COFF/LIBCD.A(GFS_CDC.O)
                0x0600f7ec                GFCD_AllocBuf
                0x060105d4                gfcd_doGetLenDataTsk
                0x06010e70                GFCD_SetCsctFunc
                0x0600f8c4                GFCD_GetBaseFad
                0x0600fa40                GFCD_GetFilt
                0x06010a60                gfcd_doChgDirTsk
                0x06010da0                gfcd_checkEflag
                0x0600fd88                GFCD_MovePickup
                0x0600fe6c                GFCD_GetSctInfo
                0x06010728                gfcd_doReqDataTsk
                0x0600feb4                GFCD_ChgDir
                0x0600fba8                GFCD_ReqData
                0x06010e8c                GFCD_ChkScdqFlag
                0x06010344                GFCD_WaitServer
                0x0600fc4c                GFCD_DelSctData
                0x06010124                GFCD_ExecServer
                0x06010544                gfcd_doSetConTsk
                0x0600f780                GFCD_AllocFilt
                0x0600f97c                GFCD_SetFilt
                0x06010380                gfcd_doSetFiltTsk
                0x06010eb0                GFCD_ClrScdqFlag
                0x060107c8                gfcd_doDelSctDataTsk
                0x06010284                gfcd_doTask
                0x0600f8f8                GFCD_GetPickup
                0x0600fe48                GFCD_CheckMove
                0x06010ecc                GFCD_WaitScdqFlag
                0x0600fae0                GFCD_Play
                0x060108fc                gfcd_doMoveSctTsk
                0x0600fa88                GFCD_SetCon
                0x0600ff28                GFCD_SetFiltCon
                0x06010f10                GFCD_WaitPause
                0x060100ec                GFCD_GetBufSiz
                0x0600f92c                GFCD_UngetPickup
                0x06010010                GFCD_GetFileInfo
                0x0600fc04                GFCD_EndData
                0x0600f820                GFCD_FreeBuf
                0x0600fb40                GFCD_GetLenData
                0x0600f7bc                GFCD_FreeFilt
                0x060101f8                gfcd_isIdleTask
                0x0600f57c                GFCD_Init
                0x06010c5c                gfcd_doSetFiltConTsk
                0x0600fcd4                GFCD_GetStat
                0x0600fdd4                GFCD_MoveSctData
                0x0600f958                GFCD_IsPuOwner
                0x06010dc4                gfcd_initCdbMng
                0x0600f550                GFCD_SetCdbfs
                0x06010330                GFCD_SetTimer
                0x06010e44                gfcd_setStat
                0x0600fca4                GFCD_CheckDelSctData
 .text          0x06010f60      0x152 ../../Compiler/SGL_302j/LIB_COFF/LIBCD.A(CDC_SUB.O)
                0x06011008                CDSUB_GetCdstat
                0x06010f78                CDSUB_UpdCdstat
                0x06011048                CDSUB_RspToCdstat
                0x06011090                CDSUB_SoftTimer
                0x06010f60                CDSUB_UpdStatus
                0x06010f98                CDSUB_CdCmd
 *fill*         0x060110b2        0xe 00
 .text          0x060110c0      0x1e4 ../../Compiler/SGL_302j/LIB_COFF/LIBCD.A(CDC_BIO.O)
                0x0601116c                CDC_GetdelSctData
                0x060110f4                CDC_GetSctData
                0x060111a8                CDC_PutSctData
                0x06011224                CDC_MoveSctData
                0x06011268                CDC_GetCopyErr
                0x06011130                CDC_DelSctData
                0x060110c0                CDC_SetSctLen
                0x060111e0                CDC_CopySctData
 *fill*         0x060112a4        0xc 00
 .text          0x060112b0      0x2b8 ../../Compiler/SGL_302j/LIB_COFF/LIBCD.A(CDC_SEL.O)
                0x060114e0                CDC_GetFiltCon
                0x0601145c                CDC_GetFiltMode
                0x06011534                CDC_ResetSelector
                0x060112b0                CDC_SetFiltRange
                0x0601133c                CDC_SetFiltSubh
                0x060113ac                CDC_GetFiltSubh
                0x060112e4                CDC_GetFiltRange
                0x06011428                CDC_SetFiltMode
                0x060114a0                CDC_SetFiltCon
 *fill*         0x06011568        0x8 00
 .text          0x06011570      0x130 ../../Compiler/SGL_302j/LIB_COFF/LIBCD.A(CDC_DRV.O)
                0x06011570                CDC_CdPlay
                0x0601163c                CDC_CdSeek
                0x06011670                CDC_CdScan
 .text          0x060116a0      0x270 ../../Compiler/SGL_302j/LIB_COFF/LIBCD.A(CDC_BIF.O)
                0x060116fc                CDC_GetSctNum
                0x0601187c                CDC_ExeFadSearch
                0x060117fc                CDC_GetSctInfo
                0x06011740                CDC_CalActSiz
                0x060116a0                CDC_GetBufSiz
                0x0601177c                CDC_GetActSiz
                0x060118b4                CDC_GetFadSearch
 .text          0x06011910       0xa8 ../../Compiler/SGL_302j/LIB_COFF/LIBCD.A(CDC_DEV.O)
                0x0601197c                CDC_CdGetLastBuf
                0x06011910                CDC_CdSetCon
                0x06011940                CDC_CdGetCon
 *fill*         0x060119b8        0x8 00
 .text          0x060119c0      0x128 ../../Compiler/SGL_302j/LIB_COFF/LIBSGL.A(sglIc0.o)
                0x060119c0                slInitSystem
 *fill*         0x06011ae8        0x8 00
 .text          0x06011af0       0xb0 d:/google drive/gamedev/saturn/jo engine/compiler/sh_coff/sh-coff/bin/../lib/gcc/sh-coff/4.0-GNUSH_v0601\libgcc.a(_movmem.o)
                0x06011b00                __movmemSI64
                0x06011b20                __movmemSI32
                0x06011b30                __movstrSI16
                0x06011b04                __movstrSI60
                0x06011b10                __movstrSI48
                0x06011b0c                __movstrSI52
                0x06011b04                __movmemSI60
                0x06011b24                __movmemSI28
                0x06011b08                __movmemSI56
                0x06011b00                __movstrSI64
                0x06011b14                __movstrSI44
                0x06011b34                __movmemSI12
                0x06011b38                __movmemSI8
                0x06011b18                __movstrSI40
                0x06011b1c                __movstrSI36
                0x06011b2c                __movmemSI20
                0x06011b50                __movstr
                0x06011b08                __movstrSI56
                0x06011b30                __movmemSI16
                0x06011b3c                __movmemSI4
                0x06011b50                __movmem
                0x06011b24                __movstrSI28
                0x06011b10                __movmemSI48
                0x06011b20                __movstrSI32
                0x06011b34                __movstrSI12
                0x06011b40                __movmemSI0
                0x06011b38                __movstrSI8
                0x06011b40                __movstrSI0
                0x06011b28                __movstrSI24
                0x06011b2c                __movstrSI20
                0x06011b28                __movmemSI24
                0x06011b0c                __movmemSI52
                0x06011b14                __movmemSI44
                0x06011b18                __movmemSI40
                0x06011b3c                __movstrSI4
                0x06011b1c                __movmemSI36
 .text          0x06011ba0       0xb0 d:/google drive/gamedev/saturn/jo engine/compiler/sh_coff/sh-coff/bin/../lib/gcc/sh-coff/4.0-GNUSH_v0601\libgcc.a(_si_to_df.o)
                0x06011ba0                __floatsidf
 .text          0x06011c50      0x3b0 d:/google drive/gamedev/saturn/jo engine/compiler/sh_coff/sh-coff/bin/../lib/gcc/sh-coff/4.0-GNUSH_v0601\libgcc.a(_mul_df.o)
                0x06011c60                __muldf3
 .text          0x06012000      0x100 d:/google drive/gamedev/saturn/jo engine/compiler/sh_coff/sh-coff/bin/../lib/gcc/sh-coff/4.0-GNUSH_v0601\libgcc.a(_df_to_si.o)
                0x06012000                __fixdfsi
 .text          0x06012100       0x70 d:/google drive/gamedev/saturn/jo engine/compiler/sh_coff/sh-coff/bin/../lib/gcc/sh-coff/4.0-GNUSH_v0601\libgcc.a(_udivsi3.o)
                0x06012122                __udivsi3
 .text          0x06012170       0xa0 d:/google drive/gamedev/saturn/jo engine/compiler/sh_coff/sh-coff/bin/../lib/gcc/sh-coff/4.0-GNUSH_v0601\libgcc.a(_sdivsi3.o)
                0x06012170                __sdivsi3
 .text          0x06012210       0x90 d:/google drive/gamedev/saturn/jo engine/compiler/sh_coff/sh-coff/bin/../lib/gcc/sh-coff/4.0-GNUSH_v0601\libgcc.a(_si_to_sf.o)
                0x06012210                __floatsisf
 .text          0x060122a0      0x170 d:/google drive/gamedev/saturn/jo engine/compiler/sh_coff/sh-coff/bin/../lib/gcc/sh-coff/4.0-GNUSH_v0601\libgcc.a(_mul_sf.o)
                0x060122a0                __mulsf3
 .text          0x06012410       0x90 d:/google drive/gamedev/saturn/jo engine/compiler/sh_coff/sh-coff/bin/../lib/gcc/sh-coff/4.0-GNUSH_v0601\libgcc.a(_ashiftlt.o)
                0x06012410                __ashlsi3
 .text          0x060124a0      0x120 d:/google drive/gamedev/saturn/jo engine/compiler/sh_coff/sh-coff/bin/../lib/gcc/sh-coff/4.0-GNUSH_v0601\libgcc.a(_div_sf.o)
                0x060124a0                __divsf3
 .text          0x060125c0      0x100 d:/google drive/gamedev/saturn/jo engine/compiler/sh_coff/sh-coff/bin/../lib/gcc/sh-coff/4.0-GNUSH_v0601\libgcc.a(_sf_to_df.o)
                0x060125c0                __extendsfdf2
 .text          0x060126c0       0xa0 d:/google drive/gamedev/saturn/jo engine/compiler/sh_coff/sh-coff/bin/../lib/gcc/sh-coff/4.0-GNUSH_v0601\libgcc.a(_sf_to_si.o)
                0x060126c0                __fixsfsi
 .text          0x06012760       0xa0 d:/google drive/gamedev/saturn/jo engine/compiler/sh_coff/sh-coff/bin/../lib/gcc/sh-coff/4.0-GNUSH_v0601\libgcc.a(__main.o)
                0x060127d4                __main
                0x06012760                __do_global_dtors
                0x06012794                __do_global_ctors
 .text          0x06012800       0x70 d:/google drive/gamedev/saturn/jo engine/compiler/sh_coff/sh-coff/bin/../lib/gcc/sh-coff/4.0-GNUSH_v0601\libgcc.a(_le_sf.o)
                0x06012800                __lesf2
 .text          0x06012870       0x70 d:/google drive/gamedev/saturn/jo engine/compiler/sh_coff/sh-coff/bin/../lib/gcc/sh-coff/4.0-GNUSH_v0601\libgcc.a(_ge_sf.o)
                0x06012870                __gesf2
 .text          0x060128e0       0x70 d:/google drive/gamedev/saturn/jo engine/compiler/sh_coff/sh-coff/bin/../lib/gcc/sh-coff/4.0-GNUSH_v0601\libgcc.a(_gt_sf.o)
                0x060128e0                __gtsf2
 .text          0x06012950       0x70 d:/google drive/gamedev/saturn/jo engine/compiler/sh_coff/sh-coff/bin/../lib/gcc/sh-coff/4.0-GNUSH_v0601\libgcc.a(_lt_sf.o)
                0x06012950                __ltsf2
 .text          0x060129c0      0x250 d:/google drive/gamedev/saturn/jo engine/compiler/sh_coff/sh-coff/bin/../lib/gcc/sh-coff/4.0-GNUSH_v0601\libgcc.a(_addsub_sf.o)
                0x06012b54                __subsf3
                0x06012bb4                __addsf3
 .text          0x06012c10       0x70 d:/google drive/gamedev/saturn/jo engine/compiler/sh_coff/sh-coff/bin/../lib/gcc/sh-coff/4.0-GNUSH_v0601\libgcc.a(_df_to_sf.o)
                0x06012c10                __truncdfsf2
 .text          0x06012c80      0x350 d:/google drive/gamedev/saturn/jo engine/compiler/sh_coff/sh-coff/bin/../lib/gcc/sh-coff/4.0-GNUSH_v0601\libgcc.a(_addsub_df.o)
                0x06012f0c                __subdf3
                0x06012f70                __adddf3
 .text          0x06012fd0       0x60 d:/google drive/gamedev/saturn/jo engine/compiler/sh_coff/sh-coff/bin/../lib/gcc/sh-coff/4.0-GNUSH_v0601\libgcc.a(_ashiftrt.o)
                0x06012fdc                __ashiftrt_r4_27
                0x06013010                __ashiftrt_r4_6
                0x06013000                __ashiftrt_r4_14
                0x06012ff2                __ashiftrt_r4_19
                0x0601300a                __ashiftrt_r4_9
                0x0601301e                __ashiftrt_r4_0
                0x06012fd0                __ashiftrt_r4_31
                0x06012fde                __ashiftrt_r4_26
                0x06012fec                __ashiftrt_r4_22
                0x06012ff8                __ashiftrt_r4_16
                0x06013004                __ashiftrt_r4_12
                0x06012fd8                __ashiftrt_r4_29
                0x06012ff6                __ashiftrt_r4_17
                0x06012fd6                __ashiftrt_r4_30
                0x06013012                __ashiftrt_r4_5
                0x0601300c                __ashiftrt_r4_8
                0x06012fd0                __ashiftrt_r4_32
                0x06012fe0                __ashiftrt_r4_25
                0x06013018                __ashiftrt_r4_2
                0x06012fe2                __ashiftrt_r4_24
                0x06012ffe                __ashiftrt_r4_15
                0x06013008                __ashiftrt_r4_10
                0x0601301a                __ashiftrt_r4_1
                0x06012fda                __ashiftrt_r4_28
                0x06012ff0                __ashiftrt_r4_20
                0x0601300e                __ashiftrt_r4_7
                0x06013002                __ashiftrt_r4_13
                0x06013006                __ashiftrt_r4_11
                0x06013014                __ashiftrt_r4_4
                0x06012fea                __ashiftrt_r4_23
                0x06012ff4                __ashiftrt_r4_18
                0x06012fee                __ashiftrt_r4_21
                0x06013016                __ashiftrt_r4_3
 .text          0x06013030       0x90 d:/google drive/gamedev/saturn/jo engine/compiler/sh_coff/sh-coff/bin/../lib/gcc/sh-coff/4.0-GNUSH_v0601\libgcc.a(_lshiftrt.o)
                0x06013030                __lshrsi3
 .text          0x060130c0      0x1b0 d:/google drive/gamedev/saturn/jo engine/compiler/sh_coff/sh-coff/bin/../lib/gcc/sh-coff/4.0-GNUSH_v0601\libgcc.a(_div_df.o)
                0x060130c8                __divdf3
 .text          0x06013270       0x90 d:/google drive/gamedev/saturn/jo engine/compiler/sh_coff/sh-coff/bin/../lib/gcc/sh-coff/4.0-GNUSH_v0601\libgcc.a(_ashiftrt_n.o)
                0x06013270                __ashrsi3
 .text          0x06013300      0x5f0 d:/google drive/gamedev/saturn/jo engine/compiler/sh_coff/sh-coff/bin/../lib/gcc/sh-coff/4.0-GNUSH_v0601\libgcc.a(_pack_df.o)
                0x06013310                __pack_d
 .text          0x060138f0      0x180 d:/google drive/gamedev/saturn/jo engine/compiler/sh_coff/sh-coff/bin/../lib/gcc/sh-coff/4.0-GNUSH_v0601\libgcc.a(_unpack_df.o)
                0x06013900                __unpack_d
 .text          0x06013a70       0xd0 d:/google drive/gamedev/saturn/jo engine/compiler/sh_coff/sh-coff/bin/../lib/gcc/sh-coff/4.0-GNUSH_v0601\libgcc.a(_muldi3.o)
                0x06013a70                __muldi3
 .text          0x06013b40       0x20 d:/google drive/gamedev/saturn/jo engine/compiler/sh_coff/sh-coff/bin/../lib/gcc/sh-coff/4.0-GNUSH_v0601\libgcc.a(_thenan_df.o)
                0x06013b40                __thenan_df
 .text          0x06013b60      0x1c0 d:/google drive/gamedev/saturn/jo engine/compiler/sh_coff/sh-coff/bin/../lib/gcc/sh-coff/4.0-GNUSH_v0601\libgcc.a(_pack_sf.o)
                0x06013b60                __pack_f
 .text          0x06013d20       0xc0 d:/google drive/gamedev/saturn/jo engine/compiler/sh_coff/sh-coff/bin/../lib/gcc/sh-coff/4.0-GNUSH_v0601\libgcc.a(_unpack_sf.o)
                0x06013d20                __unpack_f
 .text          0x06013de0       0x10 d:/google drive/gamedev/saturn/jo engine/compiler/sh_coff/sh-coff/bin/../lib/gcc/sh-coff/4.0-GNUSH_v0601\libgcc.a(_thenan_sf.o)
                0x06013de0                __thenan_sf
 .text          0x06013df0       0x30 d:/google drive/gamedev/saturn/jo engine/compiler/sh_coff/sh-coff/bin/../lib/gcc/sh-coff/4.0-GNUSH_v0601\libgcc.a(_make_df.o)
                0x06013df0                __make_dp
 .text          0x06013e20       0xa0 d:/google drive/gamedev/saturn/jo engine/compiler/sh_coff/sh-coff/bin/../lib/gcc/sh-coff/4.0-GNUSH_v0601\libgcc.a(_fpcmp_parts_sf.o)
                0x06013e20                __fpcmp_parts_f
 .text          0x06013ec0       0x30 d:/google drive/gamedev/saturn/jo engine/compiler/sh_coff/sh-coff/bin/../lib/gcc/sh-coff/4.0-GNUSH_v0601\libgcc.a(_make_sf.o)
                0x06013ec0                __make_fp
 .text          0x06013ef0       0x30 d:/google drive/gamedev/saturn/jo engine/compiler/sh_coff/sh-coff/bin/../lib/gcc/sh-coff/4.0-GNUSH_v0601\libgcc.a(_mulsi3.o)
                0x06013ef0                __mulsi3
 .text          0x06013f20       0xb0 d:/google drive/gamedev/saturn/jo engine/compiler/sh_coff/sh-coff/bin/../lib/gcc/sh-coff/4.0-GNUSH_v0601/../../../../sh-coff/lib\libc.a(sprintf.o)
                0x06013f70                sprintf
                0x06013f20                _sprintf_r
 .text          0x06013fd0       0xa0 d:/google drive/gamedev/saturn/jo engine/compiler/sh_coff/sh-coff/bin/../lib/gcc/sh-coff/4.0-GNUSH_v0601/../../../../sh-coff/lib\libc.a(memcpy.o)
                0x06013fd0                memcpy
 .text          0x06014070       0x80 d:/google drive/gamedev/saturn/jo engine/compiler/sh_coff/sh-coff/bin/../lib/gcc/sh-coff/4.0-GNUSH_v0601/../../../../sh-coff/lib\libc.a(memcmp.o)
                0x06014070                memcmp
 .text          0x060140f0      0x100 d:/google drive/gamedev/saturn/jo engine/compiler/sh_coff/sh-coff/bin/../lib/gcc/sh-coff/4.0-GNUSH_v0601/../../../../sh-coff/lib\libc.a(strncmp.o)
                0x060140f0                strncmp
 .text          0x060141f0       0xd0 d:/google drive/gamedev/saturn/jo engine/compiler/sh_coff/sh-coff/bin/../lib/gcc/sh-coff/4.0-GNUSH_v0601/../../../../sh-coff/lib\libc.a(strncpy.o)
                0x060141f0                strncpy
 .text          0x060142c0       0x40 d:/google drive/gamedev/saturn/jo engine/compiler/sh_coff/sh-coff/bin/../lib/gcc/sh-coff/4.0-GNUSH_v0601/../../../../sh-coff/lib\libc.a(memset.o)
                0x060142c0                memset
 .text          0x06014300       0x90 d:/google drive/gamedev/saturn/jo engine/compiler/sh_coff/sh-coff/bin/../lib/gcc/sh-coff/4.0-GNUSH_v0601/../../../../sh-coff/lib\libc.a(atexit.o)
                0x06014300                atexit
 .text          0x06014390     0x1d20 d:/google drive/gamedev/saturn/jo engine/compiler/sh_coff/sh-coff/bin/../lib/gcc/sh-coff/4.0-GNUSH_v0601/../../../../sh-coff/lib\libc.a(vfprintf.o)
                0x06014448                _vfprintf_r
                0x06016088                vfprintf
 .text          0x060160b0       0x10 d:/google drive/gamedev/saturn/jo engine/compiler/sh_coff/sh-coff/bin/../lib/gcc/sh-coff/4.0-GNUSH_v0601/../../../../sh-coff/lib\libc.a(impure.o)
                0x060160b0                _global_impure_ptr
 .text          0x060160c0       0x40 d:/google drive/gamedev/saturn/jo engine/compiler/sh_coff/sh-coff/bin/../lib/gcc/sh-coff/4.0-GNUSH_v0601/../../../../sh-coff/lib\libc.a(malloc.o)
                0x060160dc                free
                0x060160c0                malloc
 .text          0x06016100      0x300 d:/google drive/gamedev/saturn/jo engine/compiler/sh_coff/sh-coff/bin/../lib/gcc/sh-coff/4.0-GNUSH_v0601/../../../../sh-coff/lib\libc.a(fvwrite.o)
                0x06016100                __sfvwrite
 .text          0x06016400      0x100 d:/google drive/gamedev/saturn/jo engine/compiler/sh_coff/sh-coff/bin/../lib/gcc/sh-coff/4.0-GNUSH_v0601/../../../../sh-coff/lib\libc.a(locale.o)
                0x060164c8                setlocale
                0x06016448                _setlocale_r
                0x060164a4                __locale_charset
                0x060164e8                localeconv
                0x060164b8                _localeconv_r
 .text          0x06016500      0x360 d:/google drive/gamedev/saturn/jo engine/compiler/sh_coff/sh-coff/bin/../lib/gcc/sh-coff/4.0-GNUSH_v0601/../../../../sh-coff/lib\libc.a(freer.o)
                0x06016500                _malloc_trim_r
                0x060165e8                _free_r
 .text          0x06016860       0x20 d:/google drive/gamedev/saturn/jo engine/compiler/sh_coff/sh-coff/bin/../lib/gcc/sh-coff/4.0-GNUSH_v0601/../../../../sh-coff/lib\libc.a(strlen.o)
                0x06016860                strlen
 .text          0x06016880      0x270 d:/google drive/gamedev/saturn/jo engine/compiler/sh_coff/sh-coff/bin/../lib/gcc/sh-coff/4.0-GNUSH_v0601/../../../../sh-coff/lib\libc.a(findfp.o)
                0x06016994                __sfp
                0x0601691c                __sfp_lock_acquire
                0x06016ac4                __fp_unlock_all
                0x06016988                __sfp_lock_release
                0x06016928                __sinit
                0x06016a74                _cleanup
                0x06016aa4                __fp_lock_all
                0x06016a5c                _cleanup_r
                0x060168c4                __sfmoreglue
 .text          0x06016af0       0xd0 d:/google drive/gamedev/saturn/jo engine/compiler/sh_coff/sh-coff/bin/../lib/gcc/sh-coff/4.0-GNUSH_v0601/../../../../sh-coff/lib\libc.a(fflush.o)
                0x06016af0                fflush
 .text          0x06016bc0       0xf0 d:/google drive/gamedev/saturn/jo engine/compiler/sh_coff/sh-coff/bin/../lib/gcc/sh-coff/4.0-GNUSH_v0601/../../../../sh-coff/lib\libc.a(wsetup.o)
                0x06016bc0                __swsetup
 .text          0x06016cb0       0x70 d:/google drive/gamedev/saturn/jo engine/compiler/sh_coff/sh-coff/bin/../lib/gcc/sh-coff/4.0-GNUSH_v0601/../../../../sh-coff/lib\libc.a(wcrtomb.o)
                0x06016cb0                _wcrtomb_r
                0x06016cfc                wcrtomb
 .text          0x06016d20       0x40 d:/google drive/gamedev/saturn/jo engine/compiler/sh_coff/sh-coff/bin/../lib/gcc/sh-coff/4.0-GNUSH_v0601/../../../../sh-coff/lib\libc.a(s_isinf.o)
                0x06016d20                isinf
 .text          0x06016d60       0xd0 d:/google drive/gamedev/saturn/jo engine/compiler/sh_coff/sh-coff/bin/../lib/gcc/sh-coff/4.0-GNUSH_v0601/../../../../sh-coff/lib\libc.a(memchr.o)
                0x06016d60                memchr
 .text          0x06016e30      0x6a0 d:/google drive/gamedev/saturn/jo engine/compiler/sh_coff/sh-coff/bin/../lib/gcc/sh-coff/4.0-GNUSH_v0601/../../../../sh-coff/lib\libc.a(mallocr.o)
                0x06016e30                _malloc_r
 .text          0x060174d0      0x130 d:/google drive/gamedev/saturn/jo engine/compiler/sh_coff/sh-coff/bin/../lib/gcc/sh-coff/4.0-GNUSH_v0601/../../../../sh-coff/lib\libc.a(wcsrtombs.o)
                0x060174d0                _wcsrtombs_r
                0x060175c4                wcsrtombs
 .text          0x06017600       0x40 d:/google drive/gamedev/saturn/jo engine/compiler/sh_coff/sh-coff/bin/../lib/gcc/sh-coff/4.0-GNUSH_v0601/../../../../sh-coff/lib\libc.a(s_isnan.o)
                0x06017600                isnan
 .text          0x06017640     0x1310 d:/google drive/gamedev/saturn/jo engine/compiler/sh_coff/sh-coff/bin/../lib/gcc/sh-coff/4.0-GNUSH_v0601/../../../../sh-coff/lib\libc.a(dtoa.o)
                0x060177e4                _dtoa_r
 .text          0x06018950       0xe0 d:/google drive/gamedev/saturn/jo engine/compiler/sh_coff/sh-coff/bin/../lib/gcc/sh-coff/4.0-GNUSH_v0601/../../../../sh-coff/lib\libc.a(memmove.o)
                0x06018950                memmove
 .text          0x06018a30      0x450 d:/google drive/gamedev/saturn/jo engine/compiler/sh_coff/sh-coff/bin/../lib/gcc/sh-coff/4.0-GNUSH_v0601/../../../../sh-coff/lib\libc.a(reallocr.o)
                0x06018a30                _realloc_r
 .text          0x06018e80       0x30 d:/google drive/gamedev/saturn/jo engine/compiler/sh_coff/sh-coff/bin/../lib/gcc/sh-coff/4.0-GNUSH_v0601/../../../../sh-coff/lib\libc.a(strcmp.o)
                0x06018e80                strcmp
 .text          0x06018eb0       0x20 d:/google drive/gamedev/saturn/jo engine/compiler/sh_coff/sh-coff/bin/../lib/gcc/sh-coff/4.0-GNUSH_v0601/../../../../sh-coff/lib\libc.a(mlock.o)
                0x06018eb0                __malloc_lock
                0x06018ebc                __malloc_unlock
 .text          0x06018ed0       0x50 d:/google drive/gamedev/saturn/jo engine/compiler/sh_coff/sh-coff/bin/../lib/gcc/sh-coff/4.0-GNUSH_v0601/../../../../sh-coff/lib\libc.a(sbrkr.o)
                0x06018ed0                _sbrk_r
 .text          0x06018f20      0x170 d:/google drive/gamedev/saturn/jo engine/compiler/sh_coff/sh-coff/bin/../lib/gcc/sh-coff/4.0-GNUSH_v0601/../../../../sh-coff/lib\libc.a(stdio.o)
                0x06018f78                __swrite
                0x06019068                __sclose
                0x06018f20                __sread
                0x06019008                __sseek
 .text          0x06019090      0x130 d:/google drive/gamedev/saturn/jo engine/compiler/sh_coff/sh-coff/bin/../lib/gcc/sh-coff/4.0-GNUSH_v0601/../../../../sh-coff/lib\libc.a(fclose.o)
                0x06019090                _fclose_r
                0x0601919c                fclose
 .text          0x060191c0      0x200 d:/google drive/gamedev/saturn/jo engine/compiler/sh_coff/sh-coff/bin/../lib/gcc/sh-coff/4.0-GNUSH_v0601/../../../../sh-coff/lib\libc.a(fwalk.o)
                0x06019334                _fwalk_reent
                0x060192b0                _fwalk
 .text          0x060193c0      0x150 d:/google drive/gamedev/saturn/jo engine/compiler/sh_coff/sh-coff/bin/../lib/gcc/sh-coff/4.0-GNUSH_v0601/../../../../sh-coff/lib\libc.a(makebuf.o)
                0x060193c0                __smakebuf
 .text          0x06019510      0x2c0 d:/google drive/gamedev/saturn/jo engine/compiler/sh_coff/sh-coff/bin/../lib/gcc/sh-coff/4.0-GNUSH_v0601/../../../../sh-coff/lib\libc.a(wctomb_r.o)
                0x06019530                _wctomb_r
 .text          0x060197d0      0xdc0 d:/google drive/gamedev/saturn/jo engine/compiler/sh_coff/sh-coff/bin/../lib/gcc/sh-coff/4.0-GNUSH_v0601/../../../../sh-coff/lib\libc.a(mprec.o)
                0x0601a010                __mcmp
                0x0601a494                _ratio
                0x06019c6c                _i2b
                0x0601a20c                _b2d
                0x06019a64                _s2b
                0x06019b3c                _hi0bits
                0x06019e40                _pow5mult
                0x0601a054                __mdiff
                0x06019f18                _lshift
                0x06019c90                _multiply
                0x0601a360                _d2b
                0x060198e8                _Balloc
                0x060197d0                __mprec_tinytens
                0x0601a528                _mprec_log10
                0x060197f8                __mprec_bigtens
                0x0601a174                _ulp
                0x06019978                _Bfree
                0x06019820                __mprec_tens
                0x06019ba4                _lo0bits
                0x06019998                _multadd
 .text          0x0601a590      0x390 d:/google drive/gamedev/saturn/jo engine/compiler/sh_coff/sh-coff/bin/../lib/gcc/sh-coff/4.0-GNUSH_v0601/../../../../sh-coff/lib\libc.a(syscalls.o)
                0x0601a700                _exit
                0x0601a734                _getpid
                0x0601a79c                _utime
                0x0601a5c8                _write
                0x0601a590                _read
                0x0601a6e8                _unlink
                0x0601a6b0                _open
                0x0601a74c                _stat
                0x0601a6f4                isatty
                0x0601a7cc                _wait
                0x0601a718                _kill
                0x0601a768                _chmod
                0x0601a7fc                _execv
                0x0601a7e0                _execve
                0x0601a8dc                __setup_argv_and_call_main
                0x0601a834                _gettimeofday
                0x0601a5fc                _link
                0x0601a740                _raise
                0x0601a6cc                _creat
                0x0601a814                _pipe
                0x0601a780                _chown
                0x0601a5ac                _lseek
                0x0601a5e4                _close
                0x0601a828                _times
                0x0601a69c                _fstat
                0x0601a7b8                _fork
                0x0601a624                _sbrk
 .text          0x0601a920       0x50 d:/google drive/gamedev/saturn/jo engine/compiler/sh_coff/sh-coff/bin/../lib/gcc/sh-coff/4.0-GNUSH_v0601/../../../../sh-coff/lib\libc.a(readr.o)
                0x0601a920                _read_r
 .text          0x0601a970       0x50 d:/google drive/gamedev/saturn/jo engine/compiler/sh_coff/sh-coff/bin/../lib/gcc/sh-coff/4.0-GNUSH_v0601/../../../../sh-coff/lib\libc.a(writer.o)
                0x0601a970                _write_r
 .text          0x0601a9c0       0x50 d:/google drive/gamedev/saturn/jo engine/compiler/sh_coff/sh-coff/bin/../lib/gcc/sh-coff/4.0-GNUSH_v0601/../../../../sh-coff/lib\libc.a(lseekr.o)
                0x0601a9c0                _lseek_r
 .text          0x0601aa10       0x50 d:/google drive/gamedev/saturn/jo engine/compiler/sh_coff/sh-coff/bin/../lib/gcc/sh-coff/4.0-GNUSH_v0601/../../../../sh-coff/lib\libc.a(closer.o)
                0x0601aa10                _close_r
 .text          0x0601aa60       0x50 d:/google drive/gamedev/saturn/jo engine/compiler/sh_coff/sh-coff/bin/../lib/gcc/sh-coff/4.0-GNUSH_v0601/../../../../sh-coff/lib\libc.a(fstatr.o)
                0x0601aa60                _fstat_r
 .text          0x0601aab0       0xa0 d:/google drive/gamedev/saturn/jo engine/compiler/sh_coff/sh-coff/bin/../lib/gcc/sh-coff/4.0-GNUSH_v0601/../../../../sh-coff/lib\libc.a(callocr.o)
                0x0601aab0                _calloc_r
 .text          0x0601ab50       0x20 d:/google drive/gamedev/saturn/jo engine/compiler/sh_coff/sh-coff/bin/../lib/gcc/sh-coff/4.0-GNUSH_v0601/../../../../sh-coff/lib\libc.a(trap.o)
                0x0601ab50                __trap34
 .text          0x0601ab70       0x20 d:/google drive/gamedev/saturn/jo engine/compiler/sh_coff/sh-coff/bin/../lib/gcc/sh-coff/4.0-GNUSH_v0601/../../../../sh-coff/lib\libc.a(abort.o)
                0x0601ab70                abort
 .text          0x0601ab90      0x260 d:/google drive/gamedev/saturn/jo engine/compiler/sh_coff/sh-coff/bin/../lib/gcc/sh-coff/4.0-GNUSH_v0601/../../../../sh-coff/lib\libc.a(signal.o)
                0x0601ac4c                _raise_r
                0x0601add0                __sigtramp
                0x0601ad7c                raise
                0x0601adb8                _init_signal
                0x0601ad08                __sigtramp_r
                0x0601ad98                signal
                0x0601abdc                _signal_r
                0x0601ab90                _init_signal_r
 .text          0x0601adf0       0x60 d:/google drive/gamedev/saturn/jo engine/compiler/sh_coff/sh-coff/bin/../lib/gcc/sh-coff/4.0-GNUSH_v0601/../../../../sh-coff/lib\libc.a(signalr.o)
                0x0601ae38                _getpid_r
                0x0601adf0                _kill_r
 .text          0x0601ae50       0x70 d:/google drive/gamedev/saturn/jo engine/compiler/sh_coff/sh-coff/bin/../lib/gcc/sh-coff/4.0-GNUSH_v0601\libgcc.a(_eq_df.o)
                0x0601ae50                __eqdf2
 .text          0x0601aec0       0x70 d:/google drive/gamedev/saturn/jo engine/compiler/sh_coff/sh-coff/bin/../lib/gcc/sh-coff/4.0-GNUSH_v0601\libgcc.a(_ne_df.o)
                0x0601aec0                __nedf2
 .text          0x0601af30       0x70 d:/google drive/gamedev/saturn/jo engine/compiler/sh_coff/sh-coff/bin/../lib/gcc/sh-coff/4.0-GNUSH_v0601\libgcc.a(_lt_df.o)
                0x0601af30                __ltdf2
 .text          0x0601afa0      0x610 d:/google drive/gamedev/saturn/jo engine/compiler/sh_coff/sh-coff/bin/../lib/gcc/sh-coff/4.0-GNUSH_v0601\libgcc.a(_udivdi3.o)
                0x0601afa0                __udivdi3
 .text          0x0601b5b0      0x600 d:/google drive/gamedev/saturn/jo engine/compiler/sh_coff/sh-coff/bin/../lib/gcc/sh-coff/4.0-GNUSH_v0601\libgcc.a(_umoddi3.o)
                0x0601b5b0                __umoddi3
 .text          0x0601bbb0       0x70 d:/google drive/gamedev/saturn/jo engine/compiler/sh_coff/sh-coff/bin/../lib/gcc/sh-coff/4.0-GNUSH_v0601\libgcc.a(_gt_df.o)
                0x0601bbb0                __gtdf2
 .text          0x0601bc20       0x70 d:/google drive/gamedev/saturn/jo engine/compiler/sh_coff/sh-coff/bin/../lib/gcc/sh-coff/4.0-GNUSH_v0601\libgcc.a(_ge_df.o)
                0x0601bc20                __gedf2
 .text          0x0601bc90       0xb0 d:/google drive/gamedev/saturn/jo engine/compiler/sh_coff/sh-coff/bin/../lib/gcc/sh-coff/4.0-GNUSH_v0601\libgcc.a(_fpcmp_parts_df.o)
                0x0601bc90                __fpcmp_parts_d
 .text          0x0601bd40      0x100 d:/google drive/gamedev/saturn/jo engine/compiler/sh_coff/sh-coff/bin/../lib/gcc/sh-coff/4.0-GNUSH_v0601\libgcc.a(_clz.o)
                0x0601bd40                __clz_tab
 *(.strings)
                0x0601be40                __etext = .

.rodata
 *(.rodata)

SLPROG          0x0601be40    0x11b50
                0x0601be40                __slprog_start = .
 *(SLPROG)
 SLPROG         0x0601be40     0x6540 ../../Compiler/SGL_302j/LIB_COFF/SGLAREA.O
                0x0601be5c                SpriteBuf
                0x0601be80                RemainEvent
                0x0601be4c                SortList
                0x0601be4a                MaxPolygons
                0x0601be68                CommandBuf
                0x0601be7c                MaxWorks
                0x0601be7e                WorkSize
                0x0601be74                PCM_WkSize
                0x0601be6c                CLOfstBuf
                0x0601bf80                RemainWork
                0x0601be70                PCM_Work
                0x0601be40                MasterStack
                0x0601be44                SlaveStack
                0x0601be48                MaxVertices
                0x0601be78                MaxEvents
                0x0601be58                Zbuffer
                0x0601be60                SpriteBufSize
                0x0601e380                WorkBuf
                0x0601be54                TransList
                0x0601be64                Pbuffer
                0x0601be50                SortListSize
                0x0601be7a                EventSize
                0x0601c380                EventBuf
 SLPROG         0x06022380     0x1218 ../../Compiler/SGL_302j/LIB_COFF/LIBSGL.A(sglC08.o)
                0x06022380                slPutPolygon
                0x06022ffc                MsCalcDepthFlat
 *fill*         0x06023598        0x8 00
 SLPROG         0x060235a0       0x48 ../../Compiler/SGL_302j/LIB_COFF/LIBSGL.A(sglA21.o)
                0x060235d4                slPopMatrix
                0x060235a0                slPushMatrix
                0x060235d4                slDecMatrixPtr
 *fill*         0x060235e8        0x8 00
 SLPROG         0x060235f0       0x78 ../../Compiler/SGL_302j/LIB_COFF/LIBSGL.A(sglA18.o)
                0x060235fa                slRotYSC
                0x060235f0                slRotY
 *fill*         0x06023668        0x8 00
 SLPROG         0x06023670       0x50 ../../Compiler/SGL_302j/LIB_COFF/LIBSGL.A(sglA27.o)
                0x06023670                slTranslate
 SLPROG         0x060236c0       0x70 ../../Compiler/SGL_302j/LIB_COFF/LIBSGL.A(sglA28.o)
                0x060236c0                slScale
 SLPROG         0x06023730      0x42c ../../Compiler/SGL_302j/LIB_COFF/LIBSGL.A(sglA20.o)
                0x06023730                slInitMatrix
                0x0602374e                slUnitMatrix
                0x0602373a                slPushUnitMatrix
 *fill*         0x06023b5c        0x4 00
 SLPROG         0x06023b60       0x4e ../../Compiler/SGL_302j/LIB_COFF/LIBSGL.A(sglF00.o)
                0x06023b7a                slLocate
                0x06023b70                slCurColor
                0x06023bac                CurrentScreen
                0x06023b60                slCurScrn
 *fill*         0x06023bae        0x2 00
 SLPROG         0x06023bb0      0x12a ../../Compiler/SGL_302j/LIB_COFF/LIBSGL.A(sglF03.o)
                0x06023bb0                slPrintFX
 *fill*         0x06023cda        0x6 00
 SLPROG         0x06023ce0      0x3a4 ../../Compiler/SGL_302j/LIB_COFF/LIBSGL.A(sglI01.o)
                0x06023eca                RetPCMBuf
                0x06024004                Sound_Buf
                0x06023ce0                slInitSynch
                0x06023df0                slRandom
                0x06023f64                PCM_Buf
                0x06023cfa                slSynch
                0x06023e0e                PCM_EndCheck
 *fill*         0x06024084        0xc 00
 SLPROG         0x06024090       0x2c ../../Compiler/SGL_302j/LIB_COFF/LIBSGL.A(sglC04.o)
                0x06024090                slZdspLevel
 *fill*         0x060240bc        0x4 00
 SLPROG         0x060240c0      0x40c ../../Compiler/SGL_302j/LIB_COFF/LIBSGL.A(sglB015.o)
                0x060240c0                slScrAutoDisp
 *fill*         0x060244cc        0x4 00
 SLPROG         0x060244d0       0x1c ../../Compiler/SGL_302j/LIB_COFF/LIBSGL.A(sglF05.o)
                0x060244d0                slPrint
 *fill*         0x060244ec        0x4 00
 SLPROG         0x060244f0       0x84 ../../Compiler/SGL_302j/LIB_COFF/LIBSGL.A(sglD00.o)
                0x060244f0                slDMACopy
                0x060244f0                slCpuDMACopy
                0x0602454a                slCashPurge
                0x0602454a                CSH_AllClr
 *fill*         0x06024574        0xc 00
 SLPROG         0x06024580       0x10 ../../Compiler/SGL_302j/LIB_COFF/LIBSGL.A(sglD02.o)
                0x06024580                slDMAWait
 SLPROG         0x06024590      0x114 ../../Compiler/SGL_302j/LIB_COFF/LIBSGL.A(sglB200.o)
                0x0602459c                slCharNbg0
                0x060245e2                slPageRbg0
                0x060245f8                slPageNbg1
                0x060245a8                slCharNbg1
                0x06024614                slPageNbg0
                0x06024600                slPageNbg2
                0x06024608                slPageNbg3
                0x060245b4                slCharNbg2
                0x060245ca                slCharNbg3
                0x06024590                slCharRbg0
 *fill*         0x060246a4        0xc 00
 SLPROG         0x060246b0       0x10 ../../Compiler/SGL_302j/LIB_COFF/LIBSGL.A(sglB058.o)
                0x060246b0                slPlaneNbg3
 SLPROG         0x060246c0        0xc ../../Compiler/SGL_302j/LIB_COFF/LIBSGL.A(sglB063.o)
                0x060246c0                slPriority
 *fill*         0x060246cc        0x4 00
 SLPROG         0x060246d0       0xb4 ../../Compiler/SGL_302j/LIB_COFF/LIBSGL.A(sglB034.o)
                0x060246d0                slMapNbg3
 *fill*         0x06024784        0xc 00
 SLPROG         0x06024790       0x24 ../../Compiler/SGL_302j/LIB_COFF/LIBSGL.A(sglB010.o)
                0x06024790                slBitMapNbg0
 *fill*         0x060247b4        0xc 00
 SLPROG         0x060247c0       0x14 ../../Compiler/SGL_302j/LIB_COFF/LIBSGL.A(sglB061.o)
                0x060247c0                slBMPalette
 *fill*         0x060247d4        0xc 00
 SLPROG         0x060247e0        0xc ../../Compiler/SGL_302j/LIB_COFF/LIBSGL.A(sglB016.o)
                0x060247e0                slBack1ColSet
 *fill*         0x060247ec        0x4 00
 SLPROG         0x060247f0       0x10 ../../Compiler/SGL_302j/LIB_COFF/LIBSGL.A(sglB028.o)
                0x060247f0                slColOffsetB
 SLPROG         0x06024800        0x8 ../../Compiler/SGL_302j/LIB_COFF/LIBSGL.A(sglB024.o)
                0x06024800                slColOffsetOn
 *fill*         0x06024808        0x8 00
 SLPROG         0x06024810       0x10 ../../Compiler/SGL_302j/LIB_COFF/LIBSGL.A(sglB025.o)
                0x06024810                slColOffsetBUse
 SLPROG         0x06024820       0x20 ../../Compiler/SGL_302j/LIB_COFF/LIBSGL.A(sglB001.o)
                0x06024820                slTVOn
                0x0602482a                slTVOff
 SLPROG         0x06024840       0x24 ../../Compiler/SGL_302j/LIB_COFF/LIBSGL.A(sglB011.o)
                0x06024840                slBitMapNbg1
 *fill*         0x06024864        0xc 00
 SLPROG         0x06024870        0xc ../../Compiler/SGL_302j/LIB_COFF/LIBSGL.A(sglB071.o)
                0x06024870                slScrPosNbg1
 *fill*         0x0602487c        0x4 00
 SLPROG         0x06024880       0x34 ../../Compiler/SGL_302j/LIB_COFF/LIBSGL.A(sglB070.o)
                0x06024880                slScrPosNbg0
 *fill*         0x060248b4        0xc 00
 SLPROG         0x060248c0       0x10 ../../Compiler/SGL_302j/LIB_COFF/LIBSGL.A(sglB027.o)
                0x060248c0                slColOffsetA
 SLPROG         0x060248d0       0x10 ../../Compiler/SGL_302j/LIB_COFF/LIBSGL.A(sglA08.o)
                0x060248d0                slInnerProduct
 SLPROG         0x060248e0     0x411e ../../Compiler/SGL_302j/LIB_COFF/LIBSGL.A(sglA01.o)
                0x060249bc                sin_cos_index_tbl
                0x060248e0                slSin
                0x060249fc                sin_tbl
                0x06024928                GetSinCos
                0x06024904                slCos
 *fill*         0x060289fe        0x2 00
 SLPROG         0x06028a00        0xa ../../Compiler/SGL_302j/LIB_COFF/LIBSGL.A(sglA06.o)
                0x06028a00                slMulFX
 *fill*         0x06028a0a        0x6 00
 SLPROG         0x06028a10       0x14 ../../Compiler/SGL_302j/LIB_COFF/LIBSGL.A(sglA07.o)
                0x06028a10                slDivFX
 *fill*         0x06028a24        0xc 00
 SLPROG         0x06028a30       0x14 ../../Compiler/SGL_302j/LIB_COFF/LIBSGL.A(sglF11.o)
                0x06028a30                slAng2FX
 *fill*         0x06028a44        0xc 00
 SLPROG         0x06028a50      0xfc8 ../../Compiler/SGL_302j/LIB_COFF/LIBSGL.A(sglH00.o)
                0x06028aec                slSetPortData1
                0x06028adc                slGetPortData1
                0x060292ca                slSetPortMode1
                0x06029504                Smpc_Status
                0x06028aa2                slSetPortDir2
                0x060290e8                slSmpcCashSend
                0x06028b08                slGetPortSelect1
                0x06028eee                slIntBackCancel
                0x06028ba0                slSetPortExt1
                0x060292b0                slGetPortMode1
                0x060291a4                slSmpcCashBlow
                0x06029494                slRequestCommand
                0x06029534                SmpcStatusBuf
                0x06028af6                slSetPortData2
                0x06028e56                slSetResultBuffer
                0x06028b8c                slGetPortExt1
                0x06028bd0                slSetPortExt2
                0x06028a70                slGetPortDir2
                0x06028b96                slGetPortExt2
                0x06028f22                slClearReset
                0x06028f18                slCheckReset
                0x06028a78                slSetPortDir1
                0x06028b50                slSetPortSelect2
                0x06028b1c                slSetPortSelect1
                0x060292bc                slGetPortMode2
                0x06028b12                slGetPortSelect2
                0x06028a68                slGetPortDir1
                0x06028ae4                slGetPortData2
                0x0602928a                slSetOptimize
                0x06029280                slGetOptimize
                0x06028d44                slSmpcDirectAccess
                0x06029512                Per_Connect1
                0x06028dc4                slInitPeripheral
                0x06028ee2                slCheckIntBackSet
                0x06029513                Per_Connect2
                0x0602950c                Smpc_Peripheral
                0x06029308                slSetPortMode2
                0x06029508                Smpc_Result
 *fill*         0x06029a18        0x8 00
 SLPROG         0x06029a20       0x38 ../../Compiler/SGL_302j/LIB_COFF/LIBSGL.A(sglA05.o)
                0x06029a20                slSquart
                0x06029a4c                slSquartFX
 *fill*         0x06029a58        0x8 00
 SLPROG         0x06029a60       0x18 ../../Compiler/SGL_302j/LIB_COFF/LIBSGL.A(sglA15.o)
                0x06029a60                slSlaveFunc
 *fill*         0x06029a78        0x8 00
 SLPROG         0x06029a80        0xc ../../Compiler/SGL_302j/LIB_COFF/LIBSGL.A(sglB056.o)
                0x06029a80                slPlaneNbg1
 *fill*         0x06029a8c        0x4 00
 SLPROG         0x06029a90       0xb4 ../../Compiler/SGL_302j/LIB_COFF/LIBSGL.A(sglB032.o)
                0x06029a90                slMapNbg1
 *fill*         0x06029b44        0xc 00
 SLPROG         0x06029b50        0xc ../../Compiler/SGL_302j/LIB_COFF/LIBSGL.A(sglB053.o)
                0x06029b50                slZoomNbg1
 *fill*         0x06029b5c        0x4 00
 SLPROG         0x06029b60       0xa8 ../../Compiler/SGL_302j/LIB_COFF/LIBSGL.A(sglH01.o)
                0x06029bc0                slSetSoundOutput
                0x06029b98                slSetSoundEffect
                0x06029b8c                slGetSoundEffect
                0x06029bb4                slGetSoundOutput
                0x06029bdc                slGetHelpWindow
                0x06029b60                slGetLanguage
                0x06029b6a                slSetLanguage
                0x06029be8                slSetHelpWindow
 *fill*         0x06029c08        0x8 00
 SLPROG         0x06029c10      0x162 ../../Compiler/SGL_302j/LIB_COFF/LIBSGL.A(sglC07.o)
                0x06029c16                slPutSprite
 *fill*         0x06029d72        0xe 00
 SLPROG         0x06029d80       0xfa ../../Compiler/SGL_302j/LIB_COFF/LIBSGL.A(sglC06.o)
                0x06029d80                slDispSprite
 *fill*         0x06029e7a        0x6 00
 SLPROG         0x06029e80       0x84 ../../Compiler/SGL_302j/LIB_COFF/LIBSGL.A(sglD16.o)
                0x06029ec8                DMA_SCU_PRM0
                0x06029e80                DMA_ScuSetPrm
 *fill*         0x06029f04        0xc 00
 SLPROG         0x06029f10       0x88 ../../Compiler/SGL_302j/LIB_COFF/LIBSGL.A(sglD17.o)
                0x06029f10                DMA_ScuStart
 *fill*         0x06029f98        0x8 00
 SLPROG         0x06029fa0       0x20 ../../Compiler/SGL_302j/LIB_COFF/LIBSGL.A(sglD15.o)
                0x06029fa0                CSH_Purge
 SLPROG         0x06029fc0       0x34 ../../Compiler/SGL_302j/LIB_COFF/LIBSGL.A(sglD18.o)
                0x06029fc0                DMA_ScuGetStatus
 *fill*         0x06029ff4        0xc 00
 SLPROG         0x0602a000       0xa0 ../../Compiler/SGL_302j/LIB_COFF/LIBSGL.A(sglD01.o)
                0x0602a000                slDMAXCopy
 SLPROG         0x0602a0a0        0xc ../../Compiler/SGL_302j/LIB_COFF/LIBSGL.A(sglD03.o)
                0x0602a0a0                slDMAStatus
 *fill*         0x0602a0ac        0x4 00
 SLPROG         0x0602a0b0     0x12b8 ../../Compiler/SGL_302j/LIB_COFF/LIBSGL.A(sglJ02.o)
                0x0602b2e4                stvtc_1
                0x0602b01c                stvtc_4
                0x0602afdc                SetPolygon
                0x0602b0d4                stvtc_3
                0x0602b30c                stvtc_0
                0x0602afe4                SetPosition
                0x0602a298                sbCalcPolygon
                0x0602afd0                SetTexture
                0x0602a0b0                sbMakePolygon
                0x0602b2f8                stvtc_2
 *fill*         0x0602b368        0x8 00
 SLPROG         0x0602b370       0x6a ../../Compiler/SGL_302j/LIB_COFF/LIBSGL.A(sglM01.o)
                0x0602b39c                slSetDepthTbl
                0x0602b3cc                DepthWorkArea
                0x0602b370                slSetDepthLimit
 *fill*         0x0602b3da        0x6 00
 SLPROG         0x0602b3e0       0xd4 ../../Compiler/SGL_302j/LIB_COFF/LIBSGL.A(sglB035.o)
                0x0602b3e0                sl1MapRA
                0x0602b472                rbank_set
 *fill*         0x0602b4b4        0xc 00
 SLPROG         0x0602b4c0      0x470 ../../Compiler/SGL_302j/LIB_COFF/LIBSGL.A(sglH02.o)
                0x0602b8b0                smpc_pfr_tbl
                0x0602b8f0                smpc_ptf_tbl
 SLPROG         0x0602b930       0x60 ../../Compiler/SGL_302j/LIB_COFF/LIBSGL.A(sglH04.o)
                0x0602b95a                slComPrmSetTime
                0x0602b930                slComPrmIntBack
                0x0602b944                slComPrmSetMemory
 SLPROG         0x0602b990       0x20 ../../Compiler/SGL_302j/LIB_COFF/LIBSGL.A(sglA00.o)
                0x0602b9a4                get_imask
                0x0602b990                set_imask
                0x0602b990                _builtin_set_imask
                0x0602b9a4                _builtin_get_imask
 SLPROG         0x0602b9b0       0x74 ../../Compiler/SGL_302j/LIB_COFF/LIBSGL.A(sglJ00.o)
                0x0602b9b0                InitSlaveSH
                0x0602ba18                SlaveCommand
 *fill*         0x0602ba24        0xc 00
 SLPROG         0x0602ba30      0xbd0 ../../Compiler/SGL_302j/LIB_COFF/LIBSGL.A(sglB000.o)
                0x0602ba30                slInitScroll
                0x0602bc90                TVSizeTbl
                0x0602bb80                setASC_4to8
                0x0602bd10                TVModeTbl
                0x0602bb50                setASC_1to8
                0x0602bee8                SGL_ASCII_CG
 SLPROG         0x0602c600      0x3d0 ../../Compiler/SGL_302j/LIB_COFF/LIBSGL.A(sglJ01.o)
                0x0602c600                SlaveControl
                0x0602c9bc                ErasePolygonData
 SLPROG         0x0602c9d0      0x75c ../../Compiler/SGL_302j/LIB_COFF/LIBSGL.A(sglI00.o)
                0x0602ccc0                slInitInterrupt
 *fill*         0x0602d12c        0x4 00
 SLPROG         0x0602d130      0x134 ../../Compiler/SGL_302j/LIB_COFF/LIBSGL.A(sglC00.o)
                0x0602d130                slInitSprite
 *fill*         0x0602d264        0xc 00
 SLPROG         0x0602d270       0x40 ../../Compiler/SGL_302j/LIB_COFF/LIBSGL.A(sglC20.o)
                0x0602d270                SpriteEntry
 SLPROG         0x0602d2b0      0x140 ../../Compiler/SGL_302j/LIB_COFF/LIBSGL.A(sglJ03.o)
                0x0602d2b0                sbMakeDMATable
 SLPROG         0x0602d3f0      0x470 ../../Compiler/SGL_302j/LIB_COFF/LIBSGL.A(sglJ04.o)
                0x0602d4b4                sbMakeRotSprite
                0x0602d44e                sbMakeSprite
 SLPROG         0x0602d860       0x3c ../../Compiler/SGL_302j/LIB_COFF/LIBSGL.A(sglJ05.o)
                0x0602d860                sbSortEntry
 *fill*         0x0602d89c        0x4 00
 SLPROG         0x0602d8a0       0xf0 ../../Compiler/SGL_302j/LIB_COFF/LIBSGL.A(sglH03.o)
                0x0602d904                slSmpcIntBack
                0x0602d990                __slprog_end = .

.tors           0x0602d990        0x0
                0x0602d990                ___ctors = .
 *(.ctors)
                0x0602d990                ___ctors_end = .
                0x0602d990                ___dtors = .
 *(.dtors)
                0x0602d990                ___dtors_end = .

.data           0x0602d990      0xeb0
 *(.data)
 .data          0x0602d990       0x10 main.o
                0x0602d990                nbModels
 .data          0x0602d9a0       0x20 input.o
                0x0602d9a8                target
                0x0602d9a0                last_input
                0x0602d9b4                tar_sense
                0x0602d9a4                input_delay
                0x0602d9b8                tar_dist
                0x0602d9bc                height
 .data          0x0602d9c0       0x10 game_object.o
                0x0602d9c0                max_objects
 .data          0x0602d9d0       0x10 timer.o
                0x0602d9dc                SH2FRCHigh
                0x0602d9d8                SH2FRCLow
                0x0602d9d4                SH2TCR
                0x0602d9d0                SysClockReg
 .data          0x0602d9e0       0x30 ../../jo_engine/3d.o
 .data          0x0602da10       0x10 ../../jo_engine/fs.o
 .data          0x0602da20      0x5b0 ../../jo_engine/math.o
                0x0602da20                JoCosLookupTable
 .data          0x0602dfd0       0x30 ../../jo_engine/sprites.o
                0x0602dfe0                __jo_sprite_attributes
                0x0602dfd4                __jo_sprite_pos
                0x0602dfd0                __jo_gouraud_shading_runtime_index
 .data          0x0602e000       0x10 ../../jo_engine/sprite_animator.o
 .data          0x0602e010       0x80 ../../Compiler/SGL_302j/LIB_COFF/LIBSGL.A(sglIc0.o)
                0x0602e010                IntPrioMask
 .data          0x0602e090      0x380 d:/google drive/gamedev/saturn/jo engine/compiler/sh_coff/sh-coff/bin/../lib/gcc/sh-coff/4.0-GNUSH_v0601/../../../../sh-coff/lib\libc.a(impure.o)
                0x0602e40c                _impure_ptr
 .data          0x0602e410       0x20 d:/google drive/gamedev/saturn/jo engine/compiler/sh_coff/sh-coff/bin/../lib/gcc/sh-coff/4.0-GNUSH_v0601/../../../../sh-coff/lib\libc.a(locale.o)
                0x0602e41c                __mb_cur_max
                0x0602e410                __lc_ctype
 .data          0x0602e430      0x410 d:/google drive/gamedev/saturn/jo engine/compiler/sh_coff/sh-coff/bin/../lib/gcc/sh-coff/4.0-GNUSH_v0601/../../../../sh-coff/lib\libc.a(mallocr.o)
                0x0602e438                __malloc_av_
                0x0602e434                __malloc_trim_threshold
                0x0602e430                __malloc_sbrk_base
                0x0602e840                __edata = .

.bss            0x0602e840    0x53d74
                0x0602e840                __bstart = .
 *(.bss)
 .bss           0x0602e840       0x20 input.o
                0x0602e84c                theta
                0x0602e840                pl_position
 .bss           0x0602e860       0x10 game_object.o
                0x0602e860                num_object
 .bss           0x0602e870       0x10 timer.o
                0x0602e878                time
                0x0602e870                dt
                0x0602e874                oldtime
 .bss           0x0602e880       0x10 collision.o
                0x0602e880                r_radius
 .bss           0x0602e890     0x2590 ../../jo_engine/fs.o
 .bss           0x06030e20    0x40030 ../../jo_engine/core.o
                0x06030e20                __jo_slave_done_flag
 .bss           0x06070e50       0x80 ../../jo_engine/malloc.o
 .bss           0x06070ed0       0x10 ../../jo_engine/sprites.o
 .bss           0x06070ee0       0x50 ../../jo_engine/map.o
 .bss           0x06070f30       0x10 ../../jo_engine/sprite_animator.o
 .bss           0x06070f40       0x10 ../../jo_engine/time.o
 .bss           0x06070f50        0x4 ../../Compiler/SGL_302j/LIB_COFF/SEGA_SYS.A(sys_exit.o)
 *fill*         0x06070f54        0xc 00
 .bss           0x06070f60        0x2 ../../Compiler/SGL_302j/LIB_COFF/LIBCD.A(CDC_REG.O)
 *fill*         0x06070f62        0xe 00
 .bss           0x06070f70        0xc ../../Compiler/SGL_302j/LIB_COFF/LIBCD.A(GFS_TRN.O)
 *fill*         0x06070f7c        0x4 00
 .bss           0x06070f80        0xc ../../Compiler/SGL_302j/LIB_COFF/LIBCD.A(CDC_SUB.O)
 *fill*         0x06070f8c        0x4 00
 .bss           0x06070f90       0x10 d:/google drive/gamedev/saturn/jo engine/compiler/sh_coff/sh-coff/bin/../lib/gcc/sh-coff/4.0-GNUSH_v0601\libgcc.a(__main.o)
 .bss           0x06070fa0       0x10 d:/google drive/gamedev/saturn/jo engine/compiler/sh_coff/sh-coff/bin/../lib/gcc/sh-coff/4.0-GNUSH_v0601/../../../../sh-coff/lib\libc.a(atexit.o)
 .bss           0x06070fb0       0x10 d:/google drive/gamedev/saturn/jo engine/compiler/sh_coff/sh-coff/bin/../lib/gcc/sh-coff/4.0-GNUSH_v0601/../../../../sh-coff/lib\libc.a(locale.o)
                0x06070fb4                __mlocale_changed
                0x06070fb0                _PathLocale
                0x06070fb8                __nlocale_changed
 .bss           0x06070fc0       0x40 d:/google drive/gamedev/saturn/jo engine/compiler/sh_coff/sh-coff/bin/../lib/gcc/sh-coff/4.0-GNUSH_v0601/../../../../sh-coff/lib\libc.a(mallocr.o)
                0x06070ff0                __malloc_top_pad
                0x06070fc0                __malloc_current_mallinfo
                0x06070fec                __malloc_max_sbrked_mem
                0x06070fe8                __malloc_max_total_mem
 .bss           0x06071000       0x10 d:/google drive/gamedev/saturn/jo engine/compiler/sh_coff/sh-coff/bin/../lib/gcc/sh-coff/4.0-GNUSH_v0601/../../../../sh-coff/lib\libc.a(syscalls.o)
 *(COMMON)
 COMMON         0x06071010     0x4809 main.o
                0x06071010                gfsLibWork
                0x06071fb8                framerate
                0x06071fc0                gfsDirTbl
                0x06071fd0                gfsDirName
                0x06072228                gfsDirN
                0x06072230                object
                0x06075750                collision_master
 *fill*         0x06075819        0x7 00
 COMMON         0x06075820     0xb404 ZT/ZT_LOAD_MODEL.o
                0x06075820                entities
                0x06080c20                gouraudCounter
 *fill*         0x06080c24        0xc 00
 COMMON         0x06080c30      0x3fc ../../jo_engine/3d.o
                0x06080c30                __jo_sprite_quad
 *fill*         0x0608102c        0x4 00
 COMMON         0x06081030        0x4 ../../jo_engine/fs.o
                0x06081030                __jo_fs_background_job_count
 *fill*         0x06081034        0xc 00
 COMMON         0x06081040       0x40 ../../jo_engine/core.o
                0x06081040                __jo_last_error
 COMMON         0x06081080       0x40 ../../jo_engine/tools.o
                0x06081080                __jo_sprintf_buf
 COMMON         0x060810c0     0x13f8 ../../jo_engine/sprites.o
                0x060810c0                __jo_sprite_def
                0x060818c0                __jo_hash_table
                0x06081cc0                __jo_sprite_pic
 *fill*         0x060824b8        0x8 00
 COMMON         0x060824c0       0xc0 ../../jo_engine/sprite_animator.o
                0x060824c0                __jo_sprite_anim_tab
 COMMON         0x06082580        0xc ../../Compiler/SGL_302j/LIB_COFF/LIBCD.A(GFS.O)
                0x06082580                GFMC_base
                0x06082584                gfs_mng_ptr
                0x06082588                gfs_use_scudma
 *fill*         0x0608258c        0x4 00
 COMMON         0x06082590        0x8 ../../Compiler/SGL_302j/LIB_COFF/LIBCD.A(GFS_CDF.O)
                0x06082590                gfcf_fad
                0x06082594                gfcf_stat
 *fill*         0x06082598        0x8 00
 COMMON         0x060825a0        0xc ../../Compiler/SGL_302j/LIB_COFF/LIBCD.A(GFS_CDC.O)
                0x060825a0                gfcd_fatal_err
                0x060825a4                gfcd_work
                0x060825a8                gfcd_playflag
 *fill*         0x060825ac        0x4 00
 COMMON         0x060825b0        0x4 d:/google drive/gamedev/saturn/jo engine/compiler/sh_coff/sh-coff/bin/../lib/gcc/sh-coff/4.0-GNUSH_v0601/../../../../sh-coff/lib\libc.a(syscalls.o)
                0x060825b0                errno
                0x060825b4                __bend = .
                0x060825b4                _end = .
LOAD ../../Compiler/SGL_302j/LIB_COFF/SGLAREA.O
LOAD main.o
LOAD ZT/ZT_LOAD_MODEL.o
LOAD ZT/ZT_TOOLS.o
LOAD input.o
LOAD game_object.o
LOAD timer.o
LOAD collision.o
LOAD ../../jo_engine/tga.o
LOAD ../../jo_engine/3d.o
LOAD ../../jo_engine/fs.o
LOAD ../../jo_engine/font.o
LOAD ../../jo_engine/input.o
LOAD ../../jo_engine/physics.o
LOAD ../../jo_engine/core.o
LOAD ../../jo_engine/math.o
LOAD ../../jo_engine/malloc.o
LOAD ../../jo_engine/tools.o
LOAD ../../jo_engine/sprites.o
LOAD ../../jo_engine/map.o
LOAD ../../jo_engine/list.o
LOAD ../../jo_engine/sprite_animator.o
LOAD ../../jo_engine/image.o
LOAD ../../jo_engine/background.o
LOAD ../../jo_engine/time.o
LOAD ../../jo_engine/vdp1_command_pipeline.o
LOAD ../../Compiler/SGL_302j/LIB_COFF/SEGA_SYS.A
LOAD ../../Compiler/SGL_302j/LIB_COFF/LIBCD.A
LOAD ../../Compiler/SGL_302j/LIB_COFF/LIBSGL.A
LOAD d:/google drive/gamedev/saturn/jo engine/compiler/sh_coff/sh-coff/bin/../lib/gcc/sh-coff/4.0-GNUSH_v0601\libgcc.a
LOAD d:/google drive/gamedev/saturn/jo engine/compiler/sh_coff/sh-coff/bin/../lib/gcc/sh-coff/4.0-GNUSH_v0601/../../../../sh-coff/lib\libc.a
LOAD d:/google drive/gamedev/saturn/jo engine/compiler/sh_coff/sh-coff/bin/../lib/gcc/sh-coff/4.0-GNUSH_v0601\libgcc.a
OUTPUT(sl_coff.coff coff-sh)

.comment        0x060825c0      0x9a0
 .comment       0x060825c0       0x20 d:/google drive/gamedev/saturn/jo engine/compiler/sh_coff/sh-coff/bin/../lib/gcc/sh-coff/4.0-GNUSH_v0601\libgcc.a(_si_to_df.o)
 .comment       0x060825e0       0x20 d:/google drive/gamedev/saturn/jo engine/compiler/sh_coff/sh-coff/bin/../lib/gcc/sh-coff/4.0-GNUSH_v0601\libgcc.a(_mul_df.o)
 .comment       0x06082600       0x20 d:/google drive/gamedev/saturn/jo engine/compiler/sh_coff/sh-coff/bin/../lib/gcc/sh-coff/4.0-GNUSH_v0601\libgcc.a(_df_to_si.o)
 .comment       0x06082620       0x20 d:/google drive/gamedev/saturn/jo engine/compiler/sh_coff/sh-coff/bin/../lib/gcc/sh-coff/4.0-GNUSH_v0601\libgcc.a(_si_to_sf.o)
 .comment       0x06082640       0x20 d:/google drive/gamedev/saturn/jo engine/compiler/sh_coff/sh-coff/bin/../lib/gcc/sh-coff/4.0-GNUSH_v0601\libgcc.a(_mul_sf.o)
 .comment       0x06082660       0x20 d:/google drive/gamedev/saturn/jo engine/compiler/sh_coff/sh-coff/bin/../lib/gcc/sh-coff/4.0-GNUSH_v0601\libgcc.a(_div_sf.o)
 .comment       0x06082680       0x20 d:/google drive/gamedev/saturn/jo engine/compiler/sh_coff/sh-coff/bin/../lib/gcc/sh-coff/4.0-GNUSH_v0601\libgcc.a(_sf_to_df.o)
 .comment       0x060826a0       0x20 d:/google drive/gamedev/saturn/jo engine/compiler/sh_coff/sh-coff/bin/../lib/gcc/sh-coff/4.0-GNUSH_v0601\libgcc.a(_sf_to_si.o)
 .comment       0x060826c0       0x20 d:/google drive/gamedev/saturn/jo engine/compiler/sh_coff/sh-coff/bin/../lib/gcc/sh-coff/4.0-GNUSH_v0601\libgcc.a(__main.o)
 .comment       0x060826e0       0x20 d:/google drive/gamedev/saturn/jo engine/compiler/sh_coff/sh-coff/bin/../lib/gcc/sh-coff/4.0-GNUSH_v0601\libgcc.a(_le_sf.o)
 .comment       0x06082700       0x20 d:/google drive/gamedev/saturn/jo engine/compiler/sh_coff/sh-coff/bin/../lib/gcc/sh-coff/4.0-GNUSH_v0601\libgcc.a(_ge_sf.o)
 .comment       0x06082720       0x20 d:/google drive/gamedev/saturn/jo engine/compiler/sh_coff/sh-coff/bin/../lib/gcc/sh-coff/4.0-GNUSH_v0601\libgcc.a(_gt_sf.o)
 .comment       0x06082740       0x20 d:/google drive/gamedev/saturn/jo engine/compiler/sh_coff/sh-coff/bin/../lib/gcc/sh-coff/4.0-GNUSH_v0601\libgcc.a(_lt_sf.o)
 .comment       0x06082760       0x20 d:/google drive/gamedev/saturn/jo engine/compiler/sh_coff/sh-coff/bin/../lib/gcc/sh-coff/4.0-GNUSH_v0601\libgcc.a(_addsub_sf.o)
 .comment       0x06082780       0x20 d:/google drive/gamedev/saturn/jo engine/compiler/sh_coff/sh-coff/bin/../lib/gcc/sh-coff/4.0-GNUSH_v0601\libgcc.a(_df_to_sf.o)
 .comment       0x060827a0       0x20 d:/google drive/gamedev/saturn/jo engine/compiler/sh_coff/sh-coff/bin/../lib/gcc/sh-coff/4.0-GNUSH_v0601\libgcc.a(_addsub_df.o)
 .comment       0x060827c0       0x20 d:/google drive/gamedev/saturn/jo engine/compiler/sh_coff/sh-coff/bin/../lib/gcc/sh-coff/4.0-GNUSH_v0601\libgcc.a(_div_df.o)
 .comment       0x060827e0       0x20 d:/google drive/gamedev/saturn/jo engine/compiler/sh_coff/sh-coff/bin/../lib/gcc/sh-coff/4.0-GNUSH_v0601\libgcc.a(_pack_df.o)
 .comment       0x06082800       0x20 d:/google drive/gamedev/saturn/jo engine/compiler/sh_coff/sh-coff/bin/../lib/gcc/sh-coff/4.0-GNUSH_v0601\libgcc.a(_unpack_df.o)
 .comment       0x06082820       0x20 d:/google drive/gamedev/saturn/jo engine/compiler/sh_coff/sh-coff/bin/../lib/gcc/sh-coff/4.0-GNUSH_v0601\libgcc.a(_muldi3.o)
 .comment       0x06082840       0x20 d:/google drive/gamedev/saturn/jo engine/compiler/sh_coff/sh-coff/bin/../lib/gcc/sh-coff/4.0-GNUSH_v0601\libgcc.a(_thenan_df.o)
 .comment       0x06082860       0x20 d:/google drive/gamedev/saturn/jo engine/compiler/sh_coff/sh-coff/bin/../lib/gcc/sh-coff/4.0-GNUSH_v0601\libgcc.a(_pack_sf.o)
 .comment       0x06082880       0x20 d:/google drive/gamedev/saturn/jo engine/compiler/sh_coff/sh-coff/bin/../lib/gcc/sh-coff/4.0-GNUSH_v0601\libgcc.a(_unpack_sf.o)
 .comment       0x060828a0       0x20 d:/google drive/gamedev/saturn/jo engine/compiler/sh_coff/sh-coff/bin/../lib/gcc/sh-coff/4.0-GNUSH_v0601\libgcc.a(_thenan_sf.o)
 .comment       0x060828c0       0x20 d:/google drive/gamedev/saturn/jo engine/compiler/sh_coff/sh-coff/bin/../lib/gcc/sh-coff/4.0-GNUSH_v0601\libgcc.a(_make_df.o)
 .comment       0x060828e0       0x20 d:/google drive/gamedev/saturn/jo engine/compiler/sh_coff/sh-coff/bin/../lib/gcc/sh-coff/4.0-GNUSH_v0601\libgcc.a(_fpcmp_parts_sf.o)
 .comment       0x06082900       0x20 d:/google drive/gamedev/saturn/jo engine/compiler/sh_coff/sh-coff/bin/../lib/gcc/sh-coff/4.0-GNUSH_v0601\libgcc.a(_make_sf.o)
 .comment       0x06082920       0x20 d:/google drive/gamedev/saturn/jo engine/compiler/sh_coff/sh-coff/bin/../lib/gcc/sh-coff/4.0-GNUSH_v0601/../../../../sh-coff/lib\libc.a(sprintf.o)
 .comment       0x06082940       0x20 d:/google drive/gamedev/saturn/jo engine/compiler/sh_coff/sh-coff/bin/../lib/gcc/sh-coff/4.0-GNUSH_v0601/../../../../sh-coff/lib\libc.a(memcmp.o)
 .comment       0x06082960       0x20 d:/google drive/gamedev/saturn/jo engine/compiler/sh_coff/sh-coff/bin/../lib/gcc/sh-coff/4.0-GNUSH_v0601/../../../../sh-coff/lib\libc.a(strncmp.o)
 .comment       0x06082980       0x20 d:/google drive/gamedev/saturn/jo engine/compiler/sh_coff/sh-coff/bin/../lib/gcc/sh-coff/4.0-GNUSH_v0601/../../../../sh-coff/lib\libc.a(strncpy.o)
 .comment       0x060829a0       0x20 d:/google drive/gamedev/saturn/jo engine/compiler/sh_coff/sh-coff/bin/../lib/gcc/sh-coff/4.0-GNUSH_v0601/../../../../sh-coff/lib\libc.a(atexit.o)
 .comment       0x060829c0       0x20 d:/google drive/gamedev/saturn/jo engine/compiler/sh_coff/sh-coff/bin/../lib/gcc/sh-coff/4.0-GNUSH_v0601/../../../../sh-coff/lib\libc.a(vfprintf.o)
 .comment       0x060829e0       0x20 d:/google drive/gamedev/saturn/jo engine/compiler/sh_coff/sh-coff/bin/../lib/gcc/sh-coff/4.0-GNUSH_v0601/../../../../sh-coff/lib\libc.a(impure.o)
 .comment       0x06082a00       0x20 d:/google drive/gamedev/saturn/jo engine/compiler/sh_coff/sh-coff/bin/../lib/gcc/sh-coff/4.0-GNUSH_v0601/../../../../sh-coff/lib\libc.a(malloc.o)
 .comment       0x06082a20       0x20 d:/google drive/gamedev/saturn/jo engine/compiler/sh_coff/sh-coff/bin/../lib/gcc/sh-coff/4.0-GNUSH_v0601/../../../../sh-coff/lib\libc.a(fvwrite.o)
 .comment       0x06082a40       0x20 d:/google drive/gamedev/saturn/jo engine/compiler/sh_coff/sh-coff/bin/../lib/gcc/sh-coff/4.0-GNUSH_v0601/../../../../sh-coff/lib\libc.a(locale.o)
 .comment       0x06082a60       0x20 d:/google drive/gamedev/saturn/jo engine/compiler/sh_coff/sh-coff/bin/../lib/gcc/sh-coff/4.0-GNUSH_v0601/../../../../sh-coff/lib\libc.a(freer.o)
 .comment       0x06082a80       0x20 d:/google drive/gamedev/saturn/jo engine/compiler/sh_coff/sh-coff/bin/../lib/gcc/sh-coff/4.0-GNUSH_v0601/../../../../sh-coff/lib\libc.a(findfp.o)
 .comment       0x06082aa0       0x20 d:/google drive/gamedev/saturn/jo engine/compiler/sh_coff/sh-coff/bin/../lib/gcc/sh-coff/4.0-GNUSH_v0601/../../../../sh-coff/lib\libc.a(fflush.o)
 .comment       0x06082ac0       0x20 d:/google drive/gamedev/saturn/jo engine/compiler/sh_coff/sh-coff/bin/../lib/gcc/sh-coff/4.0-GNUSH_v0601/../../../../sh-coff/lib\libc.a(wsetup.o)
 .comment       0x06082ae0       0x20 d:/google drive/gamedev/saturn/jo engine/compiler/sh_coff/sh-coff/bin/../lib/gcc/sh-coff/4.0-GNUSH_v0601/../../../../sh-coff/lib\libc.a(wcrtomb.o)
 .comment       0x06082b00       0x20 d:/google drive/gamedev/saturn/jo engine/compiler/sh_coff/sh-coff/bin/../lib/gcc/sh-coff/4.0-GNUSH_v0601/../../../../sh-coff/lib\libc.a(s_isinf.o)
 .comment       0x06082b20       0x20 d:/google drive/gamedev/saturn/jo engine/compiler/sh_coff/sh-coff/bin/../lib/gcc/sh-coff/4.0-GNUSH_v0601/../../../../sh-coff/lib\libc.a(memchr.o)
 .comment       0x06082b40       0x20 d:/google drive/gamedev/saturn/jo engine/compiler/sh_coff/sh-coff/bin/../lib/gcc/sh-coff/4.0-GNUSH_v0601/../../../../sh-coff/lib\libc.a(mallocr.o)
 .comment       0x06082b60       0x20 d:/google drive/gamedev/saturn/jo engine/compiler/sh_coff/sh-coff/bin/../lib/gcc/sh-coff/4.0-GNUSH_v0601/../../../../sh-coff/lib\libc.a(wcsrtombs.o)
 .comment       0x06082b80       0x20 d:/google drive/gamedev/saturn/jo engine/compiler/sh_coff/sh-coff/bin/../lib/gcc/sh-coff/4.0-GNUSH_v0601/../../../../sh-coff/lib\libc.a(s_isnan.o)
 .comment       0x06082ba0       0x20 d:/google drive/gamedev/saturn/jo engine/compiler/sh_coff/sh-coff/bin/../lib/gcc/sh-coff/4.0-GNUSH_v0601/../../../../sh-coff/lib\libc.a(dtoa.o)
 .comment       0x06082bc0       0x20 d:/google drive/gamedev/saturn/jo engine/compiler/sh_coff/sh-coff/bin/../lib/gcc/sh-coff/4.0-GNUSH_v0601/../../../../sh-coff/lib\libc.a(memmove.o)
 .comment       0x06082be0       0x20 d:/google drive/gamedev/saturn/jo engine/compiler/sh_coff/sh-coff/bin/../lib/gcc/sh-coff/4.0-GNUSH_v0601/../../../../sh-coff/lib\libc.a(reallocr.o)
 .comment       0x06082c00       0x20 d:/google drive/gamedev/saturn/jo engine/compiler/sh_coff/sh-coff/bin/../lib/gcc/sh-coff/4.0-GNUSH_v0601/../../../../sh-coff/lib\libc.a(mlock.o)