Archive member included because of file (symbol)

../../Compiler/SGL_302j/LIB_COFF/SEGA_SYS.A(sys_exit.o)
                              ../../jo_engine/core.o (SYS_Exit)
../../Compiler/SGL_302j/LIB_COFF/SEGA_SYS.A(sys_sub.o)
                              ../../Compiler/SGL_302j/LIB_COFF/SEGA_SYS.A(sys_exit.o) (SYSUB_SetStackptr)
../../Compiler/SGL_302j/LIB_COFF/LIBCD.A(GFS.O)
                              main.o (GFS_Init)
../../Compiler/SGL_302j/LIB_COFF/LIBCD.A(CDC_CMN.O)
                              ../../Compiler/SGL_302j/LIB_COFF/SEGA_SYS.A(sys_exit.o) (CDC_GetCurStat)
../../Compiler/SGL_302j/LIB_COFF/LIBCD.A(CDC_REG.O)
                              ../../Compiler/SGL_302j/LIB_COFF/SEGA_SYS.A(sys_exit.o) (CDC_GetHirqReq)
../../Compiler/SGL_302j/LIB_COFF/LIBCD.A(CDC_CFS.O)
                              ../../Compiler/SGL_302j/LIB_COFF/SEGA_SYS.A(sys_exit.o) (CDC_ChgDir)
../../Compiler/SGL_302j/LIB_COFF/LIBCD.A(GFS_CDF.O)
                              ../../Compiler/SGL_302j/LIB_COFF/LIBCD.A(GFS.O) (GFCF_Init)
../../Compiler/SGL_302j/LIB_COFF/LIBCD.A(GFS_DIR.O)
                              ../../Compiler/SGL_302j/LIB_COFF/LIBCD.A(GFS.O) (GFDR_SetupDirTbl)
../../Compiler/SGL_302j/LIB_COFF/LIBCD.A(GFS_TRN.O)
                              ../../Compiler/SGL_302j/LIB_COFF/LIBCD.A(GFS.O) (GFTR_Setup)
../../Compiler/SGL_302j/LIB_COFF/LIBCD.A(GFS_BUF.O)
                              ../../Compiler/SGL_302j/LIB_COFF/LIBCD.A(GFS.O) (GFBF_GetNumData)
../../Compiler/SGL_302j/LIB_COFF/LIBCD.A(GFS_CDB.O)
                              ../../Compiler/SGL_302j/LIB_COFF/LIBCD.A(GFS_CDF.O) (GFCB_Setup)
../../Compiler/SGL_302j/LIB_COFF/LIBCD.A(GFS_CDC.O)
                              ../../Compiler/SGL_302j/LIB_COFF/LIBCD.A(GFS.O) (GFCD_SetCdbfs)
../../Compiler/SGL_302j/LIB_COFF/LIBCD.A(CDC_SUB.O)
                              ../../Compiler/SGL_302j/LIB_COFF/LIBCD.A(CDC_CMN.O) (CDSUB_UpdStatus)
../../Compiler/SGL_302j/LIB_COFF/LIBCD.A(CDC_BIO.O)
                              ../../Compiler/SGL_302j/LIB_COFF/LIBCD.A(GFS_CDC.O) (CDC_SetSctLen)
../../Compiler/SGL_302j/LIB_COFF/LIBCD.A(CDC_SEL.O)
                              ../../Compiler/SGL_302j/LIB_COFF/LIBCD.A(GFS_CDC.O) (CDC_SetFiltRange)
../../Compiler/SGL_302j/LIB_COFF/LIBCD.A(CDC_DRV.O)
                              ../../Compiler/SGL_302j/LIB_COFF/LIBCD.A(GFS_CDC.O) (CDC_CdPlay)
../../Compiler/SGL_302j/LIB_COFF/LIBCD.A(CDC_BIF.O)
                              ../../Compiler/SGL_302j/LIB_COFF/LIBCD.A(GFS_CDC.O) (CDC_GetBufSiz)
../../Compiler/SGL_302j/LIB_COFF/LIBCD.A(CDC_DEV.O)
                              ../../Compiler/SGL_302j/LIB_COFF/LIBCD.A(GFS_CDC.O) (CDC_CdSetCon)
../../Compiler/SGL_302j/LIB_COFF/LIBSGL.A(sglC08.o)
                              main.o (slPutPolygon)
../../Compiler/SGL_302j/LIB_COFF/LIBSGL.A(sglA21.o)
                              main.o (slPushMatrix)
../../Compiler/SGL_302j/LIB_COFF/LIBSGL.A(sglA18.o)
                              main.o (slRotY)
../../Compiler/SGL_302j/LIB_COFF/LIBSGL.A(sglA27.o)
                              main.o (slTranslate)
../../Compiler/SGL_302j/LIB_COFF/LIBSGL.A(sglA28.o)
                              main.o (slScale)
../../Compiler/SGL_302j/LIB_COFF/LIBSGL.A(sglA20.o)
                              main.o (slUnitMatrix)
../../Compiler/SGL_302j/LIB_COFF/LIBSGL.A(sglF00.o)
                              ../../jo_engine/core.o (slCurColor)
../../Compiler/SGL_302j/LIB_COFF/LIBSGL.A(sglF03.o)
                              main.o (slPrintFX)
../../Compiler/SGL_302j/LIB_COFF/LIBSGL.A(sglI01.o)
                              main.o (slSynch)
../../Compiler/SGL_302j/LIB_COFF/LIBSGL.A(sglK01.o)
                              main.o (SynchConst)
../../Compiler/SGL_302j/LIB_COFF/LIBSGL.A(sglC04.o)
                              main.o (slZdspLevel)
../../Compiler/SGL_302j/LIB_COFF/LIBSGL.A(sglI04.o)
                              main.o (slIntFunction)
../../Compiler/SGL_302j/LIB_COFF/LIBSGL.A(sglB015.o)
                              main.o (slScrAutoDisp)
../../Compiler/SGL_302j/LIB_COFF/LIBSGL.A(sglF05.o)
                              main.o (slPrint)
../../Compiler/SGL_302j/LIB_COFF/LIBSGL.A(sglD00.o)
                              ZT/ZT_LOAD_MODEL.o (slDMACopy)
../../Compiler/SGL_302j/LIB_COFF/LIBSGL.A(sglD02.o)
                              ZT/ZT_LOAD_MODEL.o (slDMAWait)
../../Compiler/SGL_302j/LIB_COFF/LIBSGL.A(sglB200.o)
                              ../../jo_engine/core.o (slCharNbg0)
../../Compiler/SGL_302j/LIB_COFF/LIBSGL.A(sglB058.o)
                              ZT/ZT_TOOLS.o (slPlaneNbg3)
../../Compiler/SGL_302j/LIB_COFF/LIBSGL.A(sglB063.o)
                              ZT/ZT_TOOLS.o (slPriority)
../../Compiler/SGL_302j/LIB_COFF/LIBSGL.A(sglB034.o)
                              ZT/ZT_TOOLS.o (slMapNbg3)
../../Compiler/SGL_302j/LIB_COFF/LIBSGL.A(sglB010.o)
                              ZT/ZT_TOOLS.o (slBitMapNbg0)
../../Compiler/SGL_302j/LIB_COFF/LIBSGL.A(sglB061.o)
[...]
Memory Configuration

Name             Origin             Length             Attributes
*default*        0x00000000         0xffffffff

Linker script and memory map

TARGET(coff-sh)

SLSTART         0x06004000       0x30
                0x06004000                ___Start = .
 *(SLSTART)
 SLSTART        0x06004000       0x28 ../../Compiler/SGL_302j/LIB_COFF/LIBSGL.A(sglI00.o)
                0x06004002                slStartSGL
                0x06004000                SGL_Start

.text           0x06004040    0x17750
 *(.text)
 .text          0x06004040      0x260 main.o
                0x06004200                jo_main
                0x060040bc                load_ref
                0x06004078                display_model
                0x06004164                main_loop
                0x060040d8                my_draw
                0x06004040                ztCDinit
 .text          0x060042a0      0x4d0 ZT/ZT_LOAD_MODEL.o
                0x060042a0                setTextures
                0x06004548                loadPDATA
                0x060044c4                loadAnimations
                0x060043dc                loadTextures
                0x060045e2                ztLoad3Dmodel
 .text          0x06004770      0x500 ZT/ZT_TOOLS.o
                0x0600492e                fadeIn
                0x060047b2                ztClearText
                0x06004908                memcpy_l
                0x0600491c                memset_l
                0x06004b84                fadeOut
                0x060048f4                memset_w
                0x060049b2                ztLoadVDP2bmp
                0x060048e0                memcpy_w
                0x060047e4                Pal2CRAM
                0x0600489e                Map2VRAM
                0x06004c40                CheckOnPlane
                0x0600488c                Cel2VRAM
                0x060047fa                ztFont2NBG3
 .text          0x06004c70      0x3c0 input.o
                0x06004da0                print_orientation
                0x06004c70                add_rel_pos
                0x06004eac                gamepad_input
                0x06004cfc                forward_target
 .text          0x06005030      0x180 game_object.o
                0x060050ec                destroy_object
                0x0600511c                closest_object
                0x0600509c                clone_object
                0x06005030                create_object
 .text          0x060051b0       0x70 timer.o
                0x060051b0                poll_HighFreq
 .text          0x06005220      0x760 ../../jo_engine/tga.o
                0x06005834                jo_tga_loader_from_stream
                0x06005764                jo_sprite_add_tga
                0x060058d4                jo_sprite_add_tga_from_stream
                0x060056c0                jo_tga_loader
                0x06005396                jo_sprite_add_tga_tileset
                0x0600525e                __jo_tga_load
 .text          0x06005980      0x8a0 ../../jo_engine/3d.o
                0x0600599c                jo_3d_create_plane
                0x06006136                jo_3d_set_mesh_color
                0x060060bc                jo_3d_set_mesh_texture
                0x06005b6c                jo_3d_set_mesh_polygon_texture
                0x06005ccc                jo_3d_set_mesh_polygon_screen_doors
                0x06006042                jo_3d_set_mesh_light
                0x06005d8a                jo_3d_create_sprite_quad
                0x06005c32                jo_3d_set_mesh_polygon_light
                0x06005980                jo_3d_init
                0x060061c8                jo_3d_create_triangle
                0x06005aa0                jo_3d_set_mesh_polygon_color
                0x06005eb4                jo_3d_set_mesh_polygon_transparency
                0x060059f0                jo_3d_create_cube
                0x06005fc8                jo_3d_set_mesh_screen_doors
                0x06006198                jo_3d_free_sprite_quad
                0x06005f48                jo_3d_set_mesh_transparency
 .text          0x06006220      0x9c0 ../../jo_engine/fs.o
                0x06006adc                jo_fs_seek_forward
                0x06006910                jo_fs_read_file
                0x0600689a                jo_fs_set_read_sector_count
                0x0600623e                jo_fs_init
                0x06006636                jo_fs_open
                0x0600641a                jo_fs_read_file_async
                0x06006828                jo_fs_close
                0x06006744                jo_fs_read_next_bytes
                0x06006584                jo_fs_cd
                0x060062c4                jo_fs_do_background_jobs
                0x06006a68                jo_fs_read_file_in_dir
 .text          0x06006be0      0x520 ../../jo_engine/font.o
                0x06006e9c                jo_font_print_centered
                0x06006fea                jo_font_print
                0x06006c56                jo_font_load
 .text          0x06007100       0x50 ../../jo_engine/input.o
                0x06007100                jo_get_input_type
 .text          0x06007150      0x8f0 ../../jo_engine/core.o
                0x06007174                jo_core_wait_for_slave
                0x0600720e                jo_core_suspend
                0x060078ea                jo_core_add_callback
                0x06007194                jo_core_exec_on_slave
                0x06007958                jo_core_run
                0x060075e2                jo_core_remove_slave_callback
                0x06007564                jo_dump_vdp1_registers
                0x060071a8                jo_goto_boot_menu
                0x06007652                jo_core_add_slave_callback
                0x0600737a                __jo_core_error
                0x060076b4                jo_core_remove_callback
                0x060074f0                jo_dump_vdp2_registers
                0x06007722                jo_core_init
                0x060071b4                main
 .text          0x06007a40      0x3c0 ../../jo_engine/math.o
                0x06007a40                jo_random
                0x06007d3c                jo_planar_rotate
                0x06007c74                jo_sqrt
                0x06007ce0                jo_gcd
                0x06007ab4                jo_atan2f_rad
 .text          0x06007e00      0x400 ../../jo_engine/malloc.o
                0x0600817c                jo_memory_fragmentation
                0x0600804c                jo_memory_usage_percent
                0x06007e00                jo_add_memory_zone
                0x06007fb8                jo_free
                0x06007e94                jo_malloc_with_behaviour
 .text          0x06008200      0x450 ../../jo_engine/tools.o
                0x060085bc                jo_endwith
                0x06008460                jo_getdate
                0x060082aa                jo_clear_screen
                0x06008362                jo_strlen
                0x06008268                jo_get_current_language
                0x060082f6                jo_tools_atoi
                0x06008218                jo_print
                0x060083ac                jo_memset
                0x06008400                jo_map_to_vram
 .text          0x06008650      0x8f0 ../../jo_engine/sprites.o
                0x06008b28                jo_sprite_usage_percent
                0x06008d7e                jo_sprite_add_8bits_image
                0x06008e32                jo_sprite_draw
                0x06008650                jo_get_last_sprite_id
                0x0600865c                jo_sprite_init
                0x060086a6                jo_sprite_name2id
                0x06008826                jo_sprite_draw_rotate
                0x06008a08                jo_sprite_replace
                0x060087c8                jo_set_gouraud_shading_colors
                0x06008718                jo_sprite_free_from
                0x060087f0                jo_set_gouraud_shading_brightness
                0x06008dda                jo_sprite_add
 .text          0x06008f40      0x9d0 ../../jo_engine/map.o
                0x060095f8                jo_map_per_pixel_vertical_collision
                0x06009740                jo_map_draw
                0x06008f5e                jo_map_create
                0x060090ac                jo_map_add_tile
                0x060090d0                jo_map_add_animated_tile
                0x060092fa                jo_map_load_from_file
                0x06009180                jo_map_free
                0x06009198                jo_map_move_tiles_by_attribute
                0x06009820                jo_map_3d_draw
                0x06009208                jo_map_hitbox_detection_custom_boundaries
                0x060090f4                jo_map_draw_background
 .text          0x06009910       0xf0 ../../jo_engine/list.o
                0x06009910                jo_list_remove
                0x06009954                jo_list_init
                0x0600997e                jo_list_add
 .text          0x06009a00      0x280 ../../jo_engine/sprite_animator.o
                0x06009c58                jo_clear_all_sprite_anim
                0x06009b9c                jo_create_sprite_anim
                0x06009abe                jo_replace_sprite_anim
 .text          0x06009c80      0x800 ../../jo_engine/image.o
                0x06009c98                jo_free_img
                0x0600a342                jo_sprite_add_image_pack
                0x06009d62                __jo_bin_load
                0x06009cf2                jo_replace_color
                0x0600a0f0                jo_sprite_add_bin_from_stream
                0x06009fce                jo_bin_loader_from_stream
                0x06009e16                jo_sprite_add_bin_tileset
                0x0600a190                jo_bin_loader
                0x0600a222                jo_sprite_add_bin
 .text          0x0600a480      0x170 ../../jo_engine/background.o
                0x0600a5a0                jo_clear_background
                0x0600a510                jo_set_background_sprite
                0x0600a480                jo_draw_background_line
 .text          0x0600a5f0      0x120 ../../jo_engine/time.o
                0x0600a6dc                jo_time_init
                0x0600a5f0                jo_get_ticks
 .text          0x0600a710      0x238 ../../Compiler/SGL_302j/LIB_COFF/SEGA_SYS.A(sys_exit.o)
                0x0600a730                SYS_Exit
                0x0600a710                sys_version
 *fill*         0x0600a948        0x8 00
 .text          0x0600a950        0x6 ../../Compiler/SGL_302j/LIB_COFF/SEGA_SYS.A(sys_sub.o)
                0x0600a950                SYSUB_SetStackptr
 *fill*         0x0600a956        0xa 00
 .text          0x0600a960     0x1adc ../../Compiler/SGL_302j/LIB_COFF/LIBCD.A(GFS.O)
                0x0600a960                gfs_version
                0x0600bbd0                gfs_mngGetNumFile
                0x0600c32c                gfs_closeSub
                0x0600b6ec                GFS_SetGmode
                0x0600b9a8                GFS_SetErrFunc
                0x0600baf8                gfs_mngSetupFuncTbl
                0x0600acb8                GFS_Reset
                0x0600ba20                gfs_chgRoot
                0x0600baec                gfs_aborttrans
                0x0600bdd0                gfs_svrAddHndl
                0x0600bc80                gfs_mngFreeGrp
                0x0600b9f8                GFS_ConvTno
                0x0600bf84                gfs_getRootDir
                0x0600b9d4                GFS_GetErrStat
                0x0600ae28                GFS_Seek
                0x0600b498                GFS_NwStop
                0x0600bc8c                gfs_mngTermAccess
                0x0600ad3c                GFS_Open
                0x0600bc38                GFS_mngAllocGrp
                0x0600c374                gfs_isTaskDone
                0x0600b198                GFS_Fread
                0x0600b8f0                GFS_StartTrans
                0x0600c2ec                gfs_GetFinfo
                0x0600bb2c                gfs_mngInitWork
                0x0600af80                GFS_ByteToSct
                0x0600bd90                gfs_svrSearchHndl
                0x0600c080                gfs_loadRootDir
                0x0600abdc                GFS_IdToName
                0x0600b2dc                GFS_NwFread
                0x0600b820                GFS_SetTransPara
                0x0600b3e8                GFS_NwCdRead
                0x0600bec0                gfs_loadVol
                0x0600b7bc                GFS_SetReadPara
                0x0600aedc                GFS_Tell
                0x0600b750                GFS_SetTmode
                0x0600c254                GFS_GetFad
                0x0600b88c                GFS_SetTrFunc
                0x0600b93c                GFS_CdMovePickup
                0x0600ab78                GFS_NameToId
                0x0600b5b0                GFS_NwExecOne
                0x0600c108                gfs_flowIn
                0x0600b038                GFS_GetFileInfo
                0x0600c1b0                gfs_transData
                0x0600be0c                gfs_svrRemoveHndl
                0x0600b460                GFS_NwIsComplete
                0x0600c368                gfs_getGmode
                0x0600b504                GFS_NwGetStat
                0x0600be68                GFS_OpenSub
                0x0600ab10                GFS_SetDir
                0x0600afdc                GFS_GetFileSize
                0x0600b0ac                GFS_GetNumCdbuf
                0x0600c3c8                gfs_convFinStat
                0x0600b0d4                GFS_Load
                0x0600b234                gfs_waitRead
                0x0600aa68                GFS_LoadDir
                0x0600ac48                GFS_GetDirInfo
                0x0600adf0                GFS_Close
                0x0600a980                GFS_Init
                0x0600b580                gfs_recovRdErr
                0x0600bd10                gfs_mngSetErrCode
                0x0600b670                GFS_NwExecServer
                0x0600af2c                GFS_IsEof
                0x0600c2ac                gfs_SetSct
 *fill*         0x0600c43c        0x4 00
 .text          0x0600c440      0x3a0 ../../Compiler/SGL_302j/LIB_COFF/LIBCD.A(CDC_CMN.O)
                0x0600c5e4                CDC_TgetToc
                0x0600c788                CDC_DataEnd
                0x0600c4a8                CDC_GetPeriStat
                0x0600c71c                CDC_DataReady
                0x0600c6f4                CDC_CdOpen
                0x0600c670                CDC_CdInit
                0x0600c634                CDC_GetSes
                0x0600c490                CDC_GetLastStat
                0x0600c440                CDC_GetCurStat
                0x0600c57c                CDC_GetHwInfo
 .text          0x0600c7e0      0x2dc ../../Compiler/SGL_302j/LIB_COFF/LIBCD.A(CDC_REG.O)
                0x0600c834                CDREG_ClrHirqReq
                0x0600c804                CDC_ClrHirqReq
                0x0600c8b4                CDREG_TgetData
                0x0600c8a4                CDC_GetMpegPtr
                0x0600c880                CDC_GetHirqMsk
                0x0600c7e0                CDC_GetDataPtr
                0x0600c7f0                CDC_GetHirqReq
                0x0600ca10                CDREG_WaitHirq
                0x0600c894                CDC_SetHirqMsk
                0x0600c910                CDREG_CmdRsp
                0x0600c844                CDREG_InitHirqReq
                0x0600c86c                CDREG_SetHirqFlag
                0x0600ca80                CDREG_ReadRsp
 *fill*         0x0600cabc        0x4 00
 .text          0x0600cac0      0x194 ../../Compiler/SGL_302j/LIB_COFF/LIBCD.A(CDC_CFS.O)
                0x0600cac0                CDC_ChgDir
                0x0600caf4                CDC_ReadDir
                0x0600cc18                CDC_AbortFile
                0x0600cb28                CDC_GetFileScope
                0x0600cb88                CDC_TgetFileInfo
                0x0600cbe4                CDC_ReadFile
 *fill*         0x0600cc54        0xc 00
 .text          0x0600cc60      0x8d8 ../../Compiler/SGL_302j/LIB_COFF/LIBCD.A(GFS_CDF.O)
                0x0600d154                GFCF_Seek
                0x0600d25c                GFCF_GetStat
                0x0600d13c                GFCF_Tell
                0x0600cd00                GFCF_Setup
                0x0600d208                GFCF_cnvIntlvOfs
                0x0600cc60                GFCF_Init
                0x0600d0f4                GFCF_Recover
                0x0600ce48                GFCF_SetSct
                0x0600d16c                GFCF_MovePickup
                0x0600d330                gfcf_isCdOk
                0x0600cf00                GFCF_FlowInBuf
                0x0600ce8c                GFCF_GetFileInfo
                0x0600d054                GFCF_StopInBuf
                0x0600d2f4                gfcf_getSctSize
                0x0600d3f0                gfcf_getPlayRange
 *fill*         0x0600d538        0x8 00
 .text          0x0600d540      0x92c ../../Compiler/SGL_302j/LIB_COFF/LIBCD.A(GFS_DIR.O)
                0x0600da30                gfdr_setNextRec
                0x0600de30                gfdr_setDirrecCd
                0x0600d828                gfdr_open
                0x0600d63c                GFDR_GetAtrDirId
                0x0600d910                gfdr_readByte
                0x0600d540                GFDR_SetupDirTbl
                0x0600da08                gfdr_readLongNM
                0x0600dab4                gfdr_readDirEnt
                0x0600d66c                GFDR_ChgRoot
                0x0600d5b4                GFDR_NameToId
                0x0600d6f8                gfdr_setupDirIdTbl
                0x0600d654                GFDR_GetAtrDirName
                0x0600d614                GFDR_GetInfoDirId
                0x0600d9bc                gfdr_readLongNB
                0x0600d850                gfdr_read
                0x0600d93c                gfdr_readWord
                0x0600d77c                gfdr_setupDirNameTbl
                0x0600d628                GFDR_GetInfoDirName
                0x0600d684                GFDR_ChgDir
                0x0600d968                gfdr_readWordNB
 *fill*         0x0600de6c        0x4 00
 .text          0x0600de70      0x9c6 ../../Compiler/SGL_302j/LIB_COFF/LIBCD.A(GFS_TRN.O)
                0x0600df50                GFTR_SetTransMax
                0x0600e320                gftr_execScu
                0x0600e824                GFTR_SetTransFunc
                0x0600e6ec                gftr_remTrn
                0x0600e810                GFTR_SetData
                0x0600e510                gftr_execSdma1
                0x0600e760                gftr_copyFrac
                0x0600df44                GFTR_GetNumTrans
                0x0600dee4                GFTR_SetMode
                0x0600e4e0                gftr_remDma0
                0x0600e788                GFTR_GetLenData
                0x0600e314                gftr_reqScu
                0x0600e4f8                gftr_reqDma1
                0x0600e230                gftr_getSrcPack
                0x0600e7e0                GFTR_RtnDstPk
                0x0600e3fc                gfdma_exec
                0x0600e614                gftr_execTrn
                0x0600e128                GFTR_ExecSvr
                0x0600e5a4                gftr_reqTrn
                0x0600e46c                gfdma_getBytecnt
                0x0600e54c                gftr_reqCpu
                0x0600e7ac                GFTR_GetDstPack
                0x0600e4a4                gftr_reqDma0
                0x0600e0b0                GFTR_Idle
                0x0600df68                GFTR_Pause
                0x0600df38                GFTR_GetTransPara
                0x0600e598                gftr_remCpu
                0x0600df04                GFTR_SetTransPara
                0x0600e534                gftr_remDma1
                0x0600df74                GFTR_Stop
                0x0600e4bc                gftr_execSdma0
                0x0600dea0                GFTR_Setup
                0x0600e3bc                gftr_remScu
                0x0600e2b8                gftr_getDstPack
                0x0600e3f0                gfdma_canUse
                0x0600e02c                GFTR_Exec
                0x0600e7fc                GFTR_GetData
                0x0600df5c                GFTR_Start
                0x0600def8                GFTR_SetUnit
                0x0600e558                gftr_execCpu
                0x0600e794                GFTR_GetLenRoom
 *fill*         0x0600e836        0xa 00
 .text          0x0600e840      0x106 ../../Compiler/SGL_302j/LIB_COFF/LIBCD.A(GFS_BUF.O)
                0x0600e898                GFBF_GetNumData
                0x0600e914                GFBF_RtnPk
                0x0600e8c8                GFBF_GetSrcPk
                0x0600e93c                gfbf_getSctDt
                0x0600e870                GFBF_GetTranData
                0x0600e8f0                GFBF_GetSctData
 *fill*         0x0600e946        0xa 00
 .text          0x0600e950      0x600 ../../Compiler/SGL_302j/LIB_COFF/LIBCD.A(GFS_CDB.O)
                0x0600eef8                GFCB_GetPickup
                0x0600ea70                GFCB_Close
                0x0600ed3c                GFCB_GetSrcPack
                0x0600eec4                GFCB_SetCon
                0x0600eb44                GFCB_GetLenRoom
                0x0600eea8                GFCB_MovePickup
                0x0600ee1c                GFCB_GetSctData
                0x0600eb50                GFCB_SetFilt
                0x0600ea98                GFCB_GetLenData
                0x0600ef38                GFCB_UngetPickup
                0x0600e950                GFCB_Setup
                0x0600ebe0                GFCB_Tell
                0x0600ef20                GFCB_IsPuOwner
                0x0600ec40                GFCB_Seek
                0x0600ebb8                GFCB_DeleteAllData
                0x0600ee54                GFCB_GetDstPack
                0x0600ebf0                gfcb_getSctNum
                0x0600ee60                GFCB_RtnPk
 .text          0x0600ef50     0x1a10 ../../Compiler/SGL_302j/LIB_COFF/LIBCD.A(GFS_CDC.O)
                0x0600f1ec                GFCD_AllocBuf
                0x0600ffd4                gfcd_doGetLenDataTsk
                0x06010870                GFCD_SetCsctFunc
                0x0600f2c4                GFCD_GetBaseFad
                0x0600f440                GFCD_GetFilt
                0x06010460                gfcd_doChgDirTsk
                0x060107a0                gfcd_checkEflag
                0x0600f788                GFCD_MovePickup
                0x0600f86c                GFCD_GetSctInfo
                0x06010128                gfcd_doReqDataTsk
                0x0600f8b4                GFCD_ChgDir
                0x0600f5a8                GFCD_ReqData
                0x0601088c                GFCD_ChkScdqFlag
                0x0600fd44                GFCD_WaitServer
                0x0600f64c                GFCD_DelSctData
                0x0600fb24                GFCD_ExecServer
                0x0600ff44                gfcd_doSetConTsk
                0x0600f180                GFCD_AllocFilt
                0x0600f37c                GFCD_SetFilt
                0x0600fd80                gfcd_doSetFiltTsk
                0x060108b0                GFCD_ClrScdqFlag
                0x060101c8                gfcd_doDelSctDataTsk
                0x0600fc84                gfcd_doTask
                0x0600f2f8                GFCD_GetPickup
                0x0600f848                GFCD_CheckMove
                0x060108cc                GFCD_WaitScdqFlag
                0x0600f4e0                GFCD_Play
                0x060102fc                gfcd_doMoveSctTsk
                0x0600f488                GFCD_SetCon
                0x0600f928                GFCD_SetFiltCon
                0x06010910                GFCD_WaitPause
                0x0600faec                GFCD_GetBufSiz
                0x0600f32c                GFCD_UngetPickup
                0x0600fa10                GFCD_GetFileInfo
                0x0600f604                GFCD_EndData
                0x0600f220                GFCD_FreeBuf
                0x0600f540                GFCD_GetLenData
                0x0600f1bc                GFCD_FreeFilt
                0x0600fbf8                gfcd_isIdleTask
                0x0600ef7c                GFCD_Init
                0x0601065c                gfcd_doSetFiltConTsk
                0x0600f6d4                GFCD_GetStat
                0x0600f7d4                GFCD_MoveSctData
                0x0600f358                GFCD_IsPuOwner
                0x060107c4                gfcd_initCdbMng
                0x0600ef50                GFCD_SetCdbfs
                0x0600fd30                GFCD_SetTimer
                0x06010844                gfcd_setStat
                0x0600f6a4                GFCD_CheckDelSctData
 .text          0x06010960      0x152 ../../Compiler/SGL_302j/LIB_COFF/LIBCD.A(CDC_SUB.O)
                0x06010a08                CDSUB_GetCdstat
                0x06010978                CDSUB_UpdCdstat
                0x06010a48                CDSUB_RspToCdstat
                0x06010a90                CDSUB_SoftTimer
                0x06010960                CDSUB_UpdStatus
                0x06010998                CDSUB_CdCmd
 *fill*         0x06010ab2        0xe 00
 .text          0x06010ac0      0x1e4 ../../Compiler/SGL_302j/LIB_COFF/LIBCD.A(CDC_BIO.O)
                0x06010b6c                CDC_GetdelSctData
                0x06010af4                CDC_GetSctData
                0x06010ba8                CDC_PutSctData
                0x06010c24                CDC_MoveSctData
                0x06010c68                CDC_GetCopyErr
                0x06010b30                CDC_DelSctData
                0x06010ac0                CDC_SetSctLen
                0x06010be0                CDC_CopySctData
 *fill*         0x06010ca4        0xc 00
 .text          0x06010cb0      0x2b8 ../../Compiler/SGL_302j/LIB_COFF/LIBCD.A(CDC_SEL.O)
                0x06010ee0                CDC_GetFiltCon
                0x06010e5c                CDC_GetFiltMode
                0x06010f34                CDC_ResetSelector
                0x06010cb0                CDC_SetFiltRange
                0x06010d3c                CDC_SetFiltSubh
                0x06010dac                CDC_GetFiltSubh
                0x06010ce4                CDC_GetFiltRange
                0x06010e28                CDC_SetFiltMode
                0x06010ea0                CDC_SetFiltCon
 *fill*         0x06010f68        0x8 00
 .text          0x06010f70      0x130 ../../Compiler/SGL_302j/LIB_COFF/LIBCD.A(CDC_DRV.O)
                0x06010f70                CDC_CdPlay
                0x0601103c                CDC_CdSeek
                0x06011070                CDC_CdScan
 .text          0x060110a0      0x270 ../../Compiler/SGL_302j/LIB_COFF/LIBCD.A(CDC_BIF.O)
                0x060110fc                CDC_GetSctNum
                0x0601127c                CDC_ExeFadSearch
                0x060111fc                CDC_GetSctInfo
                0x06011140                CDC_CalActSiz
                0x060110a0                CDC_GetBufSiz
                0x0601117c                CDC_GetActSiz
                0x060112b4                CDC_GetFadSearch
 .text          0x06011310       0xa8 ../../Compiler/SGL_302j/LIB_COFF/LIBCD.A(CDC_DEV.O)
                0x0601137c                CDC_CdGetLastBuf
                0x06011310                CDC_CdSetCon
                0x06011340                CDC_CdGetCon
 *fill*         0x060113b8        0x8 00
 .text          0x060113c0      0x128 ../../Compiler/SGL_302j/LIB_COFF/LIBSGL.A(sglIc0.o)
                0x060113c0                slInitSystem
 *fill*         0x060114e8        0x8 00
 .text          0x060114f0       0xb0 d:/google drive/gamedev/saturn/jo engine/compiler/sh_coff/sh-coff/bin/../lib/gcc/sh-coff/4.0-GNUSH_v0601\libgcc.a(_si_to_df.o)
                0x060114f0                __floatsidf
 .text          0x060115a0      0x3b0 d:/google drive/gamedev/saturn/jo engine/compiler/sh_coff/sh-coff/bin/../lib/gcc/sh-coff/4.0-GNUSH_v0601\libgcc.a(_mul_df.o)
                0x060115b0                __muldf3
 .text          0x06011950      0x100 d:/google drive/gamedev/saturn/jo engine/compiler/sh_coff/sh-coff/bin/../lib/gcc/sh-coff/4.0-GNUSH_v0601\libgcc.a(_df_to_si.o)
                0x06011950                __fixdfsi
 .text          0x06011a50       0x70 d:/google drive/gamedev/saturn/jo engine/compiler/sh_coff/sh-coff/bin/../lib/gcc/sh-coff/4.0-GNUSH_v0601\libgcc.a(_udivsi3.o)
                0x06011a72                __udivsi3
 .text          0x06011ac0       0xa0 d:/google drive/gamedev/saturn/jo engine/compiler/sh_coff/sh-coff/bin/../lib/gcc/sh-coff/4.0-GNUSH_v0601\libgcc.a(_sdivsi3.o)
                0x06011ac0                __sdivsi3
 .text          0x06011b60       0xa0 d:/google drive/gamedev/saturn/jo engine/compiler/sh_coff/sh-coff/bin/../lib/gcc/sh-coff/4.0-GNUSH_v0601\libgcc.a(_sf_to_si.o)
                0x06011b60                __fixsfsi
 .text          0x06011c00      0x170 d:/google drive/gamedev/saturn/jo engine/compiler/sh_coff/sh-coff/bin/../lib/gcc/sh-coff/4.0-GNUSH_v0601\libgcc.a(_mul_sf.o)
                0x06011c00                __mulsf3
 .text          0x06011d70       0x90 d:/google drive/gamedev/saturn/jo engine/compiler/sh_coff/sh-coff/bin/../lib/gcc/sh-coff/4.0-GNUSH_v0601\libgcc.a(_si_to_sf.o)
                0x06011d70                __floatsisf
 .text          0x06011e00       0xa0 d:/google drive/gamedev/saturn/jo engine/compiler/sh_coff/sh-coff/bin/../lib/gcc/sh-coff/4.0-GNUSH_v0601\libgcc.a(__main.o)
                0x06011e74                __main
                0x06011e00                __do_global_dtors
                0x06011e34                __do_global_ctors
 .text          0x06011ea0       0x70 d:/google drive/gamedev/saturn/jo engine/compiler/sh_coff/sh-coff/bin/../lib/gcc/sh-coff/4.0-GNUSH_v0601\libgcc.a(_le_sf.o)
                0x06011ea0                __lesf2
 .text          0x06011f10       0x70 d:/google drive/gamedev/saturn/jo engine/compiler/sh_coff/sh-coff/bin/../lib/gcc/sh-coff/4.0-GNUSH_v0601\libgcc.a(_ge_sf.o)
                0x06011f10                __gesf2
 .text          0x06011f80       0x70 d:/google drive/gamedev/saturn/jo engine/compiler/sh_coff/sh-coff/bin/../lib/gcc/sh-coff/4.0-GNUSH_v0601\libgcc.a(_gt_sf.o)
                0x06011f80                __gtsf2
 .text          0x06011ff0      0x120 d:/google drive/gamedev/saturn/jo engine/compiler/sh_coff/sh-coff/bin/../lib/gcc/sh-coff/4.0-GNUSH_v0601\libgcc.a(_div_sf.o)
                0x06011ff0                __divsf3
 .text          0x06012110       0x70 d:/google drive/gamedev/saturn/jo engine/compiler/sh_coff/sh-coff/bin/../lib/gcc/sh-coff/4.0-GNUSH_v0601\libgcc.a(_lt_sf.o)
                0x06012110                __ltsf2
 .text          0x06012180      0x250 d:/google drive/gamedev/saturn/jo engine/compiler/sh_coff/sh-coff/bin/../lib/gcc/sh-coff/4.0-GNUSH_v0601\libgcc.a(_addsub_sf.o)
                0x06012314                __subsf3
                0x06012374                __addsf3
 .text          0x060123d0      0x100 d:/google drive/gamedev/saturn/jo engine/compiler/sh_coff/sh-coff/bin/../lib/gcc/sh-coff/4.0-GNUSH_v0601\libgcc.a(_sf_to_df.o)
                0x060123d0                __extendsfdf2
 .text          0x060124d0       0x70 d:/google drive/gamedev/saturn/jo engine/compiler/sh_coff/sh-coff/bin/../lib/gcc/sh-coff/4.0-GNUSH_v0601\libgcc.a(_df_to_sf.o)
                0x060124d0                __truncdfsf2
 .text          0x06012540      0x350 d:/google drive/gamedev/saturn/jo engine/compiler/sh_coff/sh-coff/bin/../lib/gcc/sh-coff/4.0-GNUSH_v0601\libgcc.a(_addsub_df.o)
                0x060127cc                __subdf3
                0x06012830                __adddf3
 .text          0x06012890       0x60 d:/google drive/gamedev/saturn/jo engine/compiler/sh_coff/sh-coff/bin/../lib/gcc/sh-coff/4.0-GNUSH_v0601\libgcc.a(_ashiftrt.o)
                0x0601289c                __ashiftrt_r4_27
                0x060128d0                __ashiftrt_r4_6
                0x060128c0                __ashiftrt_r4_14
                0x060128b2                __ashiftrt_r4_19
                0x060128ca                __ashiftrt_r4_9
                0x060128de                __ashiftrt_r4_0
                0x06012890                __ashiftrt_r4_31
                0x0601289e                __ashiftrt_r4_26
                0x060128ac                __ashiftrt_r4_22
                0x060128b8                __ashiftrt_r4_16
                0x060128c4                __ashiftrt_r4_12
                0x06012898                __ashiftrt_r4_29
                0x060128b6                __ashiftrt_r4_17
                0x06012896                __ashiftrt_r4_30
                0x060128d2                __ashiftrt_r4_5
                0x060128cc                __ashiftrt_r4_8
                0x06012890                __ashiftrt_r4_32
                0x060128a0                __ashiftrt_r4_25
                0x060128d8                __ashiftrt_r4_2
                0x060128a2                __ashiftrt_r4_24
                0x060128be                __ashiftrt_r4_15
                0x060128c8                __ashiftrt_r4_10
                0x060128da                __ashiftrt_r4_1
                0x0601289a                __ashiftrt_r4_28
                0x060128b0                __ashiftrt_r4_20
                0x060128ce                __ashiftrt_r4_7
                0x060128c2                __ashiftrt_r4_13
                0x060128c6                __ashiftrt_r4_11
                0x060128d4                __ashiftrt_r4_4
                0x060128aa                __ashiftrt_r4_23
                0x060128b4                __ashiftrt_r4_18
                0x060128ae                __ashiftrt_r4_21
                0x060128d6                __ashiftrt_r4_3
 .text          0x060128f0       0x90 d:/google drive/gamedev/saturn/jo engine/compiler/sh_coff/sh-coff/bin/../lib/gcc/sh-coff/4.0-GNUSH_v0601\libgcc.a(_lshiftrt.o)
                0x060128f0                __lshrsi3
 .text          0x06012980      0x1b0 d:/google drive/gamedev/saturn/jo engine/compiler/sh_coff/sh-coff/bin/../lib/gcc/sh-coff/4.0-GNUSH_v0601\libgcc.a(_div_df.o)
                0x06012988                __divdf3
 .text          0x06012b30       0x90 d:/google drive/gamedev/saturn/jo engine/compiler/sh_coff/sh-coff/bin/../lib/gcc/sh-coff/4.0-GNUSH_v0601\libgcc.a(_ashiftrt_n.o)
                0x06012b30                __ashrsi3
 .text          0x06012bc0       0x90 d:/google drive/gamedev/saturn/jo engine/compiler/sh_coff/sh-coff/bin/../lib/gcc/sh-coff/4.0-GNUSH_v0601\libgcc.a(_ashiftlt.o)
                0x06012bc0                __ashlsi3
 .text          0x06012c50      0x5f0 d:/google drive/gamedev/saturn/jo engine/compiler/sh_coff/sh-coff/bin/../lib/gcc/sh-coff/4.0-GNUSH_v0601\libgcc.a(_pack_df.o)
                0x06012c60                __pack_d
 .text          0x06013240      0x180 d:/google drive/gamedev/saturn/jo engine/compiler/sh_coff/sh-coff/bin/../lib/gcc/sh-coff/4.0-GNUSH_v0601\libgcc.a(_unpack_df.o)
                0x06013250                __unpack_d
 .text          0x060133c0       0xd0 d:/google drive/gamedev/saturn/jo engine/compiler/sh_coff/sh-coff/bin/../lib/gcc/sh-coff/4.0-GNUSH_v0601\libgcc.a(_muldi3.o)
                0x060133c0                __muldi3
 .text          0x06013490       0x20 d:/google drive/gamedev/saturn/jo engine/compiler/sh_coff/sh-coff/bin/../lib/gcc/sh-coff/4.0-GNUSH_v0601\libgcc.a(_thenan_df.o)
                0x06013490                __thenan_df
 .text          0x060134b0       0xc0 d:/google drive/gamedev/saturn/jo engine/compiler/sh_coff/sh-coff/bin/../lib/gcc/sh-coff/4.0-GNUSH_v0601\libgcc.a(_unpack_sf.o)
                0x060134b0                __unpack_f
 .text          0x06013570       0x10 d:/google drive/gamedev/saturn/jo engine/compiler/sh_coff/sh-coff/bin/../lib/gcc/sh-coff/4.0-GNUSH_v0601\libgcc.a(_thenan_sf.o)
                0x06013570                __thenan_sf
 .text          0x06013580      0x1c0 d:/google drive/gamedev/saturn/jo engine/compiler/sh_coff/sh-coff/bin/../lib/gcc/sh-coff/4.0-GNUSH_v0601\libgcc.a(_pack_sf.o)
                0x06013580                __pack_f
 .text          0x06013740       0xa0 d:/google drive/gamedev/saturn/jo engine/compiler/sh_coff/sh-coff/bin/../lib/gcc/sh-coff/4.0-GNUSH_v0601\libgcc.a(_fpcmp_parts_sf.o)
                0x06013740                __fpcmp_parts_f
 .text          0x060137e0       0x30 d:/google drive/gamedev/saturn/jo engine/compiler/sh_coff/sh-coff/bin/../lib/gcc/sh-coff/4.0-GNUSH_v0601\libgcc.a(_make_df.o)
                0x060137e0                __make_dp
 .text          0x06013810       0x30 d:/google drive/gamedev/saturn/jo engine/compiler/sh_coff/sh-coff/bin/../lib/gcc/sh-coff/4.0-GNUSH_v0601\libgcc.a(_make_sf.o)
                0x06013810                __make_fp
 .text          0x06013840       0x30 d:/google drive/gamedev/saturn/jo engine/compiler/sh_coff/sh-coff/bin/../lib/gcc/sh-coff/4.0-GNUSH_v0601\libgcc.a(_mulsi3.o)
                0x06013840                __mulsi3
 .text          0x06013870       0xb0 d:/google drive/gamedev/saturn/jo engine/compiler/sh_coff/sh-coff/bin/../lib/gcc/sh-coff/4.0-GNUSH_v0601/../../../../sh-coff/lib\libc.a(sprintf.o)
                0x060138c0                sprintf
                0x06013870                _sprintf_r
 .text          0x06013920       0xa0 d:/google drive/gamedev/saturn/jo engine/compiler/sh_coff/sh-coff/bin/../lib/gcc/sh-coff/4.0-GNUSH_v0601/../../../../sh-coff/lib\libc.a(memcpy.o)
                0x06013920                memcpy
 .text          0x060139c0       0x80 d:/google drive/gamedev/saturn/jo engine/compiler/sh_coff/sh-coff/bin/../lib/gcc/sh-coff/4.0-GNUSH_v0601/../../../../sh-coff/lib\libc.a(memcmp.o)
                0x060139c0                memcmp
 .text          0x06013a40      0x100 d:/google drive/gamedev/saturn/jo engine/compiler/sh_coff/sh-coff/bin/../lib/gcc/sh-coff/4.0-GNUSH_v0601/../../../../sh-coff/lib\libc.a(strncmp.o)
                0x06013a40                strncmp
 .text          0x06013b40       0xd0 d:/google drive/gamedev/saturn/jo engine/compiler/sh_coff/sh-coff/bin/../lib/gcc/sh-coff/4.0-GNUSH_v0601/../../../../sh-coff/lib\libc.a(strncpy.o)
                0x06013b40                strncpy
 .text          0x06013c10       0x40 d:/google drive/gamedev/saturn/jo engine/compiler/sh_coff/sh-coff/bin/../lib/gcc/sh-coff/4.0-GNUSH_v0601/../../../../sh-coff/lib\libc.a(memset.o)
                0x06013c10                memset
 .text          0x06013c50       0x90 d:/google drive/gamedev/saturn/jo engine/compiler/sh_coff/sh-coff/bin/../lib/gcc/sh-coff/4.0-GNUSH_v0601/../../../../sh-coff/lib\libc.a(atexit.o)
                0x06013c50                atexit
 .text          0x06013ce0     0x1d20 d:/google drive/gamedev/saturn/jo engine/compiler/sh_coff/sh-coff/bin/../lib/gcc/sh-coff/4.0-GNUSH_v0601/../../../../sh-coff/lib\libc.a(vfprintf.o)
                0x06013d98                _vfprintf_r
                0x060159d8                vfprintf
 .text          0x06015a00       0x10 d:/google drive/gamedev/saturn/jo engine/compiler/sh_coff/sh-coff/bin/../lib/gcc/sh-coff/4.0-GNUSH_v0601/../../../../sh-coff/lib\libc.a(impure.o)
                0x06015a00                _global_impure_ptr
 .text          0x06015a10       0x40 d:/google drive/gamedev/saturn/jo engine/compiler/sh_coff/sh-coff/bin/../lib/gcc/sh-coff/4.0-GNUSH_v0601/../../../../sh-coff/lib\libc.a(malloc.o)
                0x06015a2c                free
                0x06015a10                malloc
 .text          0x06015a50      0x300 d:/google drive/gamedev/saturn/jo engine/compiler/sh_coff/sh-coff/bin/../lib/gcc/sh-coff/4.0-GNUSH_v0601/../../../../sh-coff/lib\libc.a(fvwrite.o)
                0x06015a50                __sfvwrite
 .text          0x06015d50      0x100 d:/google drive/gamedev/saturn/jo engine/compiler/sh_coff/sh-coff/bin/../lib/gcc/sh-coff/4.0-GNUSH_v0601/../../../../sh-coff/lib\libc.a(locale.o)
                0x06015e18                setlocale
                0x06015d98                _setlocale_r
                0x06015df4                __locale_charset
                0x06015e38                localeconv
                0x06015e08                _localeconv_r
 .text          0x06015e50      0x360 d:/google drive/gamedev/saturn/jo engine/compiler/sh_coff/sh-coff/bin/../lib/gcc/sh-coff/4.0-GNUSH_v0601/../../../../sh-coff/lib\libc.a(freer.o)
                0x06015e50                _malloc_trim_r
                0x06015f38                _free_r
 .text          0x060161b0       0x20 d:/google drive/gamedev/saturn/jo engine/compiler/sh_coff/sh-coff/bin/../lib/gcc/sh-coff/4.0-GNUSH_v0601/../../../../sh-coff/lib\libc.a(strlen.o)
                0x060161b0                strlen
 .text          0x060161d0      0x270 d:/google drive/gamedev/saturn/jo engine/compiler/sh_coff/sh-coff/bin/../lib/gcc/sh-coff/4.0-GNUSH_v0601/../../../../sh-coff/lib\libc.a(findfp.o)
                0x060162e4                __sfp
                0x0601626c                __sfp_lock_acquire
                0x06016414                __fp_unlock_all
                0x060162d8                __sfp_lock_release
                0x06016278                __sinit
                0x060163c4                _cleanup
                0x060163f4                __fp_lock_all
                0x060163ac                _cleanup_r
                0x06016214                __sfmoreglue
 .text          0x06016440       0xd0 d:/google drive/gamedev/saturn/jo engine/compiler/sh_coff/sh-coff/bin/../lib/gcc/sh-coff/4.0-GNUSH_v0601/../../../../sh-coff/lib\libc.a(fflush.o)
                0x06016440                fflush
 .text          0x06016510       0xf0 d:/google drive/gamedev/saturn/jo engine/compiler/sh_coff/sh-coff/bin/../lib/gcc/sh-coff/4.0-GNUSH_v0601/../../../../sh-coff/lib\libc.a(wsetup.o)
                0x06016510                __swsetup
 .text          0x06016600       0x70 d:/google drive/gamedev/saturn/jo engine/compiler/sh_coff/sh-coff/bin/../lib/gcc/sh-coff/4.0-GNUSH_v0601/../../../../sh-coff/lib\libc.a(wcrtomb.o)
                0x06016600                _wcrtomb_r
                0x0601664c                wcrtomb
 .text          0x06016670       0x40 d:/google drive/gamedev/saturn/jo engine/compiler/sh_coff/sh-coff/bin/../lib/gcc/sh-coff/4.0-GNUSH_v0601/../../../../sh-coff/lib\libc.a(s_isinf.o)
                0x06016670                isinf
 .text          0x060166b0       0xd0 d:/google drive/gamedev/saturn/jo engine/compiler/sh_coff/sh-coff/bin/../lib/gcc/sh-coff/4.0-GNUSH_v0601/../../../../sh-coff/lib\libc.a(memchr.o)
                0x060166b0                memchr
 .text          0x06016780      0x6a0 d:/google drive/gamedev/saturn/jo engine/compiler/sh_coff/sh-coff/bin/../lib/gcc/sh-coff/4.0-GNUSH_v0601/../../../../sh-coff/lib\libc.a(mallocr.o)
                0x06016780                _malloc_r
 .text          0x06016e20      0x130 d:/google drive/gamedev/saturn/jo engine/compiler/sh_coff/sh-coff/bin/../lib/gcc/sh-coff/4.0-GNUSH_v0601/../../../../sh-coff/lib\libc.a(wcsrtombs.o)
                0x06016e20                _wcsrtombs_r
                0x06016f14                wcsrtombs
 .text          0x06016f50       0x40 d:/google drive/gamedev/saturn/jo engine/compiler/sh_coff/sh-coff/bin/../lib/gcc/sh-coff/4.0-GNUSH_v0601/../../../../sh-coff/lib\libc.a(s_isnan.o)
                0x06016f50                isnan
 .text          0x06016f90     0x1310 d:/google drive/gamedev/saturn/jo engine/compiler/sh_coff/sh-coff/bin/../lib/gcc/sh-coff/4.0-GNUSH_v0601/../../../../sh-coff/lib\libc.a(dtoa.o)
                0x06017134                _dtoa_r
 .text          0x060182a0       0xe0 d:/google drive/gamedev/saturn/jo engine/compiler/sh_coff/sh-coff/bin/../lib/gcc/sh-coff/4.0-GNUSH_v0601/../../../../sh-coff/lib\libc.a(memmove.o)
                0x060182a0                memmove
 .text          0x06018380      0x450 d:/google drive/gamedev/saturn/jo engine/compiler/sh_coff/sh-coff/bin/../lib/gcc/sh-coff/4.0-GNUSH_v0601/../../../../sh-coff/lib\libc.a(reallocr.o)
                0x06018380                _realloc_r
 .text          0x060187d0       0x30 d:/google drive/gamedev/saturn/jo engine/compiler/sh_coff/sh-coff/bin/../lib/gcc/sh-coff/4.0-GNUSH_v0601/../../../../sh-coff/lib\libc.a(strcmp.o)
                0x060187d0                strcmp
 .text          0x06018800       0x20 d:/google drive/gamedev/saturn/jo engine/compiler/sh_coff/sh-coff/bin/../lib/gcc/sh-coff/4.0-GNUSH_v0601/../../../../sh-coff/lib\libc.a(mlock.o)
                0x06018800                __malloc_lock
                0x0601880c                __malloc_unlock
 .text          0x06018820       0x50 d:/google drive/gamedev/saturn/jo engine/compiler/sh_coff/sh-coff/bin/../lib/gcc/sh-coff/4.0-GNUSH_v0601/../../../../sh-coff/lib\libc.a(sbrkr.o)
                0x06018820                _sbrk_r
 .text          0x06018870      0x170 d:/google drive/gamedev/saturn/jo engine/compiler/sh_coff/sh-coff/bin/../lib/gcc/sh-coff/4.0-GNUSH_v0601/../../../../sh-coff/lib\libc.a(stdio.o)
                0x060188c8                __swrite
                0x060189b8                __sclose
                0x06018870                __sread
                0x06018958                __sseek
 .text          0x060189e0      0x130 d:/google drive/gamedev/saturn/jo engine/compiler/sh_coff/sh-coff/bin/../lib/gcc/sh-coff/4.0-GNUSH_v0601/../../../../sh-coff/lib\libc.a(fclose.o)
                0x060189e0                _fclose_r
                0x06018aec                fclose
 .text          0x06018b10      0x200 d:/google drive/gamedev/saturn/jo engine/compiler/sh_coff/sh-coff/bin/../lib/gcc/sh-coff/4.0-GNUSH_v0601/../../../../sh-coff/lib\libc.a(fwalk.o)
                0x06018c84                _fwalk_reent
                0x06018c00                _fwalk
 .text          0x06018d10      0x150 d:/google drive/gamedev/saturn/jo engine/compiler/sh_coff/sh-coff/bin/../lib/gcc/sh-coff/4.0-GNUSH_v0601/../../../../sh-coff/lib\libc.a(makebuf.o)
                0x06018d10                __smakebuf
 .text          0x06018e60      0x2c0 d:/google drive/gamedev/saturn/jo engine/compiler/sh_coff/sh-coff/bin/../lib/gcc/sh-coff/4.0-GNUSH_v0601/../../../../sh-coff/lib\libc.a(wctomb_r.o)
                0x06018e80                _wctomb_r
 .text          0x06019120      0xdc0 d:/google drive/gamedev/saturn/jo engine/compiler/sh_coff/sh-coff/bin/../lib/gcc/sh-coff/4.0-GNUSH_v0601/../../../../sh-coff/lib\libc.a(mprec.o)
                0x06019960                __mcmp
                0x06019de4                _ratio
                0x060195bc                _i2b
                0x06019b5c                _b2d
                0x060193b4                _s2b
                0x0601948c                _hi0bits
                0x06019790                _pow5mult
                0x060199a4                __mdiff
                0x06019868                _lshift
                0x060195e0                _multiply
                0x06019cb0                _d2b
                0x06019238                _Balloc
                0x06019120                __mprec_tinytens
                0x06019e78                _mprec_log10
                0x06019148                __mprec_bigtens
                0x06019ac4                _ulp
                0x060192c8                _Bfree
                0x06019170                __mprec_tens
                0x060194f4                _lo0bits
                0x060192e8                _multadd
 .text          0x06019ee0      0x390 d:/google drive/gamedev/saturn/jo engine/compiler/sh_coff/sh-coff/bin/../lib/gcc/sh-coff/4.0-GNUSH_v0601/../../../../sh-coff/lib\libc.a(syscalls.o)
                0x0601a050                _exit
                0x0601a084                _getpid
                0x0601a0ec                _utime
                0x06019f18                _write
                0x06019ee0                _read
                0x0601a038                _unlink
                0x0601a000                _open
                0x0601a09c                _stat
                0x0601a044                isatty
                0x0601a11c                _wait
                0x0601a068                _kill
                0x0601a0b8                _chmod
                0x0601a14c                _execv
                0x0601a130                _execve
                0x0601a22c                __setup_argv_and_call_main
                0x0601a184                _gettimeofday
                0x06019f4c                _link
                0x0601a090                _raise
                0x0601a01c                _creat
                0x0601a164                _pipe
                0x0601a0d0                _chown
                0x06019efc                _lseek
                0x06019f34                _close
                0x0601a178                _times
                0x06019fec                _fstat
                0x0601a108                _fork
                0x06019f74                _sbrk
 .text          0x0601a270       0x50 d:/google drive/gamedev/saturn/jo engine/compiler/sh_coff/sh-coff/bin/../lib/gcc/sh-coff/4.0-GNUSH_v0601/../../../../sh-coff/lib\libc.a(readr.o)
                0x0601a270                _read_r
 .text          0x0601a2c0       0x50 d:/google drive/gamedev/saturn/jo engine/compiler/sh_coff/sh-coff/bin/../lib/gcc/sh-coff/4.0-GNUSH_v0601/../../../../sh-coff/lib\libc.a(writer.o)
                0x0601a2c0                _write_r
 .text          0x0601a310       0x50 d:/google drive/gamedev/saturn/jo engine/compiler/sh_coff/sh-coff/bin/../lib/gcc/sh-coff/4.0-GNUSH_v0601/../../../../sh-coff/lib\libc.a(lseekr.o)
                0x0601a310                _lseek_r
 .text          0x0601a360       0x50 d:/google drive/gamedev/saturn/jo engine/compiler/sh_coff/sh-coff/bin/../lib/gcc/sh-coff/4.0-GNUSH_v0601/../../../../sh-coff/lib\libc.a(closer.o)
                0x0601a360                _close_r
 .text          0x0601a3b0       0x50 d:/google drive/gamedev/saturn/jo engine/compiler/sh_coff/sh-coff/bin/../lib/gcc/sh-coff/4.0-GNUSH_v0601/../../../../sh-coff/lib\libc.a(fstatr.o)
                0x0601a3b0                _fstat_r
 .text          0x0601a400       0xa0 d:/google drive/gamedev/saturn/jo engine/compiler/sh_coff/sh-coff/bin/../lib/gcc/sh-coff/4.0-GNUSH_v0601/../../../../sh-coff/lib\libc.a(callocr.o)
                0x0601a400                _calloc_r
 .text          0x0601a4a0       0x20 d:/google drive/gamedev/saturn/jo engine/compiler/sh_coff/sh-coff/bin/../lib/gcc/sh-coff/4.0-GNUSH_v0601/../../../../sh-coff/lib\libc.a(trap.o)
                0x0601a4a0                __trap34
 .text          0x0601a4c0       0x20 d:/google drive/gamedev/saturn/jo engine/compiler/sh_coff/sh-coff/bin/../lib/gcc/sh-coff/4.0-GNUSH_v0601/../../../../sh-coff/lib\libc.a(abort.o)
                0x0601a4c0                abort
 .text          0x0601a4e0      0x260 d:/google drive/gamedev/saturn/jo engine/compiler/sh_coff/sh-coff/bin/../lib/gcc/sh-coff/4.0-GNUSH_v0601/../../../../sh-coff/lib\libc.a(signal.o)
                0x0601a59c                _raise_r
                0x0601a720                __sigtramp
                0x0601a6cc                raise
                0x0601a708                _init_signal
                0x0601a658                __sigtramp_r
                0x0601a6e8                signal
                0x0601a52c                _signal_r
                0x0601a4e0                _init_signal_r
 .text          0x0601a740       0x60 d:/google drive/gamedev/saturn/jo engine/compiler/sh_coff/sh-coff/bin/../lib/gcc/sh-coff/4.0-GNUSH_v0601/../../../../sh-coff/lib\libc.a(signalr.o)
                0x0601a788                _getpid_r
                0x0601a740                _kill_r
 .text          0x0601a7a0       0x70 d:/google drive/gamedev/saturn/jo engine/compiler/sh_coff/sh-coff/bin/../lib/gcc/sh-coff/4.0-GNUSH_v0601\libgcc.a(_eq_df.o)
                0x0601a7a0                __eqdf2
 .text          0x0601a810       0x70 d:/google drive/gamedev/saturn/jo engine/compiler/sh_coff/sh-coff/bin/../lib/gcc/sh-coff/4.0-GNUSH_v0601\libgcc.a(_ne_df.o)
                0x0601a810                __nedf2
 .text          0x0601a880       0x70 d:/google drive/gamedev/saturn/jo engine/compiler/sh_coff/sh-coff/bin/../lib/gcc/sh-coff/4.0-GNUSH_v0601\libgcc.a(_lt_df.o)
                0x0601a880                __ltdf2
 .text          0x0601a8f0      0x610 d:/google drive/gamedev/saturn/jo engine/compiler/sh_coff/sh-coff/bin/../lib/gcc/sh-coff/4.0-GNUSH_v0601\libgcc.a(_udivdi3.o)
                0x0601a8f0                __udivdi3
 .text          0x0601af00      0x600 d:/google drive/gamedev/saturn/jo engine/compiler/sh_coff/sh-coff/bin/../lib/gcc/sh-coff/4.0-GNUSH_v0601\libgcc.a(_umoddi3.o)
                0x0601af00                __umoddi3
 .text          0x0601b500       0x70 d:/google drive/gamedev/saturn/jo engine/compiler/sh_coff/sh-coff/bin/../lib/gcc/sh-coff/4.0-GNUSH_v0601\libgcc.a(_gt_df.o)
                0x0601b500                __gtdf2
 .text          0x0601b570       0x70 d:/google drive/gamedev/saturn/jo engine/compiler/sh_coff/sh-coff/bin/../lib/gcc/sh-coff/4.0-GNUSH_v0601\libgcc.a(_ge_df.o)
                0x0601b570                __gedf2
 .text          0x0601b5e0       0xb0 d:/google drive/gamedev/saturn/jo engine/compiler/sh_coff/sh-coff/bin/../lib/gcc/sh-coff/4.0-GNUSH_v0601\libgcc.a(_fpcmp_parts_df.o)
                0x0601b5e0                __fpcmp_parts_d
 .text          0x0601b690      0x100 d:/google drive/gamedev/saturn/jo engine/compiler/sh_coff/sh-coff/bin/../lib/gcc/sh-coff/4.0-GNUSH_v0601\libgcc.a(_clz.o)
                0x0601b690                __clz_tab
 *(.strings)
                0x0601b790                __etext = .

.rodata
 *(.rodata)

SLPROG          0x0601b7a0    0x11b60
                0x0601b7a0                __slprog_start = .
 *(SLPROG)
 SLPROG         0x0601b7a0     0x6540 ../../Compiler/SGL_302j/LIB_COFF/SGLAREA.O
                0x0601b7bc                SpriteBuf
                0x0601b7e0                RemainEvent
                0x0601b7ac                SortList
                0x0601b7aa                MaxPolygons
                0x0601b7c8                CommandBuf
                0x0601b7dc                MaxWorks
                0x0601b7de                WorkSize
                0x0601b7d4                PCM_WkSize
                0x0601b7cc                CLOfstBuf
                0x0601b8e0                RemainWork
                0x0601b7d0                PCM_Work
                0x0601b7a0                MasterStack
                0x0601b7a4                SlaveStack
                0x0601b7a8                MaxVertices
                0x0601b7d8                MaxEvents
                0x0601b7b8                Zbuffer
                0x0601b7c0                SpriteBufSize
                0x0601dce0                WorkBuf
                0x0601b7b4                TransList
                0x0601b7c4                Pbuffer
                0x0601b7b0                SortListSize
                0x0601b7da                EventSize
                0x0601bce0                EventBuf
 SLPROG         0x06021ce0     0x1218 ../../Compiler/SGL_302j/LIB_COFF/LIBSGL.A(sglC08.o)
                0x06021ce0                slPutPolygon
                0x0602295c                MsCalcDepthFlat
 *fill*         0x06022ef8        0x8 00
 SLPROG         0x06022f00       0x48 ../../Compiler/SGL_302j/LIB_COFF/LIBSGL.A(sglA21.o)
                0x06022f34                slPopMatrix
                0x06022f00                slPushMatrix
                0x06022f34                slDecMatrixPtr
 *fill*         0x06022f48        0x8 00
 SLPROG         0x06022f50       0x78 ../../Compiler/SGL_302j/LIB_COFF/LIBSGL.A(sglA18.o)
                0x06022f5a                slRotYSC
                0x06022f50                slRotY
 *fill*         0x06022fc8        0x8 00
 SLPROG         0x06022fd0       0x50 ../../Compiler/SGL_302j/LIB_COFF/LIBSGL.A(sglA27.o)
                0x06022fd0                slTranslate
 SLPROG         0x06023020       0x70 ../../Compiler/SGL_302j/LIB_COFF/LIBSGL.A(sglA28.o)
                0x06023020                slScale
 SLPROG         0x06023090      0x42c ../../Compiler/SGL_302j/LIB_COFF/LIBSGL.A(sglA20.o)
                0x06023090                slInitMatrix
                0x060230ae                slUnitMatrix
                0x0602309a                slPushUnitMatrix
 *fill*         0x060234bc        0x4 00
 SLPROG         0x060234c0       0x4e ../../Compiler/SGL_302j/LIB_COFF/LIBSGL.A(sglF00.o)
                0x060234da                slLocate
                0x060234d0                slCurColor
                0x0602350c                CurrentScreen
                0x060234c0                slCurScrn
 *fill*         0x0602350e        0x2 00
 SLPROG         0x06023510      0x12a ../../Compiler/SGL_302j/LIB_COFF/LIBSGL.A(sglF03.o)
                0x06023510                slPrintFX
 *fill*         0x0602363a        0x6 00
 SLPROG         0x06023640      0x3a4 ../../Compiler/SGL_302j/LIB_COFF/LIBSGL.A(sglI01.o)
                0x0602382a                RetPCMBuf
                0x06023964                Sound_Buf
                0x06023640                slInitSynch
                0x06023750                slRandom
                0x060238c4                PCM_Buf
                0x0602365a                slSynch
                0x0602376e                PCM_EndCheck
 *fill*         0x060239e4        0xc 00
 SLPROG         0x060239f0       0x2c ../../Compiler/SGL_302j/LIB_COFF/LIBSGL.A(sglC04.o)
                0x060239f0                slZdspLevel
 *fill*         0x06023a1c        0x4 00
 SLPROG         0x06023a20       0x10 ../../Compiler/SGL_302j/LIB_COFF/LIBSGL.A(sglI04.o)
                0x06023a20                slIntFunction
 SLPROG         0x06023a30      0x40c ../../Compiler/SGL_302j/LIB_COFF/LIBSGL.A(sglB015.o)
                0x06023a30                slScrAutoDisp
 *fill*         0x06023e3c        0x4 00
 SLPROG         0x06023e40       0x1c ../../Compiler/SGL_302j/LIB_COFF/LIBSGL.A(sglF05.o)
                0x06023e40                slPrint
 *fill*         0x06023e5c        0x4 00
 SLPROG         0x06023e60       0x84 ../../Compiler/SGL_302j/LIB_COFF/LIBSGL.A(sglD00.o)
                0x06023e60                slDMACopy
                0x06023e60                slCpuDMACopy
                0x06023eba                slCashPurge
                0x06023eba                CSH_AllClr
 *fill*         0x06023ee4        0xc 00
 SLPROG         0x06023ef0       0x10 ../../Compiler/SGL_302j/LIB_COFF/LIBSGL.A(sglD02.o)
                0x06023ef0                slDMAWait
 SLPROG         0x06023f00      0x114 ../../Compiler/SGL_302j/LIB_COFF/LIBSGL.A(sglB200.o)
                0x06023f0c                slCharNbg0
                0x06023f52                slPageRbg0
                0x06023f68                slPageNbg1
                0x06023f18                slCharNbg1
                0x06023f84                slPageNbg0
                0x06023f70                slPageNbg2
                0x06023f78                slPageNbg3
                0x06023f24                slCharNbg2
                0x06023f3a                slCharNbg3
                0x06023f00                slCharRbg0
 *fill*         0x06024014        0xc 00
 SLPROG         0x06024020       0x10 ../../Compiler/SGL_302j/LIB_COFF/LIBSGL.A(sglB058.o)
                0x06024020                slPlaneNbg3
 SLPROG         0x06024030        0xc ../../Compiler/SGL_302j/LIB_COFF/LIBSGL.A(sglB063.o)
                0x06024030                slPriority
 *fill*         0x0602403c        0x4 00
 SLPROG         0x06024040       0xb4 ../../Compiler/SGL_302j/LIB_COFF/LIBSGL.A(sglB034.o)
                0x06024040                slMapNbg3
 *fill*         0x060240f4        0xc 00
 SLPROG         0x06024100       0x24 ../../Compiler/SGL_302j/LIB_COFF/LIBSGL.A(sglB010.o)
                0x06024100                slBitMapNbg0
 *fill*         0x06024124        0xc 00
 SLPROG         0x06024130       0x14 ../../Compiler/SGL_302j/LIB_COFF/LIBSGL.A(sglB061.o)
                0x06024130                slBMPalette
 *fill*         0x06024144        0xc 00
 SLPROG         0x06024150        0xc ../../Compiler/SGL_302j/LIB_COFF/LIBSGL.A(sglB016.o)
                0x06024150                slBack1ColSet
 *fill*         0x0602415c        0x4 00
 SLPROG         0x06024160       0x10 ../../Compiler/SGL_302j/LIB_COFF/LIBSGL.A(sglB028.o)
                0x06024160                slColOffsetB
 SLPROG         0x06024170        0x8 ../../Compiler/SGL_302j/LIB_COFF/LIBSGL.A(sglB024.o)
                0x06024170                slColOffsetOn
 *fill*         0x06024178        0x8 00
 SLPROG         0x06024180       0x10 ../../Compiler/SGL_302j/LIB_COFF/LIBSGL.A(sglB025.o)
                0x06024180                slColOffsetBUse
 SLPROG         0x06024190       0x20 ../../Compiler/SGL_302j/LIB_COFF/LIBSGL.A(sglB001.o)
                0x06024190                slTVOn
                0x0602419a                slTVOff
 SLPROG         0x060241b0       0x24 ../../Compiler/SGL_302j/LIB_COFF/LIBSGL.A(sglB011.o)
                0x060241b0                slBitMapNbg1
 *fill*         0x060241d4        0xc 00
 SLPROG         0x060241e0        0xc ../../Compiler/SGL_302j/LIB_COFF/LIBSGL.A(sglB071.o)
                0x060241e0                slScrPosNbg1
 *fill*         0x060241ec        0x4 00
 SLPROG         0x060241f0       0x34 ../../Compiler/SGL_302j/LIB_COFF/LIBSGL.A(sglB070.o)
                0x060241f0                slScrPosNbg0
 *fill*         0x06024224        0xc 00
 SLPROG         0x06024230       0x10 ../../Compiler/SGL_302j/LIB_COFF/LIBSGL.A(sglB027.o)
                0x06024230                slColOffsetA
 SLPROG         0x06024240       0x10 ../../Compiler/SGL_302j/LIB_COFF/LIBSGL.A(sglA08.o)
                0x06024240                slInnerProduct
 SLPROG         0x06024250     0x411e ../../Compiler/SGL_302j/LIB_COFF/LIBSGL.A(sglA01.o)
                0x0602432c                sin_cos_index_tbl
                0x06024250                slSin
                0x0602436c                sin_tbl
                0x06024298                GetSinCos
                0x06024274                slCos
 *fill*         0x0602836e        0x2 00
 SLPROG         0x06028370        0xa ../../Compiler/SGL_302j/LIB_COFF/LIBSGL.A(sglA06.o)
                0x06028370                slMulFX
 *fill*         0x0602837a        0x6 00
 SLPROG         0x06028380       0x14 ../../Compiler/SGL_302j/LIB_COFF/LIBSGL.A(sglF11.o)
                0x06028380                slAng2FX
 *fill*         0x06028394        0xc 00
 SLPROG         0x060283a0      0xfc8 ../../Compiler/SGL_302j/LIB_COFF/LIBSGL.A(sglH00.o)
                0x0602843c                slSetPortData1
                0x0602842c                slGetPortData1
                0x06028c1a                slSetPortMode1
                0x06028e54                Smpc_Status
                0x060283f2                slSetPortDir2
                0x06028a38                slSmpcCashSend
                0x06028458                slGetPortSelect1
                0x0602883e                slIntBackCancel
                0x060284f0                slSetPortExt1
                0x06028c00                slGetPortMode1
                0x06028af4                slSmpcCashBlow
                0x06028de4                slRequestCommand
                0x06028e84                SmpcStatusBuf
                0x06028446                slSetPortData2
                0x060287a6                slSetResultBuffer
                0x060284dc                slGetPortExt1
                0x06028520                slSetPortExt2
                0x060283c0                slGetPortDir2
                0x060284e6                slGetPortExt2
                0x06028872                slClearReset
                0x06028868                slCheckReset
                0x060283c8                slSetPortDir1
                0x060284a0                slSetPortSelect2
                0x0602846c                slSetPortSelect1
                0x06028c0c                slGetPortMode2
                0x06028462                slGetPortSelect2
                0x060283b8                slGetPortDir1
                0x06028434                slGetPortData2
                0x06028bda                slSetOptimize
                0x06028bd0                slGetOptimize
                0x06028694                slSmpcDirectAccess
                0x06028e62                Per_Connect1
                0x06028714                slInitPeripheral
                0x06028832                slCheckIntBackSet
                0x06028e63                Per_Connect2
                0x06028e5c                Smpc_Peripheral
                0x06028c58                slSetPortMode2
                0x06028e58                Smpc_Result
 *fill*         0x06029368        0x8 00
 SLPROG         0x06029370       0x38 ../../Compiler/SGL_302j/LIB_COFF/LIBSGL.A(sglA05.o)
                0x06029370                slSquart
                0x0602939c                slSquartFX
 *fill*         0x060293a8        0x8 00
 SLPROG         0x060293b0       0x14 ../../Compiler/SGL_302j/LIB_COFF/LIBSGL.A(sglA07.o)
                0x060293b0                slDivFX
 *fill*         0x060293c4        0xc 00
 SLPROG         0x060293d0       0x18 ../../Compiler/SGL_302j/LIB_COFF/LIBSGL.A(sglA15.o)
                0x060293d0                slSlaveFunc
 *fill*         0x060293e8        0x8 00
 SLPROG         0x060293f0        0xc ../../Compiler/SGL_302j/LIB_COFF/LIBSGL.A(sglB056.o)
                0x060293f0                slPlaneNbg1
 *fill*         0x060293fc        0x4 00
 SLPROG         0x06029400       0xb4 ../../Compiler/SGL_302j/LIB_COFF/LIBSGL.A(sglB032.o)
                0x06029400                slMapNbg1
 *fill*         0x060294b4        0xc 00
 SLPROG         0x060294c0        0xc ../../Compiler/SGL_302j/LIB_COFF/LIBSGL.A(sglB053.o)
                0x060294c0                slZoomNbg1
 *fill*         0x060294cc        0x4 00
 SLPROG         0x060294d0       0xa8 ../../Compiler/SGL_302j/LIB_COFF/LIBSGL.A(sglH01.o)
                0x06029530                slSetSoundOutput
                0x06029508                slSetSoundEffect
                0x060294fc                slGetSoundEffect
                0x06029524                slGetSoundOutput
                0x0602954c                slGetHelpWindow
                0x060294d0                slGetLanguage
                0x060294da                slSetLanguage
                0x06029558                slSetHelpWindow
 *fill*         0x06029578        0x8 00
 SLPROG         0x06029580      0x162 ../../Compiler/SGL_302j/LIB_COFF/LIBSGL.A(sglC07.o)
                0x06029586                slPutSprite
 *fill*         0x060296e2        0xe 00
 SLPROG         0x060296f0       0xfa ../../Compiler/SGL_302j/LIB_COFF/LIBSGL.A(sglC06.o)
                0x060296f0                slDispSprite
 *fill*         0x060297ea        0x6 00
 SLPROG         0x060297f0       0x84 ../../Compiler/SGL_302j/LIB_COFF/LIBSGL.A(sglD16.o)
                0x06029838                DMA_SCU_PRM0
                0x060297f0                DMA_ScuSetPrm
 *fill*         0x06029874        0xc 00
 SLPROG         0x06029880       0x88 ../../Compiler/SGL_302j/LIB_COFF/LIBSGL.A(sglD17.o)
                0x06029880                DMA_ScuStart
 *fill*         0x06029908        0x8 00
 SLPROG         0x06029910       0x20 ../../Compiler/SGL_302j/LIB_COFF/LIBSGL.A(sglD15.o)
                0x06029910                CSH_Purge
 SLPROG         0x06029930       0x34 ../../Compiler/SGL_302j/LIB_COFF/LIBSGL.A(sglD18.o)
                0x06029930                DMA_ScuGetStatus
 *fill*         0x06029964        0xc 00
 SLPROG         0x06029970       0xa0 ../../Compiler/SGL_302j/LIB_COFF/LIBSGL.A(sglD01.o)
                0x06029970                slDMAXCopy
 SLPROG         0x06029a10        0xc ../../Compiler/SGL_302j/LIB_COFF/LIBSGL.A(sglD03.o)
                0x06029a10                slDMAStatus
 *fill*         0x06029a1c        0x4 00
 SLPROG         0x06029a20     0x12b8 ../../Compiler/SGL_302j/LIB_COFF/LIBSGL.A(sglJ02.o)
                0x0602ac54                stvtc_1
                0x0602a98c                stvtc_4
                0x0602a94c                SetPolygon
                0x0602aa44                stvtc_3
                0x0602ac7c                stvtc_0
                0x0602a954                SetPosition
                0x06029c08                sbCalcPolygon
                0x0602a940                SetTexture
                0x06029a20                sbMakePolygon
                0x0602ac68                stvtc_2
 *fill*         0x0602acd8        0x8 00
 SLPROG         0x0602ace0       0x6a ../../Compiler/SGL_302j/LIB_COFF/LIBSGL.A(sglM01.o)
                0x0602ad0c                slSetDepthTbl
                0x0602ad3c                DepthWorkArea
                0x0602ace0                slSetDepthLimit
 *fill*         0x0602ad4a        0x6 00
 SLPROG         0x0602ad50       0xd4 ../../Compiler/SGL_302j/LIB_COFF/LIBSGL.A(sglB035.o)
                0x0602ad50                sl1MapRA
                0x0602ade2                rbank_set
 *fill*         0x0602ae24        0xc 00
 SLPROG         0x0602ae30      0x470 ../../Compiler/SGL_302j/LIB_COFF/LIBSGL.A(sglH02.o)
                0x0602b220                smpc_pfr_tbl
                0x0602b260                smpc_ptf_tbl
 SLPROG         0x0602b2a0       0x60 ../../Compiler/SGL_302j/LIB_COFF/LIBSGL.A(sglH04.o)
                0x0602b2ca                slComPrmSetTime
                0x0602b2a0                slComPrmIntBack
                0x0602b2b4                slComPrmSetMemory
 SLPROG         0x0602b300       0x20 ../../Compiler/SGL_302j/LIB_COFF/LIBSGL.A(sglA00.o)
                0x0602b314                get_imask
                0x0602b300                set_imask
                0x0602b300                _builtin_set_imask
                0x0602b314                _builtin_get_imask
 SLPROG         0x0602b320       0x74 ../../Compiler/SGL_302j/LIB_COFF/LIBSGL.A(sglJ00.o)
                0x0602b320                InitSlaveSH
                0x0602b388                SlaveCommand
 *fill*         0x0602b394        0xc 00
 SLPROG         0x0602b3a0      0xbd0 ../../Compiler/SGL_302j/LIB_COFF/LIBSGL.A(sglB000.o)
                0x0602b3a0                slInitScroll
                0x0602b600                TVSizeTbl
                0x0602b4f0                setASC_4to8
                0x0602b680                TVModeTbl
                0x0602b4c0                setASC_1to8
                0x0602b858                SGL_ASCII_CG
 SLPROG         0x0602bf70      0x3d0 ../../Compiler/SGL_302j/LIB_COFF/LIBSGL.A(sglJ01.o)
                0x0602bf70                SlaveControl
                0x0602c32c                ErasePolygonData
 SLPROG         0x0602c340      0x75c ../../Compiler/SGL_302j/LIB_COFF/LIBSGL.A(sglI00.o)
                0x0602c630                slInitInterrupt
 *fill*         0x0602ca9c        0x4 00
 SLPROG         0x0602caa0      0x134 ../../Compiler/SGL_302j/LIB_COFF/LIBSGL.A(sglC00.o)
                0x0602caa0                slInitSprite
 *fill*         0x0602cbd4        0xc 00
 SLPROG         0x0602cbe0       0x40 ../../Compiler/SGL_302j/LIB_COFF/LIBSGL.A(sglC20.o)
                0x0602cbe0                SpriteEntry
 SLPROG         0x0602cc20      0x140 ../../Compiler/SGL_302j/LIB_COFF/LIBSGL.A(sglJ03.o)
                0x0602cc20                sbMakeDMATable
 SLPROG         0x0602cd60      0x470 ../../Compiler/SGL_302j/LIB_COFF/LIBSGL.A(sglJ04.o)
                0x0602ce24                sbMakeRotSprite
                0x0602cdbe                sbMakeSprite
 SLPROG         0x0602d1d0       0x3c ../../Compiler/SGL_302j/LIB_COFF/LIBSGL.A(sglJ05.o)
                0x0602d1d0                sbSortEntry
 *fill*         0x0602d20c        0x4 00
 SLPROG         0x0602d210       0xf0 ../../Compiler/SGL_302j/LIB_COFF/LIBSGL.A(sglH03.o)
                0x0602d274                slSmpcIntBack
                0x0602d300                __slprog_end = .

.tors           0x0602d300        0x0
                0x0602d300                ___ctors = .
 *(.ctors)
                0x0602d300                ___ctors_end = .
                0x0602d300                ___dtors = .
 *(.dtors)
                0x0602d300                ___dtors_end = .

.data           0x0602d300      0xec0
 *(.data)
 .data          0x0602d300       0x10 main.o
                0x0602d300                nbModels
 .data          0x0602d310       0x30 input.o
                0x0602d318                target
                0x0602d310                last_input
                0x0602d324                tar_sense
                0x0602d32c                position
                0x0602d314                input_delay
                0x0602d328                tar_dist
                0x0602d338                height
 .data          0x0602d340       0x10 game_object.o
                0x0602d340                max_objects
 .data          0x0602d350       0x10 timer.o
                0x0602d350                mcuFrcHigh
 .data          0x0602d360       0x30 ../../jo_engine/3d.o
 .data          0x0602d390       0x10 ../../jo_engine/fs.o
 .data          0x0602d3a0      0x5b0 ../../jo_engine/math.o
                0x0602d3a0                JoCosLookupTable
 .data          0x0602d950       0x30 ../../jo_engine/sprites.o
                0x0602d960                __jo_sprite_attributes
                0x0602d954                __jo_sprite_pos
                0x0602d950                __jo_gouraud_shading_runtime_index
 .data          0x0602d980       0x10 ../../jo_engine/sprite_animator.o
 .data          0x0602d990       0x80 ../../Compiler/SGL_302j/LIB_COFF/LIBSGL.A(sglIc0.o)
                0x0602d990                IntPrioMask
 .data          0x0602da10      0x380 d:/google drive/gamedev/saturn/jo engine/compiler/sh_coff/sh-coff/bin/../lib/gcc/sh-coff/4.0-GNUSH_v0601/../../../../sh-coff/lib\libc.a(impure.o)
                0x0602dd8c                _impure_ptr
 .data          0x0602dd90       0x20 d:/google drive/gamedev/saturn/jo engine/compiler/sh_coff/sh-coff/bin/../lib/gcc/sh-coff/4.0-GNUSH_v0601/../../../../sh-coff/lib\libc.a(locale.o)
                0x0602dd9c                __mb_cur_max
                0x0602dd90                __lc_ctype
 .data          0x0602ddb0      0x410 d:/google drive/gamedev/saturn/jo engine/compiler/sh_coff/sh-coff/bin/../lib/gcc/sh-coff/4.0-GNUSH_v0601/../../../../sh-coff/lib\libc.a(mallocr.o)
                0x0602ddb8                __malloc_av_
                0x0602ddb4                __malloc_trim_threshold
                0x0602ddb0                __malloc_sbrk_base
                0x0602e1c0                __edata = .

.bss            0x0602e1c0    0x498c4
                0x0602e1c0                __bstart = .
 *(.bss)
 .bss           0x0602e1c0       0x10 input.o
                0x0602e1c0                theta
 .bss           0x0602e1d0       0x10 game_object.o
                0x0602e1d0                num_object
 .bss           0x0602e1e0       0x10 timer.o
                0x0602e1e4                time
                0x0602e1e0                oldtime
 .bss           0x0602e1f0     0x2590 ../../jo_engine/fs.o
 .bss           0x06030780    0x40030 ../../jo_engine/core.o
                0x06030780                __jo_slave_done_flag
 .bss           0x060707b0       0x80 ../../jo_engine/malloc.o
 .bss           0x06070830       0x10 ../../jo_engine/sprites.o
 .bss           0x06070840       0x50 ../../jo_engine/map.o
 .bss           0x06070890       0x10 ../../jo_engine/sprite_animator.o
 .bss           0x060708a0       0x10 ../../jo_engine/time.o
 .bss           0x060708b0        0x4 ../../Compiler/SGL_302j/LIB_COFF/SEGA_SYS.A(sys_exit.o)
 *fill*         0x060708b4        0xc 00
 .bss           0x060708c0        0x2 ../../Compiler/SGL_302j/LIB_COFF/LIBCD.A(CDC_REG.O)
 *fill*         0x060708c2        0xe 00
 .bss           0x060708d0        0xc ../../Compiler/SGL_302j/LIB_COFF/LIBCD.A(GFS_TRN.O)
 *fill*         0x060708dc        0x4 00
 .bss           0x060708e0        0xc ../../Compiler/SGL_302j/LIB_COFF/LIBCD.A(CDC_SUB.O)
 *fill*         0x060708ec        0x4 00
 .bss           0x060708f0       0x10 d:/google drive/gamedev/saturn/jo engine/compiler/sh_coff/sh-coff/bin/../lib/gcc/sh-coff/4.0-GNUSH_v0601\libgcc.a(__main.o)
 .bss           0x06070900       0x10 d:/google drive/gamedev/saturn/jo engine/compiler/sh_coff/sh-coff/bin/../lib/gcc/sh-coff/4.0-GNUSH_v0601/../../../../sh-coff/lib\libc.a(atexit.o)
 .bss           0x06070910       0x10 d:/google drive/gamedev/saturn/jo engine/compiler/sh_coff/sh-coff/bin/../lib/gcc/sh-coff/4.0-GNUSH_v0601/../../../../sh-coff/lib\libc.a(locale.o)
                0x06070914                __mlocale_changed
                0x06070910                _PathLocale
                0x06070918                __nlocale_changed
 .bss           0x06070920       0x40 d:/google drive/gamedev/saturn/jo engine/compiler/sh_coff/sh-coff/bin/../lib/gcc/sh-coff/4.0-GNUSH_v0601/../../../../sh-coff/lib\libc.a(mallocr.o)
                0x06070950                __malloc_top_pad
                0x06070920                __malloc_current_mallinfo
                0x0607094c                __malloc_max_sbrked_mem
                0x06070948                __malloc_max_total_mem
 .bss           0x06070960       0x10 d:/google drive/gamedev/saturn/jo engine/compiler/sh_coff/sh-coff/bin/../lib/gcc/sh-coff/4.0-GNUSH_v0601/../../../../sh-coff/lib\libc.a(syscalls.o)
 *(COMMON)
 COMMON         0x06070970     0x2e40 main.o
                0x06070970                gfsLibWork
                0x06071918                framerate
                0x06071920                gfsDirTbl
                0x06071930                gfsDirName
                0x06071b88                gfsDirN
                0x06071b90                object
 COMMON         0x060737b0     0x2944 ZT/ZT_LOAD_MODEL.o
                0x060737b0                entities
                0x060760f0                gouraudCounter
 *fill*         0x060760f4        0xc 00
 COMMON         0x06076100      0x3fc ../../jo_engine/3d.o
                0x06076100                __jo_sprite_quad
 *fill*         0x060764fc        0x4 00
 COMMON         0x06076500        0x4 ../../jo_engine/fs.o
                0x06076500                __jo_fs_background_job_count
 *fill*         0x06076504        0xc 00
 COMMON         0x06076510       0x40 ../../jo_engine/core.o
                0x06076510                __jo_last_error
 COMMON         0x06076550       0x40 ../../jo_engine/tools.o
                0x06076550                __jo_sprintf_buf
 COMMON         0x06076590     0x13f8 ../../jo_engine/sprites.o
                0x06076590                __jo_sprite_def
                0x06076d90                __jo_hash_table
                0x06077190                __jo_sprite_pic
 *fill*         0x06077988        0x8 00
 COMMON         0x06077990       0xc0 ../../jo_engine/sprite_animator.o
                0x06077990                __jo_sprite_anim_tab
 COMMON         0x06077a50        0xc ../../Compiler/SGL_302j/LIB_COFF/LIBCD.A(GFS.O)
                0x06077a50                GFMC_base
                0x06077a54                gfs_mng_ptr
                0x06077a58                gfs_use_scudma
 *fill*         0x06077a5c        0x4 00
 COMMON         0x06077a60        0x8 ../../Compiler/SGL_302j/LIB_COFF/LIBCD.A(GFS_CDF.O)
                0x06077a60                gfcf_fad
                0x06077a64                gfcf_stat
 *fill*         0x06077a68        0x8 00
 COMMON         0x06077a70        0xc ../../Compiler/SGL_302j/LIB_COFF/LIBCD.A(GFS_CDC.O)
                0x06077a70                gfcd_fatal_err
                0x06077a74                gfcd_work
                0x06077a78                gfcd_playflag
 *fill*         0x06077a7c        0x4 00
 COMMON         0x06077a80        0x4 d:/google drive/gamedev/saturn/jo engine/compiler/sh_coff/sh-coff/bin/../lib/gcc/sh-coff/4.0-GNUSH_v0601/../../../../sh-coff/lib\libc.a(syscalls.o)
                0x06077a80                errno
                0x06077a84                __bend = .
                0x06077a84                _end = .
LOAD ../../Compiler/SGL_302j/LIB_COFF/SGLAREA.O
LOAD main.o
LOAD ZT/ZT_LOAD_MODEL.o
LOAD ZT/ZT_TOOLS.o
LOAD input.o
LOAD game_object.o
LOAD timer.o
LOAD ../../jo_engine/tga.o
LOAD ../../jo_engine/3d.o
LOAD ../../jo_engine/fs.o
LOAD ../../jo_engine/font.o
LOAD ../../jo_engine/input.o
LOAD ../../jo_engine/physics.o
LOAD ../../jo_engine/core.o
LOAD ../../jo_engine/math.o
LOAD ../../jo_engine/malloc.o
LOAD ../../jo_engine/tools.o
LOAD ../../jo_engine/sprites.o
LOAD ../../jo_engine/map.o
LOAD ../../jo_engine/list.o
LOAD ../../jo_engine/sprite_animator.o
LOAD ../../jo_engine/image.o
LOAD ../../jo_engine/background.o
LOAD ../../jo_engine/time.o
LOAD ../../jo_engine/vdp1_command_pipeline.o
LOAD ../../Compiler/SGL_302j/LIB_COFF/SEGA_SYS.A
LOAD ../../Compiler/SGL_302j/LIB_COFF/LIBCD.A
LOAD ../../Compiler/SGL_302j/LIB_COFF/LIBSGL.A
LOAD d:/google drive/gamedev/saturn/jo engine/compiler/sh_coff/sh-coff/bin/../lib/gcc/sh-coff/4.0-GNUSH_v0601\libgcc.a
LOAD d:/google drive/gamedev/saturn/jo engine/compiler/sh_coff/sh-coff/bin/../lib/gcc/sh-coff/4.0-GNUSH_v0601/../../../../sh-coff/lib\libc.a
LOAD d:/google drive/gamedev/saturn/jo engine/compiler/sh_coff/sh-coff/bin/../lib/gcc/sh-coff/4.0-GNUSH_v0601\libgcc.a
OUTPUT(sl_coff.coff coff-sh)

.comment        0x06077a90      0x9a0
 .comment       0x06077a90       0x20 d:/google drive/gamedev/saturn/jo engine/compiler/sh_coff/sh-coff/bin/../lib/gcc/sh-coff/4.0-GNUSH_v0601\libgcc.a(_si_to_df.o)
 .comment       0x06077ab0       0x20 d:/google drive/gamedev/saturn/jo engine/compiler/sh_coff/sh-coff/bin/../lib/gcc/sh-coff/4.0-GNUSH_v0601\libgcc.a(_mul_df.o)
 .comment       0x06077ad0       0x20 d:/google drive/gamedev/saturn/jo engine/compiler/sh_coff/sh-coff/bin/../lib/gcc/sh-coff/4.0-GNUSH_v0601\libgcc.a(_df_to_si.o)
 .comment       0x06077af0       0x20 d:/google drive/gamedev/saturn/jo engine/compiler/sh_coff/sh-coff/bin/../lib/gcc/sh-coff/4.0-GNUSH_v0601\libgcc.a(_sf_to_si.o)
 .comment       0x06077b10       0x20 d:/google drive/gamedev/saturn/jo engine/compiler/sh_coff/sh-coff/bin/../lib/gcc/sh-coff/4.0-GNUSH_v0601\libgcc.a(_mul_sf.o)
 .comment       0x06077b30       0x20 d:/google drive/gamedev/saturn/jo engine/compiler/sh_coff/sh-coff/bin/../lib/gcc/sh-coff/4.0-GNUSH_v0601\libgcc.a(_si_to_sf.o)
 .comment       0x06077b50       0x20 d:/google drive/gamedev/saturn/jo engine/compiler/sh_coff/sh-coff/bin/../lib/gcc/sh-coff/4.0-GNUSH_v0601\libgcc.a(__main.o)
 .comment       0x06077b70       0x20 d:/google drive/gamedev/saturn/jo engine/compiler/sh_coff/sh-coff/bin/../lib/gcc/sh-coff/4.0-GNUSH_v0601\libgcc.a(_le_sf.o)
 .comment       0x06077b90       0x20 d:/google drive/gamedev/saturn/jo engine/compiler/sh_coff/sh-coff/bin/../lib/gcc/sh-coff/4.0-GNUSH_v0601\libgcc.a(_ge_sf.o)
 .comment       0x06077bb0       0x20 d:/google drive/gamedev/saturn/jo engine/compiler/sh_coff/sh-coff/bin/../lib/gcc/sh-coff/4.0-GNUSH_v0601\libgcc.a(_gt_sf.o)
 .comment       0x06077bd0       0x20 d:/google drive/gamedev/saturn/jo engine/compiler/sh_coff/sh-coff/bin/../lib/gcc/sh-coff/4.0-GNUSH_v0601\libgcc.a(_div_sf.o)
 .comment       0x06077bf0       0x20 d:/google drive/gamedev/saturn/jo engine/compiler/sh_coff/sh-coff/bin/../lib/gcc/sh-coff/4.0-GNUSH_v0601\libgcc.a(_lt_sf.o)
 .comment       0x06077c10       0x20 d:/google drive/gamedev/saturn/jo engine/compiler/sh_coff/sh-coff/bin/../lib/gcc/sh-coff/4.0-GNUSH_v0601\libgcc.a(_addsub_sf.o)
 .comment       0x06077c30       0x20 d:/google drive/gamedev/saturn/jo engine/compiler/sh_coff/sh-coff/bin/../lib/gcc/sh-coff/4.0-GNUSH_v0601\libgcc.a(_sf_to_df.o)
 .comment       0x06077c50       0x20 d:/google drive/gamedev/saturn/jo engine/compiler/sh_coff/sh-coff/bin/../lib/gcc/sh-coff/4.0-GNUSH_v0601\libgcc.a(_df_to_sf.o)
 .comment       0x06077c70       0x20 d:/google drive/gamedev/saturn/jo engine/compiler/sh_coff/sh-coff/bin/../lib/gcc/sh-coff/4.0-GNUSH_v0601\libgcc.a(_addsub_df.o)
 .comment       0x06077c90       0x20 d:/google drive/gamedev/saturn/jo engine/compiler/sh_coff/sh-coff/bin/../lib/gcc/sh-coff/4.0-GNUSH_v0601\libgcc.a(_div_df.o)
 .comment       0x06077cb0       0x20 d:/google drive/gamedev/saturn/jo engine/compiler/sh_coff/sh-coff/bin/../lib/gcc/sh-coff/4.0-GNUSH_v0601\libgcc.a(_pack_df.o)
 .comment       0x06077cd0       0x20 d:/google drive/gamedev/saturn/jo engine/compiler/sh_coff/sh-coff/bin/../lib/gcc/sh-coff/4.0-GNUSH_v0601\libgcc.a(_unpack_df.o)
 .comment       0x06077cf0       0x20 d:/google drive/gamedev/saturn/jo engine/compiler/sh_coff/sh-coff/bin/../lib/gcc/sh-coff/4.0-GNUSH_v0601\libgcc.a(_muldi3.o)
 .comment       0x06077d10       0x20 d:/google drive/gamedev/saturn/jo engine/compiler/sh_coff/sh-coff/bin/../lib/gcc/sh-coff/4.0-GNUSH_v0601\libgcc.a(_thenan_df.o)
 .comment       0x06077d30       0x20 d:/google drive/gamedev/saturn/jo engine/compiler/sh_coff/sh-coff/bin/../lib/gcc/sh-coff/4.0-GNUSH_v0601\libgcc.a(_unpack_sf.o)
 .comment       0x06077d50       0x20 d:/google drive/gamedev/saturn/jo engine/compiler/sh_coff/sh-coff/bin/../lib/gcc/sh-coff/4.0-GNUSH_v0601\libgcc.a(_thenan_sf.o)
 .comment       0x06077d70       0x20 d:/google drive/gamedev/saturn/jo engine/compiler/sh_coff/sh-coff/bin/../lib/gcc/sh-coff/4.0-GNUSH_v0601\libgcc.a(_pack_sf.o)
 .comment       0x06077d90       0x20 d:/google drive/gamedev/saturn/jo engine/compiler/sh_coff/sh-coff/bin/../lib/gcc/sh-coff/4.0-GNUSH_v0601\libgcc.a(_fpcmp_parts_sf.o)
 .comment       0x06077db0       0x20 d:/google drive/gamedev/saturn/jo engine/compiler/sh_coff/sh-coff/bin/../lib/gcc/sh-coff/4.0-GNUSH_v0601\libgcc.a(_make_df.o)
 .comment       0x06077dd0       0x20 d:/google drive/gamedev/saturn/jo engine/compiler/sh_coff/sh-coff/bin/../lib/gcc/sh-coff/4.0-GNUSH_v0601\libgcc.a(_make_sf.o)
 .comment       0x06077df0       0x20 d:/google drive/gamedev/saturn/jo engine/compiler/sh_coff/sh-coff/bin/../lib/gcc/sh-coff/4.0-GNUSH_v0601/../../../../sh-coff/lib\libc.a(sprintf.o)
 .comment       0x06077e10       0x20 d:/google drive/gamedev/saturn/jo engine/compiler/sh_coff/sh-coff/bin/../lib/gcc/sh-coff/4.0-GNUSH_v0601/../../../../sh-coff/lib\libc.a(memcmp.o)
 .comment       0x06077e30       0x20 d:/google drive/gamedev/saturn/jo engine/compiler/sh_coff/sh-coff/bin/../lib/gcc/sh-coff/4.0-GNUSH_v0601/../../../../sh-coff/lib\libc.a(strncmp.o)
 .comment       0x06077e50       0x20 d:/google drive/gamedev/saturn/jo engine/compiler/sh_coff/sh-coff/bin/../lib/gcc/sh-coff/4.0-GNUSH_v0601/../../../../sh-coff/lib\libc.a(strncpy.o)
 .comment       0x06077e70       0x20 d:/google drive/gamedev/saturn/jo engine/compiler/sh_coff/sh-coff/bin/../lib/gcc/sh-coff/4.0-GNUSH_v0601/../../../../sh-coff/lib\libc.a(atexit.o)
 .comment       0x06077e90       0x20 d:/google drive/gamedev/saturn/jo engine/compiler/sh_coff/sh-coff/bin/../lib/gcc/sh-coff/4.0-GNUSH_v0601/../../../../sh-coff/lib\libc.a(vfprintf.o)
 .comment       0x06077eb0       0x20 d:/google drive/gamedev/saturn/jo engine/compiler/sh_coff/sh-coff/bin/../lib/gcc/sh-coff/4.0-GNUSH_v0601/../../../../sh-coff/lib\libc.a(impure.o)
 .comment       0x06077ed0       0x20 d:/google drive/gamedev/saturn/jo engine/compiler/sh_coff/sh-coff/bin/../lib/gcc/sh-coff/4.0-GNUSH_v0601/../../../../sh-coff/lib\libc.a(malloc.o)
 .comment       0x06077ef0       0x20 d:/google drive/gamedev/saturn/jo engine/compiler/sh_coff/sh-coff/bin/../lib/gcc/sh-coff/4.0-GNUSH_v0601/../../../../sh-coff/lib\libc.a(fvwrite.o)
 .comment       0x06077f10       0x20 d:/google drive/gamedev/saturn/jo engine/compiler/sh_coff/sh-coff/bin/../lib/gcc/sh-coff/4.0-GNUSH_v0601/../../../../sh-coff/lib\libc.a(locale.o)
 .comment       0x06077f30       0x20 d:/google drive/gamedev/saturn/jo engine/compiler/sh_coff/sh-coff/bin/../lib/gcc/sh-coff/4.0-GNUSH_v0601/../../../../sh-coff/lib\libc.a(freer.o)
 .comment       0x06077f50       0x20 d:/google drive/gamedev/saturn/jo engine/compiler/sh_coff/sh-coff/bin/../lib/gcc/sh-coff/4.0-GNUSH_v0601/../../../../sh-coff/lib\libc.a(findfp.o)
 .comment       0x06077f70       0x20 d:/google drive/gamedev/saturn/jo engine/compiler/sh_coff/sh-coff/bin/../lib/gcc/sh-coff/4.0-GNUSH_v0601/../../../../sh-coff/lib\libc.a(fflush.o)
 .comment       0x06077f90       0x20 d:/google drive/gamedev/saturn/jo engine/compiler/sh_coff/sh-coff/bin/../lib/gcc/sh-coff/4.0-GNUSH_v0601/../../../../sh-coff/lib\libc.a(wsetup.o)
 .comment       0x06077fb0       0x20 d:/google drive/gamedev/saturn/jo engine/compiler/sh_coff/sh-coff/bin/../lib/gcc/sh-coff/4.0-GNUSH_v0601/../../../../sh-coff/lib\libc.a(wcrtomb.o)
 .comment       0x06077fd0       0x20 d:/google drive/gamedev/saturn/jo engine/compiler/sh_coff/sh-coff/bin/../lib/gcc/sh-coff/4.0-GNUSH_v0601/../../../../sh-coff/lib\libc.a(s_isinf.o)
 .comment       0x06077ff0       0x20 d:/google drive/gamedev/saturn/jo engine/compiler/sh_coff/sh-coff/bin/../lib/gcc/sh-coff/4.0-GNUSH_v0601/../../../../sh-coff/lib\libc.a(memchr.o)
 .comment       0x06078010       0x20 d:/google drive/gamedev/saturn/jo engine/compiler/sh_coff/sh-coff/bin/../lib/gcc/sh-coff/4.0-GNUSH_v0601/../../../../sh-coff/lib\libc.a(mallocr.o)
 .comment       0x06078030       0x20 d:/google drive/gamedev/saturn/jo engine/compiler/sh_coff/sh-coff/bin/../lib/gcc/sh-coff/4.0-GNUSH_v0601/../../../../sh-coff/lib\libc.a(wcsrtombs.o)
 .comment       0x06078050       0x20 d:/google drive/gamedev/saturn/jo engine/compiler/sh_coff/sh-coff/bin/../lib/gcc/sh-coff/4.0-GNUSH_v0601/../../../../sh-coff/lib\libc.a(s_isnan.o)
 .comment       0x06078070       0x20 d:/google drive/gamedev/saturn/jo engine/compiler/sh_coff/sh-coff/bin/../lib/gcc/sh-coff/4.0-GNUSH_v0601/../../../../sh-coff/lib\libc.a(dtoa.o)
 .comment       0x06078090       0x20 d:/google drive/gamedev/saturn/jo engine/compiler/sh_coff/sh-coff/bin/../lib/gcc/sh-coff/4.0-GNUSH_v0601/../../../../sh-coff/lib\libc.a(memmove.o)
 .comment       0x060780b0       0x20 d:/google drive/gamedev/saturn/jo engine/compiler/sh_coff/sh-coff/bin/../lib/gcc/sh-coff/4.0-GNUSH_v0601/../../../../sh-coff/lib\libc.a(reallocr.o)
 .comment       0x060780d0       0x20 d:/google drive/gamedev/saturn/jo engine/compiler/sh_coff/sh-coff/bin/../lib/gcc/sh-coff/4.0-GNUSH_v0601/../../../../sh-coff/lib\libc.a(mlock.o)
 .comment       0x060780f0       0x20 d:/google drive/gamedev/saturn/jo engine/compiler/sh_coff/sh-coff/bin/../lib/gcc/sh-coff/4.0-GNUSH_v0601/../../../../sh-coff/lib\libc.a(sbrkr.o)
 .comment       0x06078110       0x20 d:/google drive/gamedev/saturn/jo engine/compiler/sh_coff/sh-coff/bin/../lib/gcc/sh-coff/4.0-GNUSH_v0601/../../../../sh-coff/lib\libc.a(stdio.o)
 .comment       0x06078130       0x20 d:/google drive/gamedev/saturn/jo engine/compiler/sh_coff/sh-coff/bin/../lib/gcc/sh-coff/4.0-GNUSH_v0601/../../../../sh-coff/lib\libc.a(fclose.o)
 .comment       0x06078150       0x20 d:/google drive/gamedev/saturn/jo engine/compiler/sh_coff/sh-coff/bin/../lib/gcc/sh-coff/4.0-GNUSH_v0601/../../../../sh-coff/lib\libc.a(fwalk.o)
 .comment       0x06078170       0x20 d:/google drive/gamedev/saturn/jo engine/compiler/sh_coff/sh-coff/bin/../lib/gcc/sh-coff/4.0-GNUSH_v0601/../../../../sh-coff/lib\libc.a(makebuf.o)
 .comment       0x06078190       0x20 d:/google drive/gamedev/saturn/jo engine/compiler/sh_coff/sh-coff/bin/../lib/gcc/sh-coff/4.0-GNUSH_v0601/../../../../sh-coff/lib\libc.a(wctomb_r.o)
 .comment       0x060781b0       0x20 d:/google drive/gamedev/saturn/jo engine/compiler/sh_coff/sh-coff/bin/../lib/gcc/sh-coff/4.0-GNUSH_v0601/../../../../sh-coff/lib\libc.a(mprec.o)
 .comment       0x060781d0       0x20 d:/google drive/gamedev/saturn/jo engine/compiler/sh_coff/sh-coff/bin/../lib/gcc/sh-coff/4.0-GNUSH_v0601/../../../../sh-coff/lib\libc.a(syscalls.o)
 .comment       0x060781f0       0x20 d:/google drive/gamedev/saturn/jo engine/compiler/sh_coff/sh-coff/bin/../lib/gcc/sh-coff/4.0-GNUSH_v0601/../../../../sh-coff/lib\libc.a(readr.o)
 .comment       0x06078210       0x20 d:/google drive/gamedev/saturn/jo engine/compiler/sh_coff/sh-coff/bin/../lib/gcc/sh-coff/4.0-GNUSH_v0601/../../../../sh-coff/lib\libc.a(writer.o)
 .comment       0x06078230       0x20 d:/google drive/gamedev/saturn/jo engine/compiler/sh_coff/sh-coff/bin/../lib/gcc/sh-coff/4.0-GNUSH_v0601/../../../../sh-coff/lib\libc.a(lseekr.o)
 .comment       0x06078250       0x20 d:/google drive/gamedev/saturn/jo engine/compiler/sh_coff/sh-coff/bin/../lib/gcc/sh-coff/4.0-GNUSH_v0601/../../../../sh-coff/lib\libc.a(closer.o)
 .comment       0x06078270       0x20 d:/google drive/gamedev/saturn/jo engine/compiler/sh_coff/sh-coff/bin/../lib/gcc/sh-coff/4.0-GNUSH_v0601/../../../../sh-coff/lib\libc.a(fstatr.o)
 .comment       0x06078290       0x20 d:/google drive/gamedev/saturn/jo engine/compiler/sh_coff/sh-coff/bin/../lib/gcc/sh-coff/4.0-GNUSH_v0601/../../../../sh-coff/lib\libc.a(callocr.o)
 .comment       0x060782b0       0x20 d:/google drive/gamedev/saturn/jo engine/compiler/sh_coff/sh-coff/bin/../lib/gcc/sh-coff/4.0-GNUSH_v0601/../../../../sh-coff/lib\libc.a(abort.o)
 .comment       0x060782d0       0x20 d:/google drive/gamedev/saturn/jo engine/compiler/sh_coff/sh-coff/bin/../lib/gcc/sh-coff/4.0-GNUSH_v0601/../../../../sh-coff/lib\libc.a(signal.o)