Archive member included because of file (symbol)

../../Compiler/SGL_302j/LIB_COFF/SEGA_SYS.A(sys_exit.o)
                              ../../jo_engine/core.o (SYS_Exit)
../../Compiler/SGL_302j/LIB_COFF/SEGA_SYS.A(sys_sub.o)
                              ../../Compiler/SGL_302j/LIB_COFF/SEGA_SYS.A(sys_exit.o) (SYSUB_SetStackptr)
../../Compiler/SGL_302j/LIB_COFF/LIBCD.A(GFS.O)
                              main.o (GFS_Init)
../../Compiler/SGL_302j/LIB_COFF/LIBCD.A(CDC_CMN.O)
                              ../../Compiler/SGL_302j/LIB_COFF/SEGA_SYS.A(sys_exit.o) (CDC_GetCurStat)
../../Compiler/SGL_302j/LIB_COFF/LIBCD.A(CDC_REG.O)
                              ../../Compiler/SGL_302j/LIB_COFF/SEGA_SYS.A(sys_exit.o) (CDC_GetHirqReq)
../../Compiler/SGL_302j/LIB_COFF/LIBCD.A(CDC_CFS.O)
                              ../../Compiler/SGL_302j/LIB_COFF/SEGA_SYS.A(sys_exit.o) (CDC_ChgDir)
../../Compiler/SGL_302j/LIB_COFF/LIBCD.A(GFS_CDF.O)
                              ../../Compiler/SGL_302j/LIB_COFF/LIBCD.A(GFS.O) (GFCF_Init)
../../Compiler/SGL_302j/LIB_COFF/LIBCD.A(GFS_DIR.O)
                              ../../Compiler/SGL_302j/LIB_COFF/LIBCD.A(GFS.O) (GFDR_SetupDirTbl)
../../Compiler/SGL_302j/LIB_COFF/LIBCD.A(GFS_TRN.O)
                              ../../Compiler/SGL_302j/LIB_COFF/LIBCD.A(GFS.O) (GFTR_Setup)
../../Compiler/SGL_302j/LIB_COFF/LIBCD.A(GFS_BUF.O)
                              ../../Compiler/SGL_302j/LIB_COFF/LIBCD.A(GFS.O) (GFBF_GetNumData)
../../Compiler/SGL_302j/LIB_COFF/LIBCD.A(GFS_CDB.O)
                              ../../Compiler/SGL_302j/LIB_COFF/LIBCD.A(GFS_CDF.O) (GFCB_Setup)
../../Compiler/SGL_302j/LIB_COFF/LIBCD.A(GFS_CDC.O)
                              ../../Compiler/SGL_302j/LIB_COFF/LIBCD.A(GFS.O) (GFCD_SetCdbfs)
../../Compiler/SGL_302j/LIB_COFF/LIBCD.A(CDC_SUB.O)
                              ../../Compiler/SGL_302j/LIB_COFF/LIBCD.A(CDC_CMN.O) (CDSUB_UpdStatus)
../../Compiler/SGL_302j/LIB_COFF/LIBCD.A(CDC_BIO.O)
                              ../../Compiler/SGL_302j/LIB_COFF/LIBCD.A(GFS_CDC.O) (CDC_SetSctLen)
../../Compiler/SGL_302j/LIB_COFF/LIBCD.A(CDC_SEL.O)
                              ../../Compiler/SGL_302j/LIB_COFF/LIBCD.A(GFS_CDC.O) (CDC_SetFiltRange)
../../Compiler/SGL_302j/LIB_COFF/LIBCD.A(CDC_DRV.O)
                              ../../Compiler/SGL_302j/LIB_COFF/LIBCD.A(GFS_CDC.O) (CDC_CdPlay)
../../Compiler/SGL_302j/LIB_COFF/LIBCD.A(CDC_BIF.O)
                              ../../Compiler/SGL_302j/LIB_COFF/LIBCD.A(GFS_CDC.O) (CDC_GetBufSiz)
../../Compiler/SGL_302j/LIB_COFF/LIBCD.A(CDC_DEV.O)
                              ../../Compiler/SGL_302j/LIB_COFF/LIBCD.A(GFS_CDC.O) (CDC_CdSetCon)
../../Compiler/SGL_302j/LIB_COFF/LIBSGL.A(sglC08.o)
                              main.o (slPutPolygon)
../../Compiler/SGL_302j/LIB_COFF/LIBSGL.A(sglA21.o)
                              main.o (slPushMatrix)
../../Compiler/SGL_302j/LIB_COFF/LIBSGL.A(sglA18.o)
                              main.o (slRotY)
../../Compiler/SGL_302j/LIB_COFF/LIBSGL.A(sglA27.o)
                              main.o (slTranslate)
../../Compiler/SGL_302j/LIB_COFF/LIBSGL.A(sglA28.o)
                              main.o (slScale)
../../Compiler/SGL_302j/LIB_COFF/LIBSGL.A(sglA20.o)
                              main.o (slUnitMatrix)
../../Compiler/SGL_302j/LIB_COFF/LIBSGL.A(sglF00.o)
                              ../../jo_engine/core.o (slCurColor)
../../Compiler/SGL_302j/LIB_COFF/LIBSGL.A(sglF03.o)
                              main.o (slPrintFX)
../../Compiler/SGL_302j/LIB_COFF/LIBSGL.A(sglK01.o)
                              main.o (SynchConst)
../../Compiler/SGL_302j/LIB_COFF/LIBSGL.A(sglI01.o)
                              main.o (slSynch)
../../Compiler/SGL_302j/LIB_COFF/LIBSGL.A(sglC04.o)
                              main.o (slZdspLevel)
../../Compiler/SGL_302j/LIB_COFF/LIBSGL.A(sglB015.o)
                              main.o (slScrAutoDisp)
../../Compiler/SGL_302j/LIB_COFF/LIBSGL.A(sglF05.o)
                              main.o (slPrint)
../../Compiler/SGL_302j/LIB_COFF/LIBSGL.A(sglD00.o)
                              ZT/ZT_LOAD_MODEL.o (slDMACopy)
../../Compiler/SGL_302j/LIB_COFF/LIBSGL.A(sglD02.o)
                              ZT/ZT_LOAD_MODEL.o (slDMAWait)
../../Compiler/SGL_302j/LIB_COFF/LIBSGL.A(sglB200.o)
                              ../../jo_engine/core.o (slCharNbg0)
../../Compiler/SGL_302j/LIB_COFF/LIBSGL.A(sglB058.o)
                              ZT/ZT_TOOLS.o (slPlaneNbg3)
../../Compiler/SGL_302j/LIB_COFF/LIBSGL.A(sglB063.o)
                              ZT/ZT_TOOLS.o (slPriority)
../../Compiler/SGL_302j/LIB_COFF/LIBSGL.A(sglB034.o)
                              ZT/ZT_TOOLS.o (slMapNbg3)
../../Compiler/SGL_302j/LIB_COFF/LIBSGL.A(sglB010.o)
                              ZT/ZT_TOOLS.o (slBitMapNbg0)
../../Compiler/SGL_302j/LIB_COFF/LIBSGL.A(sglB061.o)
                              ZT/ZT_TOOLS.o (slBMPalette)
../../Compiler/SGL_302j/LIB_COFF/LIBSGL.A(sglB016.o)
[...]
Memory Configuration

Name             Origin             Length             Attributes
*default*        0x00000000         0xffffffff

Linker script and memory map

TARGET(coff-sh)

SLSTART         0x06004000       0x30
                0x06004000                ___Start = .
 *(SLSTART)
 SLSTART        0x06004000       0x28 ../../Compiler/SGL_302j/LIB_COFF/LIBSGL.A(sglI00.o)
                0x06004002                slStartSGL
                0x06004000                SGL_Start

.text           0x06004040    0x17840
 *(.text)
 .text          0x06004040      0x260 main.o
                0x06004218                jo_main
                0x060040bc                load_ref
                0x06004078                display_model
                0x06004164                main_loop
                0x060040d8                my_draw
                0x06004040                ztCDinit
 .text          0x060042a0      0x4b0 ZT/ZT_LOAD_MODEL.o
                0x060042a0                setTextures
                0x06004544                loadPDATA
                0x060044c0                loadAnimations
                0x060043d8                loadTextures
                0x060045de                ztLoad3Dmodel
 .text          0x06004750      0x500 ZT/ZT_TOOLS.o
                0x0600490e                fadeIn
                0x06004792                ztClearText
                0x060048e8                memcpy_l
                0x060048fc                memset_l
                0x06004b64                fadeOut
                0x060048d4                memset_w
                0x06004992                ztLoadVDP2bmp
                0x060048c0                memcpy_w
                0x060047c4                Pal2CRAM
                0x0600487e                Map2VRAM
                0x06004c20                CheckOnPlane
                0x0600486c                Cel2VRAM
                0x060047da                ztFont2NBG3
 .text          0x06004c50      0x430 input.o
                0x06004d94                print_orientation
                0x06004c50                add_rel_pos
                0x06004ee8                gamepad_input
                0x06004cdc                forward_target
 .text          0x06005080      0x180 game_object.o
                0x0600513c                destroy_object
                0x0600516c                closest_object
                0x060050ec                clone_object
                0x06005080                create_object
 .text          0x06005200      0x110 timer.o
                0x06005200                timer
 .text          0x06005310      0x760 ../../jo_engine/tga.o
                0x06005924                jo_tga_loader_from_stream
                0x06005854                jo_sprite_add_tga
                0x060059c4                jo_sprite_add_tga_from_stream
                0x060057b0                jo_tga_loader
                0x06005486                jo_sprite_add_tga_tileset
                0x0600534e                __jo_tga_load
 .text          0x06005a70      0x8a0 ../../jo_engine/3d.o
                0x06005a8c                jo_3d_create_plane
                0x06006226                jo_3d_set_mesh_color
                0x060061ac                jo_3d_set_mesh_texture
                0x06005c5c                jo_3d_set_mesh_polygon_texture
                0x06005dbc                jo_3d_set_mesh_polygon_screen_doors
                0x06006132                jo_3d_set_mesh_light
                0x06005e7a                jo_3d_create_sprite_quad
                0x06005d22                jo_3d_set_mesh_polygon_light
                0x06005a70                jo_3d_init
                0x060062b8                jo_3d_create_triangle
                0x06005b90                jo_3d_set_mesh_polygon_color
                0x06005fa4                jo_3d_set_mesh_polygon_transparency
                0x06005ae0                jo_3d_create_cube
                0x060060b8                jo_3d_set_mesh_screen_doors
                0x06006288                jo_3d_free_sprite_quad
                0x06006038                jo_3d_set_mesh_transparency
 .text          0x06006310      0x9c0 ../../jo_engine/fs.o
                0x06006bcc                jo_fs_seek_forward
                0x06006a00                jo_fs_read_file
                0x0600698a                jo_fs_set_read_sector_count
                0x0600632e                jo_fs_init
                0x06006726                jo_fs_open
                0x0600650a                jo_fs_read_file_async
                0x06006918                jo_fs_close
                0x06006834                jo_fs_read_next_bytes
                0x06006674                jo_fs_cd
                0x060063b4                jo_fs_do_background_jobs
                0x06006b58                jo_fs_read_file_in_dir
 .text          0x06006cd0      0x520 ../../jo_engine/font.o
                0x06006f8c                jo_font_print_centered
                0x060070da                jo_font_print
                0x06006d46                jo_font_load
 .text          0x060071f0       0x50 ../../jo_engine/input.o
                0x060071f0                jo_get_input_type
 .text          0x06007240      0x8f0 ../../jo_engine/core.o
                0x06007264                jo_core_wait_for_slave
                0x060072fe                jo_core_suspend
                0x060079da                jo_core_add_callback
                0x06007284                jo_core_exec_on_slave
                0x06007a48                jo_core_run
                0x060076d2                jo_core_remove_slave_callback
                0x06007654                jo_dump_vdp1_registers
                0x06007298                jo_goto_boot_menu
                0x06007742                jo_core_add_slave_callback
                0x0600746a                __jo_core_error
                0x060077a4                jo_core_remove_callback
                0x060075e0                jo_dump_vdp2_registers
                0x06007812                jo_core_init
                0x060072a4                main
 .text          0x06007b30      0x3c0 ../../jo_engine/math.o
                0x06007b30                jo_random
                0x06007e2c                jo_planar_rotate
                0x06007d64                jo_sqrt
                0x06007dd0                jo_gcd
                0x06007ba4                jo_atan2f_rad
 .text          0x06007ef0      0x400 ../../jo_engine/malloc.o
                0x0600826c                jo_memory_fragmentation
                0x0600813c                jo_memory_usage_percent
                0x06007ef0                jo_add_memory_zone
                0x060080a8                jo_free
                0x06007f84                jo_malloc_with_behaviour
 .text          0x060082f0      0x450 ../../jo_engine/tools.o
                0x060086ac                jo_endwith
                0x06008550                jo_getdate
                0x0600839a                jo_clear_screen
                0x06008452                jo_strlen
                0x06008358                jo_get_current_language
                0x060083e6                jo_tools_atoi
                0x06008308                jo_print
                0x0600849c                jo_memset
                0x060084f0                jo_map_to_vram
 .text          0x06008740      0x8f0 ../../jo_engine/sprites.o
                0x06008c18                jo_sprite_usage_percent
                0x06008e6e                jo_sprite_add_8bits_image
                0x06008f22                jo_sprite_draw
                0x06008740                jo_get_last_sprite_id
                0x0600874c                jo_sprite_init
                0x06008796                jo_sprite_name2id
                0x06008916                jo_sprite_draw_rotate
                0x06008af8                jo_sprite_replace
                0x060088b8                jo_set_gouraud_shading_colors
                0x06008808                jo_sprite_free_from
                0x060088e0                jo_set_gouraud_shading_brightness
                0x06008eca                jo_sprite_add
 .text          0x06009030      0x9d0 ../../jo_engine/map.o
                0x060096e8                jo_map_per_pixel_vertical_collision
                0x06009830                jo_map_draw
                0x0600904e                jo_map_create
                0x0600919c                jo_map_add_tile
                0x060091c0                jo_map_add_animated_tile
                0x060093ea                jo_map_load_from_file
                0x06009270                jo_map_free
                0x06009288                jo_map_move_tiles_by_attribute
                0x06009910                jo_map_3d_draw
                0x060092f8                jo_map_hitbox_detection_custom_boundaries
                0x060091e4                jo_map_draw_background
 .text          0x06009a00       0xf0 ../../jo_engine/list.o
                0x06009a00                jo_list_remove
                0x06009a44                jo_list_init
                0x06009a6e                jo_list_add
 .text          0x06009af0      0x280 ../../jo_engine/sprite_animator.o
                0x06009d48                jo_clear_all_sprite_anim
                0x06009c8c                jo_create_sprite_anim
                0x06009bae                jo_replace_sprite_anim
 .text          0x06009d70      0x800 ../../jo_engine/image.o
                0x06009d88                jo_free_img
                0x0600a432                jo_sprite_add_image_pack
                0x06009e52                __jo_bin_load
                0x06009de2                jo_replace_color
                0x0600a1e0                jo_sprite_add_bin_from_stream
                0x0600a0be                jo_bin_loader_from_stream
                0x06009f06                jo_sprite_add_bin_tileset
                0x0600a280                jo_bin_loader
                0x0600a312                jo_sprite_add_bin
 .text          0x0600a570      0x170 ../../jo_engine/background.o
                0x0600a690                jo_clear_background
                0x0600a600                jo_set_background_sprite
                0x0600a570                jo_draw_background_line
 .text          0x0600a6e0      0x120 ../../jo_engine/time.o
                0x0600a7cc                jo_time_init
                0x0600a6e0                jo_get_ticks
 .text          0x0600a800      0x238 ../../Compiler/SGL_302j/LIB_COFF/SEGA_SYS.A(sys_exit.o)
                0x0600a820                SYS_Exit
                0x0600a800                sys_version
 *fill*         0x0600aa38        0x8 00
 .text          0x0600aa40        0x6 ../../Compiler/SGL_302j/LIB_COFF/SEGA_SYS.A(sys_sub.o)
                0x0600aa40                SYSUB_SetStackptr
 *fill*         0x0600aa46        0xa 00
 .text          0x0600aa50     0x1adc ../../Compiler/SGL_302j/LIB_COFF/LIBCD.A(GFS.O)
                0x0600aa50                gfs_version
                0x0600bcc0                gfs_mngGetNumFile
                0x0600c41c                gfs_closeSub
                0x0600b7dc                GFS_SetGmode
                0x0600ba98                GFS_SetErrFunc
                0x0600bbe8                gfs_mngSetupFuncTbl
                0x0600ada8                GFS_Reset
                0x0600bb10                gfs_chgRoot
                0x0600bbdc                gfs_aborttrans
                0x0600bec0                gfs_svrAddHndl
                0x0600bd70                gfs_mngFreeGrp
                0x0600bae8                GFS_ConvTno
                0x0600c074                gfs_getRootDir
                0x0600bac4                GFS_GetErrStat
                0x0600af18                GFS_Seek
                0x0600b588                GFS_NwStop
                0x0600bd7c                gfs_mngTermAccess
                0x0600ae2c                GFS_Open
                0x0600bd28                GFS_mngAllocGrp
                0x0600c464                gfs_isTaskDone
                0x0600b288                GFS_Fread
                0x0600b9e0                GFS_StartTrans
                0x0600c3dc                gfs_GetFinfo
                0x0600bc1c                gfs_mngInitWork
                0x0600b070                GFS_ByteToSct
                0x0600be80                gfs_svrSearchHndl
                0x0600c170                gfs_loadRootDir
                0x0600accc                GFS_IdToName
                0x0600b3cc                GFS_NwFread
                0x0600b910                GFS_SetTransPara
                0x0600b4d8                GFS_NwCdRead
                0x0600bfb0                gfs_loadVol
                0x0600b8ac                GFS_SetReadPara
                0x0600afcc                GFS_Tell
                0x0600b840                GFS_SetTmode
                0x0600c344                GFS_GetFad
                0x0600b97c                GFS_SetTrFunc
                0x0600ba2c                GFS_CdMovePickup
                0x0600ac68                GFS_NameToId
                0x0600b6a0                GFS_NwExecOne
                0x0600c1f8                gfs_flowIn
                0x0600b128                GFS_GetFileInfo
                0x0600c2a0                gfs_transData
                0x0600befc                gfs_svrRemoveHndl
                0x0600b550                GFS_NwIsComplete
                0x0600c458                gfs_getGmode
                0x0600b5f4                GFS_NwGetStat
                0x0600bf58                GFS_OpenSub
                0x0600ac00                GFS_SetDir
                0x0600b0cc                GFS_GetFileSize
                0x0600b19c                GFS_GetNumCdbuf
                0x0600c4b8                gfs_convFinStat
                0x0600b1c4                GFS_Load
                0x0600b324                gfs_waitRead
                0x0600ab58                GFS_LoadDir
                0x0600ad38                GFS_GetDirInfo
                0x0600aee0                GFS_Close
                0x0600aa70                GFS_Init
                0x0600b670                gfs_recovRdErr
                0x0600be00                gfs_mngSetErrCode
                0x0600b760                GFS_NwExecServer
                0x0600b01c                GFS_IsEof
                0x0600c39c                gfs_SetSct
 *fill*         0x0600c52c        0x4 00
 .text          0x0600c530      0x3a0 ../../Compiler/SGL_302j/LIB_COFF/LIBCD.A(CDC_CMN.O)
                0x0600c6d4                CDC_TgetToc
                0x0600c878                CDC_DataEnd
                0x0600c598                CDC_GetPeriStat
                0x0600c80c                CDC_DataReady
                0x0600c7e4                CDC_CdOpen
                0x0600c760                CDC_CdInit
                0x0600c724                CDC_GetSes
                0x0600c580                CDC_GetLastStat
                0x0600c530                CDC_GetCurStat
                0x0600c66c                CDC_GetHwInfo
 .text          0x0600c8d0      0x2dc ../../Compiler/SGL_302j/LIB_COFF/LIBCD.A(CDC_REG.O)
                0x0600c924                CDREG_ClrHirqReq
                0x0600c8f4                CDC_ClrHirqReq
                0x0600c9a4                CDREG_TgetData
                0x0600c994                CDC_GetMpegPtr
                0x0600c970                CDC_GetHirqMsk
                0x0600c8d0                CDC_GetDataPtr
                0x0600c8e0                CDC_GetHirqReq
                0x0600cb00                CDREG_WaitHirq
                0x0600c984                CDC_SetHirqMsk
                0x0600ca00                CDREG_CmdRsp
                0x0600c934                CDREG_InitHirqReq
                0x0600c95c                CDREG_SetHirqFlag
                0x0600cb70                CDREG_ReadRsp
 *fill*         0x0600cbac        0x4 00
 .text          0x0600cbb0      0x194 ../../Compiler/SGL_302j/LIB_COFF/LIBCD.A(CDC_CFS.O)
                0x0600cbb0                CDC_ChgDir
                0x0600cbe4                CDC_ReadDir
                0x0600cd08                CDC_AbortFile
                0x0600cc18                CDC_GetFileScope
                0x0600cc78                CDC_TgetFileInfo
                0x0600ccd4                CDC_ReadFile
 *fill*         0x0600cd44        0xc 00
 .text          0x0600cd50      0x8d8 ../../Compiler/SGL_302j/LIB_COFF/LIBCD.A(GFS_CDF.O)
                0x0600d244                GFCF_Seek
                0x0600d34c                GFCF_GetStat
                0x0600d22c                GFCF_Tell
                0x0600cdf0                GFCF_Setup
                0x0600d2f8                GFCF_cnvIntlvOfs
                0x0600cd50                GFCF_Init
                0x0600d1e4                GFCF_Recover
                0x0600cf38                GFCF_SetSct
                0x0600d25c                GFCF_MovePickup
                0x0600d420                gfcf_isCdOk
                0x0600cff0                GFCF_FlowInBuf
                0x0600cf7c                GFCF_GetFileInfo
                0x0600d144                GFCF_StopInBuf
                0x0600d3e4                gfcf_getSctSize
                0x0600d4e0                gfcf_getPlayRange
 *fill*         0x0600d628        0x8 00
 .text          0x0600d630      0x92c ../../Compiler/SGL_302j/LIB_COFF/LIBCD.A(GFS_DIR.O)
                0x0600db20                gfdr_setNextRec
                0x0600df20                gfdr_setDirrecCd
                0x0600d918                gfdr_open
                0x0600d72c                GFDR_GetAtrDirId
                0x0600da00                gfdr_readByte
                0x0600d630                GFDR_SetupDirTbl
                0x0600daf8                gfdr_readLongNM
                0x0600dba4                gfdr_readDirEnt
                0x0600d75c                GFDR_ChgRoot
                0x0600d6a4                GFDR_NameToId
                0x0600d7e8                gfdr_setupDirIdTbl
                0x0600d744                GFDR_GetAtrDirName
                0x0600d704                GFDR_GetInfoDirId
                0x0600daac                gfdr_readLongNB
                0x0600d940                gfdr_read
                0x0600da2c                gfdr_readWord
                0x0600d86c                gfdr_setupDirNameTbl
                0x0600d718                GFDR_GetInfoDirName
                0x0600d774                GFDR_ChgDir
                0x0600da58                gfdr_readWordNB
 *fill*         0x0600df5c        0x4 00
 .text          0x0600df60      0x9c6 ../../Compiler/SGL_302j/LIB_COFF/LIBCD.A(GFS_TRN.O)
                0x0600e040                GFTR_SetTransMax
                0x0600e410                gftr_execScu
                0x0600e914                GFTR_SetTransFunc
                0x0600e7dc                gftr_remTrn
                0x0600e900                GFTR_SetData
                0x0600e600                gftr_execSdma1
                0x0600e850                gftr_copyFrac
                0x0600e034                GFTR_GetNumTrans
                0x0600dfd4                GFTR_SetMode
                0x0600e5d0                gftr_remDma0
                0x0600e878                GFTR_GetLenData
                0x0600e404                gftr_reqScu
                0x0600e5e8                gftr_reqDma1
                0x0600e320                gftr_getSrcPack
                0x0600e8d0                GFTR_RtnDstPk
                0x0600e4ec                gfdma_exec
                0x0600e704                gftr_execTrn
                0x0600e218                GFTR_ExecSvr
                0x0600e694                gftr_reqTrn
                0x0600e55c                gfdma_getBytecnt
                0x0600e63c                gftr_reqCpu
                0x0600e89c                GFTR_GetDstPack
                0x0600e594                gftr_reqDma0
                0x0600e1a0                GFTR_Idle
                0x0600e058                GFTR_Pause
                0x0600e028                GFTR_GetTransPara
                0x0600e688                gftr_remCpu
                0x0600dff4                GFTR_SetTransPara
                0x0600e624                gftr_remDma1
                0x0600e064                GFTR_Stop
                0x0600e5ac                gftr_execSdma0
                0x0600df90                GFTR_Setup
                0x0600e4ac                gftr_remScu
                0x0600e3a8                gftr_getDstPack
                0x0600e4e0                gfdma_canUse
                0x0600e11c                GFTR_Exec
                0x0600e8ec                GFTR_GetData
                0x0600e04c                GFTR_Start
                0x0600dfe8                GFTR_SetUnit
                0x0600e648                gftr_execCpu
                0x0600e884                GFTR_GetLenRoom
 *fill*         0x0600e926        0xa 00
 .text          0x0600e930      0x106 ../../Compiler/SGL_302j/LIB_COFF/LIBCD.A(GFS_BUF.O)
                0x0600e988                GFBF_GetNumData
                0x0600ea04                GFBF_RtnPk
                0x0600e9b8                GFBF_GetSrcPk
                0x0600ea2c                gfbf_getSctDt
                0x0600e960                GFBF_GetTranData
                0x0600e9e0                GFBF_GetSctData
 *fill*         0x0600ea36        0xa 00
 .text          0x0600ea40      0x600 ../../Compiler/SGL_302j/LIB_COFF/LIBCD.A(GFS_CDB.O)
                0x0600efe8                GFCB_GetPickup
                0x0600eb60                GFCB_Close
                0x0600ee2c                GFCB_GetSrcPack
                0x0600efb4                GFCB_SetCon
                0x0600ec34                GFCB_GetLenRoom
                0x0600ef98                GFCB_MovePickup
                0x0600ef0c                GFCB_GetSctData
                0x0600ec40                GFCB_SetFilt
                0x0600eb88                GFCB_GetLenData
                0x0600f028                GFCB_UngetPickup
                0x0600ea40                GFCB_Setup
                0x0600ecd0                GFCB_Tell
                0x0600f010                GFCB_IsPuOwner
                0x0600ed30                GFCB_Seek
                0x0600eca8                GFCB_DeleteAllData
                0x0600ef44                GFCB_GetDstPack
                0x0600ece0                gfcb_getSctNum
                0x0600ef50                GFCB_RtnPk
 .text          0x0600f040     0x1a10 ../../Compiler/SGL_302j/LIB_COFF/LIBCD.A(GFS_CDC.O)
                0x0600f2dc                GFCD_AllocBuf
                0x060100c4                gfcd_doGetLenDataTsk
                0x06010960                GFCD_SetCsctFunc
                0x0600f3b4                GFCD_GetBaseFad
                0x0600f530                GFCD_GetFilt
                0x06010550                gfcd_doChgDirTsk
                0x06010890                gfcd_checkEflag
                0x0600f878                GFCD_MovePickup
                0x0600f95c                GFCD_GetSctInfo
                0x06010218                gfcd_doReqDataTsk
                0x0600f9a4                GFCD_ChgDir
                0x0600f698                GFCD_ReqData
                0x0601097c                GFCD_ChkScdqFlag
                0x0600fe34                GFCD_WaitServer
                0x0600f73c                GFCD_DelSctData
                0x0600fc14                GFCD_ExecServer
                0x06010034                gfcd_doSetConTsk
                0x0600f270                GFCD_AllocFilt
                0x0600f46c                GFCD_SetFilt
                0x0600fe70                gfcd_doSetFiltTsk
                0x060109a0                GFCD_ClrScdqFlag
                0x060102b8                gfcd_doDelSctDataTsk
                0x0600fd74                gfcd_doTask
                0x0600f3e8                GFCD_GetPickup
                0x0600f938                GFCD_CheckMove
                0x060109bc                GFCD_WaitScdqFlag
                0x0600f5d0                GFCD_Play
                0x060103ec                gfcd_doMoveSctTsk
                0x0600f578                GFCD_SetCon
                0x0600fa18                GFCD_SetFiltCon
                0x06010a00                GFCD_WaitPause
                0x0600fbdc                GFCD_GetBufSiz
                0x0600f41c                GFCD_UngetPickup
                0x0600fb00                GFCD_GetFileInfo
                0x0600f6f4                GFCD_EndData
                0x0600f310                GFCD_FreeBuf
                0x0600f630                GFCD_GetLenData
                0x0600f2ac                GFCD_FreeFilt
                0x0600fce8                gfcd_isIdleTask
                0x0600f06c                GFCD_Init
                0x0601074c                gfcd_doSetFiltConTsk
                0x0600f7c4                GFCD_GetStat
                0x0600f8c4                GFCD_MoveSctData
                0x0600f448                GFCD_IsPuOwner
                0x060108b4                gfcd_initCdbMng
                0x0600f040                GFCD_SetCdbfs
                0x0600fe20                GFCD_SetTimer
                0x06010934                gfcd_setStat
                0x0600f794                GFCD_CheckDelSctData
 .text          0x06010a50      0x152 ../../Compiler/SGL_302j/LIB_COFF/LIBCD.A(CDC_SUB.O)
                0x06010af8                CDSUB_GetCdstat
                0x06010a68                CDSUB_UpdCdstat
                0x06010b38                CDSUB_RspToCdstat
                0x06010b80                CDSUB_SoftTimer
                0x06010a50                CDSUB_UpdStatus
                0x06010a88                CDSUB_CdCmd
 *fill*         0x06010ba2        0xe 00
 .text          0x06010bb0      0x1e4 ../../Compiler/SGL_302j/LIB_COFF/LIBCD.A(CDC_BIO.O)
                0x06010c5c                CDC_GetdelSctData
                0x06010be4                CDC_GetSctData
                0x06010c98                CDC_PutSctData
                0x06010d14                CDC_MoveSctData
                0x06010d58                CDC_GetCopyErr
                0x06010c20                CDC_DelSctData
                0x06010bb0                CDC_SetSctLen
                0x06010cd0                CDC_CopySctData
 *fill*         0x06010d94        0xc 00
 .text          0x06010da0      0x2b8 ../../Compiler/SGL_302j/LIB_COFF/LIBCD.A(CDC_SEL.O)
                0x06010fd0                CDC_GetFiltCon
                0x06010f4c                CDC_GetFiltMode
                0x06011024                CDC_ResetSelector
                0x06010da0                CDC_SetFiltRange
                0x06010e2c                CDC_SetFiltSubh
                0x06010e9c                CDC_GetFiltSubh
                0x06010dd4                CDC_GetFiltRange
                0x06010f18                CDC_SetFiltMode
                0x06010f90                CDC_SetFiltCon
 *fill*         0x06011058        0x8 00
 .text          0x06011060      0x130 ../../Compiler/SGL_302j/LIB_COFF/LIBCD.A(CDC_DRV.O)
                0x06011060                CDC_CdPlay
                0x0601112c                CDC_CdSeek
                0x06011160                CDC_CdScan
 .text          0x06011190      0x270 ../../Compiler/SGL_302j/LIB_COFF/LIBCD.A(CDC_BIF.O)
                0x060111ec                CDC_GetSctNum
                0x0601136c                CDC_ExeFadSearch
                0x060112ec                CDC_GetSctInfo
                0x06011230                CDC_CalActSiz
                0x06011190                CDC_GetBufSiz
                0x0601126c                CDC_GetActSiz
                0x060113a4                CDC_GetFadSearch
 .text          0x06011400       0xa8 ../../Compiler/SGL_302j/LIB_COFF/LIBCD.A(CDC_DEV.O)
                0x0601146c                CDC_CdGetLastBuf
                0x06011400                CDC_CdSetCon
                0x06011430                CDC_CdGetCon
 *fill*         0x060114a8        0x8 00
 .text          0x060114b0      0x128 ../../Compiler/SGL_302j/LIB_COFF/LIBSGL.A(sglIc0.o)
                0x060114b0                slInitSystem
 *fill*         0x060115d8        0x8 00
 .text          0x060115e0       0xb0 d:/google drive/gamedev/saturn/jo engine/compiler/sh_coff/sh-coff/bin/../lib/gcc/sh-coff/4.0-GNUSH_v0601\libgcc.a(_si_to_df.o)
                0x060115e0                __floatsidf
 .text          0x06011690      0x3b0 d:/google drive/gamedev/saturn/jo engine/compiler/sh_coff/sh-coff/bin/../lib/gcc/sh-coff/4.0-GNUSH_v0601\libgcc.a(_mul_df.o)
                0x060116a0                __muldf3
 .text          0x06011a40      0x100 d:/google drive/gamedev/saturn/jo engine/compiler/sh_coff/sh-coff/bin/../lib/gcc/sh-coff/4.0-GNUSH_v0601\libgcc.a(_df_to_si.o)
                0x06011a40                __fixdfsi
 .text          0x06011b40       0x70 d:/google drive/gamedev/saturn/jo engine/compiler/sh_coff/sh-coff/bin/../lib/gcc/sh-coff/4.0-GNUSH_v0601\libgcc.a(_udivsi3.o)
                0x06011b62                __udivsi3
 .text          0x06011bb0       0xa0 d:/google drive/gamedev/saturn/jo engine/compiler/sh_coff/sh-coff/bin/../lib/gcc/sh-coff/4.0-GNUSH_v0601\libgcc.a(_sdivsi3.o)
                0x06011bb0                __sdivsi3
 .text          0x06011c50       0x90 d:/google drive/gamedev/saturn/jo engine/compiler/sh_coff/sh-coff/bin/../lib/gcc/sh-coff/4.0-GNUSH_v0601\libgcc.a(_si_to_sf.o)
                0x06011c50                __floatsisf
 .text          0x06011ce0      0x170 d:/google drive/gamedev/saturn/jo engine/compiler/sh_coff/sh-coff/bin/../lib/gcc/sh-coff/4.0-GNUSH_v0601\libgcc.a(_mul_sf.o)
                0x06011ce0                __mulsf3
 .text          0x06011e50       0x90 d:/google drive/gamedev/saturn/jo engine/compiler/sh_coff/sh-coff/bin/../lib/gcc/sh-coff/4.0-GNUSH_v0601\libgcc.a(_ashiftlt.o)
                0x06011e50                __ashlsi3
 .text          0x06011ee0      0x120 d:/google drive/gamedev/saturn/jo engine/compiler/sh_coff/sh-coff/bin/../lib/gcc/sh-coff/4.0-GNUSH_v0601\libgcc.a(_div_sf.o)
                0x06011ee0                __divsf3
 .text          0x06012000      0x100 d:/google drive/gamedev/saturn/jo engine/compiler/sh_coff/sh-coff/bin/../lib/gcc/sh-coff/4.0-GNUSH_v0601\libgcc.a(_sf_to_df.o)
                0x06012000                __extendsfdf2
 .text          0x06012100       0xa0 d:/google drive/gamedev/saturn/jo engine/compiler/sh_coff/sh-coff/bin/../lib/gcc/sh-coff/4.0-GNUSH_v0601\libgcc.a(_sf_to_si.o)
                0x06012100                __fixsfsi
 .text          0x060121a0       0xa0 d:/google drive/gamedev/saturn/jo engine/compiler/sh_coff/sh-coff/bin/../lib/gcc/sh-coff/4.0-GNUSH_v0601\libgcc.a(__main.o)
                0x06012214                __main
                0x060121a0                __do_global_dtors
                0x060121d4                __do_global_ctors
 .text          0x06012240       0x70 d:/google drive/gamedev/saturn/jo engine/compiler/sh_coff/sh-coff/bin/../lib/gcc/sh-coff/4.0-GNUSH_v0601\libgcc.a(_le_sf.o)
                0x06012240                __lesf2
 .text          0x060122b0       0x70 d:/google drive/gamedev/saturn/jo engine/compiler/sh_coff/sh-coff/bin/../lib/gcc/sh-coff/4.0-GNUSH_v0601\libgcc.a(_ge_sf.o)
                0x060122b0                __gesf2
 .text          0x06012320       0x70 d:/google drive/gamedev/saturn/jo engine/compiler/sh_coff/sh-coff/bin/../lib/gcc/sh-coff/4.0-GNUSH_v0601\libgcc.a(_gt_sf.o)
                0x06012320                __gtsf2
 .text          0x06012390       0x70 d:/google drive/gamedev/saturn/jo engine/compiler/sh_coff/sh-coff/bin/../lib/gcc/sh-coff/4.0-GNUSH_v0601\libgcc.a(_lt_sf.o)
                0x06012390                __ltsf2
 .text          0x06012400      0x250 d:/google drive/gamedev/saturn/jo engine/compiler/sh_coff/sh-coff/bin/../lib/gcc/sh-coff/4.0-GNUSH_v0601\libgcc.a(_addsub_sf.o)
                0x06012594                __subsf3
                0x060125f4                __addsf3
 .text          0x06012650       0x70 d:/google drive/gamedev/saturn/jo engine/compiler/sh_coff/sh-coff/bin/../lib/gcc/sh-coff/4.0-GNUSH_v0601\libgcc.a(_df_to_sf.o)
                0x06012650                __truncdfsf2
 .text          0x060126c0      0x350 d:/google drive/gamedev/saturn/jo engine/compiler/sh_coff/sh-coff/bin/../lib/gcc/sh-coff/4.0-GNUSH_v0601\libgcc.a(_addsub_df.o)
                0x0601294c                __subdf3
                0x060129b0                __adddf3
 .text          0x06012a10       0x60 d:/google drive/gamedev/saturn/jo engine/compiler/sh_coff/sh-coff/bin/../lib/gcc/sh-coff/4.0-GNUSH_v0601\libgcc.a(_ashiftrt.o)
                0x06012a1c                __ashiftrt_r4_27
                0x06012a50                __ashiftrt_r4_6
                0x06012a40                __ashiftrt_r4_14
                0x06012a32                __ashiftrt_r4_19
                0x06012a4a                __ashiftrt_r4_9
                0x06012a5e                __ashiftrt_r4_0
                0x06012a10                __ashiftrt_r4_31
                0x06012a1e                __ashiftrt_r4_26
                0x06012a2c                __ashiftrt_r4_22
                0x06012a38                __ashiftrt_r4_16
                0x06012a44                __ashiftrt_r4_12
                0x06012a18                __ashiftrt_r4_29
                0x06012a36                __ashiftrt_r4_17
                0x06012a16                __ashiftrt_r4_30
                0x06012a52                __ashiftrt_r4_5
                0x06012a4c                __ashiftrt_r4_8
                0x06012a10                __ashiftrt_r4_32
                0x06012a20                __ashiftrt_r4_25
                0x06012a58                __ashiftrt_r4_2
                0x06012a22                __ashiftrt_r4_24
                0x06012a3e                __ashiftrt_r4_15
                0x06012a48                __ashiftrt_r4_10
                0x06012a5a                __ashiftrt_r4_1
                0x06012a1a                __ashiftrt_r4_28
                0x06012a30                __ashiftrt_r4_20
                0x06012a4e                __ashiftrt_r4_7
                0x06012a42                __ashiftrt_r4_13
                0x06012a46                __ashiftrt_r4_11
                0x06012a54                __ashiftrt_r4_4
                0x06012a2a                __ashiftrt_r4_23
                0x06012a34                __ashiftrt_r4_18
                0x06012a2e                __ashiftrt_r4_21
                0x06012a56                __ashiftrt_r4_3
 .text          0x06012a70       0x90 d:/google drive/gamedev/saturn/jo engine/compiler/sh_coff/sh-coff/bin/../lib/gcc/sh-coff/4.0-GNUSH_v0601\libgcc.a(_lshiftrt.o)
                0x06012a70                __lshrsi3
 .text          0x06012b00      0x1b0 d:/google drive/gamedev/saturn/jo engine/compiler/sh_coff/sh-coff/bin/../lib/gcc/sh-coff/4.0-GNUSH_v0601\libgcc.a(_div_df.o)
                0x06012b08                __divdf3
 .text          0x06012cb0       0x90 d:/google drive/gamedev/saturn/jo engine/compiler/sh_coff/sh-coff/bin/../lib/gcc/sh-coff/4.0-GNUSH_v0601\libgcc.a(_ashiftrt_n.o)
                0x06012cb0                __ashrsi3
 .text          0x06012d40      0x5f0 d:/google drive/gamedev/saturn/jo engine/compiler/sh_coff/sh-coff/bin/../lib/gcc/sh-coff/4.0-GNUSH_v0601\libgcc.a(_pack_df.o)
                0x06012d50                __pack_d
 .text          0x06013330      0x180 d:/google drive/gamedev/saturn/jo engine/compiler/sh_coff/sh-coff/bin/../lib/gcc/sh-coff/4.0-GNUSH_v0601\libgcc.a(_unpack_df.o)
                0x06013340                __unpack_d
 .text          0x060134b0       0xd0 d:/google drive/gamedev/saturn/jo engine/compiler/sh_coff/sh-coff/bin/../lib/gcc/sh-coff/4.0-GNUSH_v0601\libgcc.a(_muldi3.o)
                0x060134b0                __muldi3
 .text          0x06013580       0x20 d:/google drive/gamedev/saturn/jo engine/compiler/sh_coff/sh-coff/bin/../lib/gcc/sh-coff/4.0-GNUSH_v0601\libgcc.a(_thenan_df.o)
                0x06013580                __thenan_df
 .text          0x060135a0      0x1c0 d:/google drive/gamedev/saturn/jo engine/compiler/sh_coff/sh-coff/bin/../lib/gcc/sh-coff/4.0-GNUSH_v0601\libgcc.a(_pack_sf.o)
                0x060135a0                __pack_f
 .text          0x06013760       0xc0 d:/google drive/gamedev/saturn/jo engine/compiler/sh_coff/sh-coff/bin/../lib/gcc/sh-coff/4.0-GNUSH_v0601\libgcc.a(_unpack_sf.o)
                0x06013760                __unpack_f
 .text          0x06013820       0x10 d:/google drive/gamedev/saturn/jo engine/compiler/sh_coff/sh-coff/bin/../lib/gcc/sh-coff/4.0-GNUSH_v0601\libgcc.a(_thenan_sf.o)
                0x06013820                __thenan_sf
 .text          0x06013830       0x30 d:/google drive/gamedev/saturn/jo engine/compiler/sh_coff/sh-coff/bin/../lib/gcc/sh-coff/4.0-GNUSH_v0601\libgcc.a(_make_df.o)
                0x06013830                __make_dp
 .text          0x06013860       0xa0 d:/google drive/gamedev/saturn/jo engine/compiler/sh_coff/sh-coff/bin/../lib/gcc/sh-coff/4.0-GNUSH_v0601\libgcc.a(_fpcmp_parts_sf.o)
                0x06013860                __fpcmp_parts_f
 .text          0x06013900       0x30 d:/google drive/gamedev/saturn/jo engine/compiler/sh_coff/sh-coff/bin/../lib/gcc/sh-coff/4.0-GNUSH_v0601\libgcc.a(_make_sf.o)
                0x06013900                __make_fp
 .text          0x06013930       0x30 d:/google drive/gamedev/saturn/jo engine/compiler/sh_coff/sh-coff/bin/../lib/gcc/sh-coff/4.0-GNUSH_v0601\libgcc.a(_mulsi3.o)
                0x06013930                __mulsi3
 .text          0x06013960       0xb0 d:/google drive/gamedev/saturn/jo engine/compiler/sh_coff/sh-coff/bin/../lib/gcc/sh-coff/4.0-GNUSH_v0601/../../../../sh-coff/lib\libc.a(sprintf.o)
                0x060139b0                sprintf
                0x06013960                _sprintf_r
 .text          0x06013a10       0xa0 d:/google drive/gamedev/saturn/jo engine/compiler/sh_coff/sh-coff/bin/../lib/gcc/sh-coff/4.0-GNUSH_v0601/../../../../sh-coff/lib\libc.a(memcpy.o)
                0x06013a10                memcpy
 .text          0x06013ab0       0x80 d:/google drive/gamedev/saturn/jo engine/compiler/sh_coff/sh-coff/bin/../lib/gcc/sh-coff/4.0-GNUSH_v0601/../../../../sh-coff/lib\libc.a(memcmp.o)
                0x06013ab0                memcmp
 .text          0x06013b30      0x100 d:/google drive/gamedev/saturn/jo engine/compiler/sh_coff/sh-coff/bin/../lib/gcc/sh-coff/4.0-GNUSH_v0601/../../../../sh-coff/lib\libc.a(strncmp.o)
                0x06013b30                strncmp
 .text          0x06013c30       0xd0 d:/google drive/gamedev/saturn/jo engine/compiler/sh_coff/sh-coff/bin/../lib/gcc/sh-coff/4.0-GNUSH_v0601/../../../../sh-coff/lib\libc.a(strncpy.o)
                0x06013c30                strncpy
 .text          0x06013d00       0x40 d:/google drive/gamedev/saturn/jo engine/compiler/sh_coff/sh-coff/bin/../lib/gcc/sh-coff/4.0-GNUSH_v0601/../../../../sh-coff/lib\libc.a(memset.o)
                0x06013d00                memset
 .text          0x06013d40       0x90 d:/google drive/gamedev/saturn/jo engine/compiler/sh_coff/sh-coff/bin/../lib/gcc/sh-coff/4.0-GNUSH_v0601/../../../../sh-coff/lib\libc.a(atexit.o)
                0x06013d40                atexit
 .text          0x06013dd0     0x1d20 d:/google drive/gamedev/saturn/jo engine/compiler/sh_coff/sh-coff/bin/../lib/gcc/sh-coff/4.0-GNUSH_v0601/../../../../sh-coff/lib\libc.a(vfprintf.o)
                0x06013e88                _vfprintf_r
                0x06015ac8                vfprintf
 .text          0x06015af0       0x10 d:/google drive/gamedev/saturn/jo engine/compiler/sh_coff/sh-coff/bin/../lib/gcc/sh-coff/4.0-GNUSH_v0601/../../../../sh-coff/lib\libc.a(impure.o)
                0x06015af0                _global_impure_ptr
 .text          0x06015b00       0x40 d:/google drive/gamedev/saturn/jo engine/compiler/sh_coff/sh-coff/bin/../lib/gcc/sh-coff/4.0-GNUSH_v0601/../../../../sh-coff/lib\libc.a(malloc.o)
                0x06015b1c                free
                0x06015b00                malloc
 .text          0x06015b40      0x300 d:/google drive/gamedev/saturn/jo engine/compiler/sh_coff/sh-coff/bin/../lib/gcc/sh-coff/4.0-GNUSH_v0601/../../../../sh-coff/lib\libc.a(fvwrite.o)
                0x06015b40                __sfvwrite
 .text          0x06015e40      0x100 d:/google drive/gamedev/saturn/jo engine/compiler/sh_coff/sh-coff/bin/../lib/gcc/sh-coff/4.0-GNUSH_v0601/../../../../sh-coff/lib\libc.a(locale.o)
                0x06015f08                setlocale
                0x06015e88                _setlocale_r
                0x06015ee4                __locale_charset
                0x06015f28                localeconv
                0x06015ef8                _localeconv_r
 .text          0x06015f40      0x360 d:/google drive/gamedev/saturn/jo engine/compiler/sh_coff/sh-coff/bin/../lib/gcc/sh-coff/4.0-GNUSH_v0601/../../../../sh-coff/lib\libc.a(freer.o)
                0x06015f40                _malloc_trim_r
                0x06016028                _free_r
 .text          0x060162a0       0x20 d:/google drive/gamedev/saturn/jo engine/compiler/sh_coff/sh-coff/bin/../lib/gcc/sh-coff/4.0-GNUSH_v0601/../../../../sh-coff/lib\libc.a(strlen.o)
                0x060162a0                strlen
 .text          0x060162c0      0x270 d:/google drive/gamedev/saturn/jo engine/compiler/sh_coff/sh-coff/bin/../lib/gcc/sh-coff/4.0-GNUSH_v0601/../../../../sh-coff/lib\libc.a(findfp.o)
                0x060163d4                __sfp
                0x0601635c                __sfp_lock_acquire
                0x06016504                __fp_unlock_all
                0x060163c8                __sfp_lock_release
                0x06016368                __sinit
                0x060164b4                _cleanup
                0x060164e4                __fp_lock_all
                0x0601649c                _cleanup_r
                0x06016304                __sfmoreglue
 .text          0x06016530       0xd0 d:/google drive/gamedev/saturn/jo engine/compiler/sh_coff/sh-coff/bin/../lib/gcc/sh-coff/4.0-GNUSH_v0601/../../../../sh-coff/lib\libc.a(fflush.o)
                0x06016530                fflush
 .text          0x06016600       0xf0 d:/google drive/gamedev/saturn/jo engine/compiler/sh_coff/sh-coff/bin/../lib/gcc/sh-coff/4.0-GNUSH_v0601/../../../../sh-coff/lib\libc.a(wsetup.o)
                0x06016600                __swsetup
 .text          0x060166f0       0x70 d:/google drive/gamedev/saturn/jo engine/compiler/sh_coff/sh-coff/bin/../lib/gcc/sh-coff/4.0-GNUSH_v0601/../../../../sh-coff/lib\libc.a(wcrtomb.o)
                0x060166f0                _wcrtomb_r
                0x0601673c                wcrtomb
 .text          0x06016760       0x40 d:/google drive/gamedev/saturn/jo engine/compiler/sh_coff/sh-coff/bin/../lib/gcc/sh-coff/4.0-GNUSH_v0601/../../../../sh-coff/lib\libc.a(s_isinf.o)
                0x06016760                isinf
 .text          0x060167a0       0xd0 d:/google drive/gamedev/saturn/jo engine/compiler/sh_coff/sh-coff/bin/../lib/gcc/sh-coff/4.0-GNUSH_v0601/../../../../sh-coff/lib\libc.a(memchr.o)
                0x060167a0                memchr
 .text          0x06016870      0x6a0 d:/google drive/gamedev/saturn/jo engine/compiler/sh_coff/sh-coff/bin/../lib/gcc/sh-coff/4.0-GNUSH_v0601/../../../../sh-coff/lib\libc.a(mallocr.o)
                0x06016870                _malloc_r
 .text          0x06016f10      0x130 d:/google drive/gamedev/saturn/jo engine/compiler/sh_coff/sh-coff/bin/../lib/gcc/sh-coff/4.0-GNUSH_v0601/../../../../sh-coff/lib\libc.a(wcsrtombs.o)
                0x06016f10                _wcsrtombs_r
                0x06017004                wcsrtombs
 .text          0x06017040       0x40 d:/google drive/gamedev/saturn/jo engine/compiler/sh_coff/sh-coff/bin/../lib/gcc/sh-coff/4.0-GNUSH_v0601/../../../../sh-coff/lib\libc.a(s_isnan.o)
                0x06017040                isnan
 .text          0x06017080     0x1310 d:/google drive/gamedev/saturn/jo engine/compiler/sh_coff/sh-coff/bin/../lib/gcc/sh-coff/4.0-GNUSH_v0601/../../../../sh-coff/lib\libc.a(dtoa.o)
                0x06017224                _dtoa_r
 .text          0x06018390       0xe0 d:/google drive/gamedev/saturn/jo engine/compiler/sh_coff/sh-coff/bin/../lib/gcc/sh-coff/4.0-GNUSH_v0601/../../../../sh-coff/lib\libc.a(memmove.o)
                0x06018390                memmove
 .text          0x06018470      0x450 d:/google drive/gamedev/saturn/jo engine/compiler/sh_coff/sh-coff/bin/../lib/gcc/sh-coff/4.0-GNUSH_v0601/../../../../sh-coff/lib\libc.a(reallocr.o)
                0x06018470                _realloc_r
 .text          0x060188c0       0x30 d:/google drive/gamedev/saturn/jo engine/compiler/sh_coff/sh-coff/bin/../lib/gcc/sh-coff/4.0-GNUSH_v0601/../../../../sh-coff/lib\libc.a(strcmp.o)
                0x060188c0                strcmp
 .text          0x060188f0       0x20 d:/google drive/gamedev/saturn/jo engine/compiler/sh_coff/sh-coff/bin/../lib/gcc/sh-coff/4.0-GNUSH_v0601/../../../../sh-coff/lib\libc.a(mlock.o)
                0x060188f0                __malloc_lock
                0x060188fc                __malloc_unlock
 .text          0x06018910       0x50 d:/google drive/gamedev/saturn/jo engine/compiler/sh_coff/sh-coff/bin/../lib/gcc/sh-coff/4.0-GNUSH_v0601/../../../../sh-coff/lib\libc.a(sbrkr.o)
                0x06018910                _sbrk_r
 .text          0x06018960      0x170 d:/google drive/gamedev/saturn/jo engine/compiler/sh_coff/sh-coff/bin/../lib/gcc/sh-coff/4.0-GNUSH_v0601/../../../../sh-coff/lib\libc.a(stdio.o)
                0x060189b8                __swrite
                0x06018aa8                __sclose
                0x06018960                __sread
                0x06018a48                __sseek
 .text          0x06018ad0      0x130 d:/google drive/gamedev/saturn/jo engine/compiler/sh_coff/sh-coff/bin/../lib/gcc/sh-coff/4.0-GNUSH_v0601/../../../../sh-coff/lib\libc.a(fclose.o)
                0x06018ad0                _fclose_r
                0x06018bdc                fclose
 .text          0x06018c00      0x200 d:/google drive/gamedev/saturn/jo engine/compiler/sh_coff/sh-coff/bin/../lib/gcc/sh-coff/4.0-GNUSH_v0601/../../../../sh-coff/lib\libc.a(fwalk.o)
                0x06018d74                _fwalk_reent
                0x06018cf0                _fwalk
 .text          0x06018e00      0x150 d:/google drive/gamedev/saturn/jo engine/compiler/sh_coff/sh-coff/bin/../lib/gcc/sh-coff/4.0-GNUSH_v0601/../../../../sh-coff/lib\libc.a(makebuf.o)
                0x06018e00                __smakebuf
 .text          0x06018f50      0x2c0 d:/google drive/gamedev/saturn/jo engine/compiler/sh_coff/sh-coff/bin/../lib/gcc/sh-coff/4.0-GNUSH_v0601/../../../../sh-coff/lib\libc.a(wctomb_r.o)
                0x06018f70                _wctomb_r
 .text          0x06019210      0xdc0 d:/google drive/gamedev/saturn/jo engine/compiler/sh_coff/sh-coff/bin/../lib/gcc/sh-coff/4.0-GNUSH_v0601/../../../../sh-coff/lib\libc.a(mprec.o)
                0x06019a50                __mcmp
                0x06019ed4                _ratio
                0x060196ac                _i2b
                0x06019c4c                _b2d
                0x060194a4                _s2b
                0x0601957c                _hi0bits
                0x06019880                _pow5mult
                0x06019a94                __mdiff
                0x06019958                _lshift
                0x060196d0                _multiply
                0x06019da0                _d2b
                0x06019328                _Balloc
                0x06019210                __mprec_tinytens
                0x06019f68                _mprec_log10
                0x06019238                __mprec_bigtens
                0x06019bb4                _ulp
                0x060193b8                _Bfree
                0x06019260                __mprec_tens
                0x060195e4                _lo0bits
                0x060193d8                _multadd
 .text          0x06019fd0      0x390 d:/google drive/gamedev/saturn/jo engine/compiler/sh_coff/sh-coff/bin/../lib/gcc/sh-coff/4.0-GNUSH_v0601/../../../../sh-coff/lib\libc.a(syscalls.o)
                0x0601a140                _exit
                0x0601a174                _getpid
                0x0601a1dc                _utime
                0x0601a008                _write
                0x06019fd0                _read
                0x0601a128                _unlink
                0x0601a0f0                _open
                0x0601a18c                _stat
                0x0601a134                isatty
                0x0601a20c                _wait
                0x0601a158                _kill
                0x0601a1a8                _chmod
                0x0601a23c                _execv
                0x0601a220                _execve
                0x0601a31c                __setup_argv_and_call_main
                0x0601a274                _gettimeofday
                0x0601a03c                _link
                0x0601a180                _raise
                0x0601a10c                _creat
                0x0601a254                _pipe
                0x0601a1c0                _chown
                0x06019fec                _lseek
                0x0601a024                _close
                0x0601a268                _times
                0x0601a0dc                _fstat
                0x0601a1f8                _fork
                0x0601a064                _sbrk
 .text          0x0601a360       0x50 d:/google drive/gamedev/saturn/jo engine/compiler/sh_coff/sh-coff/bin/../lib/gcc/sh-coff/4.0-GNUSH_v0601/../../../../sh-coff/lib\libc.a(readr.o)
                0x0601a360                _read_r
 .text          0x0601a3b0       0x50 d:/google drive/gamedev/saturn/jo engine/compiler/sh_coff/sh-coff/bin/../lib/gcc/sh-coff/4.0-GNUSH_v0601/../../../../sh-coff/lib\libc.a(writer.o)
                0x0601a3b0                _write_r
 .text          0x0601a400       0x50 d:/google drive/gamedev/saturn/jo engine/compiler/sh_coff/sh-coff/bin/../lib/gcc/sh-coff/4.0-GNUSH_v0601/../../../../sh-coff/lib\libc.a(lseekr.o)
                0x0601a400                _lseek_r
 .text          0x0601a450       0x50 d:/google drive/gamedev/saturn/jo engine/compiler/sh_coff/sh-coff/bin/../lib/gcc/sh-coff/4.0-GNUSH_v0601/../../../../sh-coff/lib\libc.a(closer.o)
                0x0601a450                _close_r
 .text          0x0601a4a0       0x50 d:/google drive/gamedev/saturn/jo engine/compiler/sh_coff/sh-coff/bin/../lib/gcc/sh-coff/4.0-GNUSH_v0601/../../../../sh-coff/lib\libc.a(fstatr.o)
                0x0601a4a0                _fstat_r
 .text          0x0601a4f0       0xa0 d:/google drive/gamedev/saturn/jo engine/compiler/sh_coff/sh-coff/bin/../lib/gcc/sh-coff/4.0-GNUSH_v0601/../../../../sh-coff/lib\libc.a(callocr.o)
                0x0601a4f0                _calloc_r
 .text          0x0601a590       0x20 d:/google drive/gamedev/saturn/jo engine/compiler/sh_coff/sh-coff/bin/../lib/gcc/sh-coff/4.0-GNUSH_v0601/../../../../sh-coff/lib\libc.a(trap.o)
                0x0601a590                __trap34
 .text          0x0601a5b0       0x20 d:/google drive/gamedev/saturn/jo engine/compiler/sh_coff/sh-coff/bin/../lib/gcc/sh-coff/4.0-GNUSH_v0601/../../../../sh-coff/lib\libc.a(abort.o)
                0x0601a5b0                abort
 .text          0x0601a5d0      0x260 d:/google drive/gamedev/saturn/jo engine/compiler/sh_coff/sh-coff/bin/../lib/gcc/sh-coff/4.0-GNUSH_v0601/../../../../sh-coff/lib\libc.a(signal.o)
                0x0601a68c                _raise_r
                0x0601a810                __sigtramp
                0x0601a7bc                raise
                0x0601a7f8                _init_signal
                0x0601a748                __sigtramp_r
                0x0601a7d8                signal
                0x0601a61c                _signal_r
                0x0601a5d0                _init_signal_r
 .text          0x0601a830       0x60 d:/google drive/gamedev/saturn/jo engine/compiler/sh_coff/sh-coff/bin/../lib/gcc/sh-coff/4.0-GNUSH_v0601/../../../../sh-coff/lib\libc.a(signalr.o)
                0x0601a878                _getpid_r
                0x0601a830                _kill_r
 .text          0x0601a890       0x70 d:/google drive/gamedev/saturn/jo engine/compiler/sh_coff/sh-coff/bin/../lib/gcc/sh-coff/4.0-GNUSH_v0601\libgcc.a(_eq_df.o)
                0x0601a890                __eqdf2
 .text          0x0601a900       0x70 d:/google drive/gamedev/saturn/jo engine/compiler/sh_coff/sh-coff/bin/../lib/gcc/sh-coff/4.0-GNUSH_v0601\libgcc.a(_ne_df.o)
                0x0601a900                __nedf2
 .text          0x0601a970       0x70 d:/google drive/gamedev/saturn/jo engine/compiler/sh_coff/sh-coff/bin/../lib/gcc/sh-coff/4.0-GNUSH_v0601\libgcc.a(_lt_df.o)
                0x0601a970                __ltdf2
 .text          0x0601a9e0      0x610 d:/google drive/gamedev/saturn/jo engine/compiler/sh_coff/sh-coff/bin/../lib/gcc/sh-coff/4.0-GNUSH_v0601\libgcc.a(_udivdi3.o)
                0x0601a9e0                __udivdi3
 .text          0x0601aff0      0x600 d:/google drive/gamedev/saturn/jo engine/compiler/sh_coff/sh-coff/bin/../lib/gcc/sh-coff/4.0-GNUSH_v0601\libgcc.a(_umoddi3.o)
                0x0601aff0                __umoddi3
 .text          0x0601b5f0       0x70 d:/google drive/gamedev/saturn/jo engine/compiler/sh_coff/sh-coff/bin/../lib/gcc/sh-coff/4.0-GNUSH_v0601\libgcc.a(_gt_df.o)
                0x0601b5f0                __gtdf2
 .text          0x0601b660       0x70 d:/google drive/gamedev/saturn/jo engine/compiler/sh_coff/sh-coff/bin/../lib/gcc/sh-coff/4.0-GNUSH_v0601\libgcc.a(_ge_df.o)
                0x0601b660                __gedf2
 .text          0x0601b6d0       0xb0 d:/google drive/gamedev/saturn/jo engine/compiler/sh_coff/sh-coff/bin/../lib/gcc/sh-coff/4.0-GNUSH_v0601\libgcc.a(_fpcmp_parts_df.o)
                0x0601b6d0                __fpcmp_parts_d
 .text          0x0601b780      0x100 d:/google drive/gamedev/saturn/jo engine/compiler/sh_coff/sh-coff/bin/../lib/gcc/sh-coff/4.0-GNUSH_v0601\libgcc.a(_clz.o)
                0x0601b780                __clz_tab
 *(.strings)
                0x0601b880                __etext = .

.rodata
 *(.rodata)

SLPROG          0x0601b880    0x11b30
                0x0601b880                __slprog_start = .
 *(SLPROG)
 SLPROG         0x0601b880     0x6540 ../../Compiler/SGL_302j/LIB_COFF/SGLAREA.O
                0x0601b89c                SpriteBuf
                0x0601b8c0                RemainEvent
                0x0601b88c                SortList
                0x0601b88a                MaxPolygons
                0x0601b8a8                CommandBuf
                0x0601b8bc                MaxWorks
                0x0601b8be                WorkSize
                0x0601b8b4                PCM_WkSize
                0x0601b8ac                CLOfstBuf
                0x0601b9c0                RemainWork
                0x0601b8b0                PCM_Work
                0x0601b880                MasterStack
                0x0601b884                SlaveStack
                0x0601b888                MaxVertices
                0x0601b8b8                MaxEvents
                0x0601b898                Zbuffer
                0x0601b8a0                SpriteBufSize
                0x0601ddc0                WorkBuf
                0x0601b894                TransList
                0x0601b8a4                Pbuffer
                0x0601b890                SortListSize
                0x0601b8ba                EventSize
                0x0601bdc0                EventBuf
 SLPROG         0x06021dc0     0x1218 ../../Compiler/SGL_302j/LIB_COFF/LIBSGL.A(sglC08.o)
                0x06021dc0                slPutPolygon
                0x06022a3c                MsCalcDepthFlat
 *fill*         0x06022fd8        0x8 00
 SLPROG         0x06022fe0       0x48 ../../Compiler/SGL_302j/LIB_COFF/LIBSGL.A(sglA21.o)
                0x06023014                slPopMatrix
                0x06022fe0                slPushMatrix
                0x06023014                slDecMatrixPtr
 *fill*         0x06023028        0x8 00
 SLPROG         0x06023030       0x78 ../../Compiler/SGL_302j/LIB_COFF/LIBSGL.A(sglA18.o)
                0x0602303a                slRotYSC
                0x06023030                slRotY
 *fill*         0x060230a8        0x8 00
 SLPROG         0x060230b0       0x50 ../../Compiler/SGL_302j/LIB_COFF/LIBSGL.A(sglA27.o)
                0x060230b0                slTranslate
 SLPROG         0x06023100       0x70 ../../Compiler/SGL_302j/LIB_COFF/LIBSGL.A(sglA28.o)
                0x06023100                slScale
 SLPROG         0x06023170      0x42c ../../Compiler/SGL_302j/LIB_COFF/LIBSGL.A(sglA20.o)
                0x06023170                slInitMatrix
                0x0602318e                slUnitMatrix
                0x0602317a                slPushUnitMatrix
 *fill*         0x0602359c        0x4 00
 SLPROG         0x060235a0       0x4e ../../Compiler/SGL_302j/LIB_COFF/LIBSGL.A(sglF00.o)
                0x060235ba                slLocate
                0x060235b0                slCurColor
                0x060235ec                CurrentScreen
                0x060235a0                slCurScrn
 *fill*         0x060235ee        0x2 00
 SLPROG         0x060235f0      0x12a ../../Compiler/SGL_302j/LIB_COFF/LIBSGL.A(sglF03.o)
                0x060235f0                slPrintFX
 *fill*         0x0602371a        0x6 00
 SLPROG         0x06023720      0x3a4 ../../Compiler/SGL_302j/LIB_COFF/LIBSGL.A(sglI01.o)
                0x0602390a                RetPCMBuf
                0x06023a44                Sound_Buf
                0x06023720                slInitSynch
                0x06023830                slRandom
                0x060239a4                PCM_Buf
                0x0602373a                slSynch
                0x0602384e                PCM_EndCheck
 *fill*         0x06023ac4        0xc 00
 SLPROG         0x06023ad0       0x2c ../../Compiler/SGL_302j/LIB_COFF/LIBSGL.A(sglC04.o)
                0x06023ad0                slZdspLevel
 *fill*         0x06023afc        0x4 00
 SLPROG         0x06023b00      0x40c ../../Compiler/SGL_302j/LIB_COFF/LIBSGL.A(sglB015.o)
                0x06023b00                slScrAutoDisp
 *fill*         0x06023f0c        0x4 00
 SLPROG         0x06023f10       0x1c ../../Compiler/SGL_302j/LIB_COFF/LIBSGL.A(sglF05.o)
                0x06023f10                slPrint
 *fill*         0x06023f2c        0x4 00
 SLPROG         0x06023f30       0x84 ../../Compiler/SGL_302j/LIB_COFF/LIBSGL.A(sglD00.o)
                0x06023f30                slDMACopy
                0x06023f30                slCpuDMACopy
                0x06023f8a                slCashPurge
                0x06023f8a                CSH_AllClr
 *fill*         0x06023fb4        0xc 00
 SLPROG         0x06023fc0       0x10 ../../Compiler/SGL_302j/LIB_COFF/LIBSGL.A(sglD02.o)
                0x06023fc0                slDMAWait
 SLPROG         0x06023fd0      0x114 ../../Compiler/SGL_302j/LIB_COFF/LIBSGL.A(sglB200.o)
                0x06023fdc                slCharNbg0
                0x06024022                slPageRbg0
                0x06024038                slPageNbg1
                0x06023fe8                slCharNbg1
                0x06024054                slPageNbg0
                0x06024040                slPageNbg2
                0x06024048                slPageNbg3
                0x06023ff4                slCharNbg2
                0x0602400a                slCharNbg3
                0x06023fd0                slCharRbg0
 *fill*         0x060240e4        0xc 00
 SLPROG         0x060240f0       0x10 ../../Compiler/SGL_302j/LIB_COFF/LIBSGL.A(sglB058.o)
                0x060240f0                slPlaneNbg3
 SLPROG         0x06024100        0xc ../../Compiler/SGL_302j/LIB_COFF/LIBSGL.A(sglB063.o)
                0x06024100                slPriority
 *fill*         0x0602410c        0x4 00
 SLPROG         0x06024110       0xb4 ../../Compiler/SGL_302j/LIB_COFF/LIBSGL.A(sglB034.o)
                0x06024110                slMapNbg3
 *fill*         0x060241c4        0xc 00
 SLPROG         0x060241d0       0x24 ../../Compiler/SGL_302j/LIB_COFF/LIBSGL.A(sglB010.o)
                0x060241d0                slBitMapNbg0
 *fill*         0x060241f4        0xc 00
 SLPROG         0x06024200       0x14 ../../Compiler/SGL_302j/LIB_COFF/LIBSGL.A(sglB061.o)
                0x06024200                slBMPalette
 *fill*         0x06024214        0xc 00
 SLPROG         0x06024220        0xc ../../Compiler/SGL_302j/LIB_COFF/LIBSGL.A(sglB016.o)
                0x06024220                slBack1ColSet
 *fill*         0x0602422c        0x4 00
 SLPROG         0x06024230       0x10 ../../Compiler/SGL_302j/LIB_COFF/LIBSGL.A(sglB028.o)
                0x06024230                slColOffsetB
 SLPROG         0x06024240        0x8 ../../Compiler/SGL_302j/LIB_COFF/LIBSGL.A(sglB024.o)
                0x06024240                slColOffsetOn
 *fill*         0x06024248        0x8 00
 SLPROG         0x06024250       0x10 ../../Compiler/SGL_302j/LIB_COFF/LIBSGL.A(sglB025.o)
                0x06024250                slColOffsetBUse
 SLPROG         0x06024260       0x20 ../../Compiler/SGL_302j/LIB_COFF/LIBSGL.A(sglB001.o)
                0x06024260                slTVOn
                0x0602426a                slTVOff
 SLPROG         0x06024280       0x24 ../../Compiler/SGL_302j/LIB_COFF/LIBSGL.A(sglB011.o)
                0x06024280                slBitMapNbg1
 *fill*         0x060242a4        0xc 00
 SLPROG         0x060242b0        0xc ../../Compiler/SGL_302j/LIB_COFF/LIBSGL.A(sglB071.o)
                0x060242b0                slScrPosNbg1
 *fill*         0x060242bc        0x4 00
 SLPROG         0x060242c0       0x34 ../../Compiler/SGL_302j/LIB_COFF/LIBSGL.A(sglB070.o)
                0x060242c0                slScrPosNbg0
 *fill*         0x060242f4        0xc 00
 SLPROG         0x06024300       0x10 ../../Compiler/SGL_302j/LIB_COFF/LIBSGL.A(sglB027.o)
                0x06024300                slColOffsetA
 SLPROG         0x06024310       0x10 ../../Compiler/SGL_302j/LIB_COFF/LIBSGL.A(sglA08.o)
                0x06024310                slInnerProduct
 SLPROG         0x06024320     0x411e ../../Compiler/SGL_302j/LIB_COFF/LIBSGL.A(sglA01.o)
                0x060243fc                sin_cos_index_tbl
                0x06024320                slSin
                0x0602443c                sin_tbl
                0x06024368                GetSinCos
                0x06024344                slCos
 *fill*         0x0602843e        0x2 00
 SLPROG         0x06028440        0xa ../../Compiler/SGL_302j/LIB_COFF/LIBSGL.A(sglA06.o)
                0x06028440                slMulFX
 *fill*         0x0602844a        0x6 00
 SLPROG         0x06028450       0x14 ../../Compiler/SGL_302j/LIB_COFF/LIBSGL.A(sglF11.o)
                0x06028450                slAng2FX
 *fill*         0x06028464        0xc 00
 SLPROG         0x06028470      0xfc8 ../../Compiler/SGL_302j/LIB_COFF/LIBSGL.A(sglH00.o)
                0x0602850c                slSetPortData1
                0x060284fc                slGetPortData1
                0x06028cea                slSetPortMode1
                0x06028f24                Smpc_Status
                0x060284c2                slSetPortDir2
                0x06028b08                slSmpcCashSend
                0x06028528                slGetPortSelect1
                0x0602890e                slIntBackCancel
                0x060285c0                slSetPortExt1
                0x06028cd0                slGetPortMode1
                0x06028bc4                slSmpcCashBlow
                0x06028eb4                slRequestCommand
                0x06028f54                SmpcStatusBuf
                0x06028516                slSetPortData2
                0x06028876                slSetResultBuffer
                0x060285ac                slGetPortExt1
                0x060285f0                slSetPortExt2
                0x06028490                slGetPortDir2
                0x060285b6                slGetPortExt2
                0x06028942                slClearReset
                0x06028938                slCheckReset
                0x06028498                slSetPortDir1
                0x06028570                slSetPortSelect2
                0x0602853c                slSetPortSelect1
                0x06028cdc                slGetPortMode2
                0x06028532                slGetPortSelect2
                0x06028488                slGetPortDir1
                0x06028504                slGetPortData2
                0x06028caa                slSetOptimize
                0x06028ca0                slGetOptimize
                0x06028764                slSmpcDirectAccess
                0x06028f32                Per_Connect1
                0x060287e4                slInitPeripheral
                0x06028902                slCheckIntBackSet
                0x06028f33                Per_Connect2
                0x06028f2c                Smpc_Peripheral
                0x06028d28                slSetPortMode2
                0x06028f28                Smpc_Result
 *fill*         0x06029438        0x8 00
 SLPROG         0x06029440       0x38 ../../Compiler/SGL_302j/LIB_COFF/LIBSGL.A(sglA05.o)
                0x06029440                slSquart
                0x0602946c                slSquartFX
 *fill*         0x06029478        0x8 00
 SLPROG         0x06029480       0x18 ../../Compiler/SGL_302j/LIB_COFF/LIBSGL.A(sglA15.o)
                0x06029480                slSlaveFunc
 *fill*         0x06029498        0x8 00
 SLPROG         0x060294a0        0xc ../../Compiler/SGL_302j/LIB_COFF/LIBSGL.A(sglB056.o)
                0x060294a0                slPlaneNbg1
 *fill*         0x060294ac        0x4 00
 SLPROG         0x060294b0       0xb4 ../../Compiler/SGL_302j/LIB_COFF/LIBSGL.A(sglB032.o)
                0x060294b0                slMapNbg1
 *fill*         0x06029564        0xc 00
 SLPROG         0x06029570        0xc ../../Compiler/SGL_302j/LIB_COFF/LIBSGL.A(sglB053.o)
                0x06029570                slZoomNbg1
 *fill*         0x0602957c        0x4 00
 SLPROG         0x06029580       0xa8 ../../Compiler/SGL_302j/LIB_COFF/LIBSGL.A(sglH01.o)
                0x060295e0                slSetSoundOutput
                0x060295b8                slSetSoundEffect
                0x060295ac                slGetSoundEffect
                0x060295d4                slGetSoundOutput
                0x060295fc                slGetHelpWindow
                0x06029580                slGetLanguage
                0x0602958a                slSetLanguage
                0x06029608                slSetHelpWindow
 *fill*         0x06029628        0x8 00
 SLPROG         0x06029630      0x162 ../../Compiler/SGL_302j/LIB_COFF/LIBSGL.A(sglC07.o)
                0x06029636                slPutSprite
 *fill*         0x06029792        0xe 00
 SLPROG         0x060297a0       0xfa ../../Compiler/SGL_302j/LIB_COFF/LIBSGL.A(sglC06.o)
                0x060297a0                slDispSprite
 *fill*         0x0602989a        0x6 00
 SLPROG         0x060298a0       0x84 ../../Compiler/SGL_302j/LIB_COFF/LIBSGL.A(sglD16.o)
                0x060298e8                DMA_SCU_PRM0
                0x060298a0                DMA_ScuSetPrm
 *fill*         0x06029924        0xc 00
 SLPROG         0x06029930       0x88 ../../Compiler/SGL_302j/LIB_COFF/LIBSGL.A(sglD17.o)
                0x06029930                DMA_ScuStart
 *fill*         0x060299b8        0x8 00
 SLPROG         0x060299c0       0x20 ../../Compiler/SGL_302j/LIB_COFF/LIBSGL.A(sglD15.o)
                0x060299c0                CSH_Purge
 SLPROG         0x060299e0       0x34 ../../Compiler/SGL_302j/LIB_COFF/LIBSGL.A(sglD18.o)
                0x060299e0                DMA_ScuGetStatus
 *fill*         0x06029a14        0xc 00
 SLPROG         0x06029a20       0xa0 ../../Compiler/SGL_302j/LIB_COFF/LIBSGL.A(sglD01.o)
                0x06029a20                slDMAXCopy
 SLPROG         0x06029ac0        0xc ../../Compiler/SGL_302j/LIB_COFF/LIBSGL.A(sglD03.o)
                0x06029ac0                slDMAStatus
 *fill*         0x06029acc        0x4 00
 SLPROG         0x06029ad0     0x12b8 ../../Compiler/SGL_302j/LIB_COFF/LIBSGL.A(sglJ02.o)
                0x0602ad04                stvtc_1
                0x0602aa3c                stvtc_4
                0x0602a9fc                SetPolygon
                0x0602aaf4                stvtc_3
                0x0602ad2c                stvtc_0
                0x0602aa04                SetPosition
                0x06029cb8                sbCalcPolygon
                0x0602a9f0                SetTexture
                0x06029ad0                sbMakePolygon
                0x0602ad18                stvtc_2
 *fill*         0x0602ad88        0x8 00
 SLPROG         0x0602ad90       0x6a ../../Compiler/SGL_302j/LIB_COFF/LIBSGL.A(sglM01.o)
                0x0602adbc                slSetDepthTbl
                0x0602adec                DepthWorkArea
                0x0602ad90                slSetDepthLimit
 *fill*         0x0602adfa        0x6 00
 SLPROG         0x0602ae00       0xd4 ../../Compiler/SGL_302j/LIB_COFF/LIBSGL.A(sglB035.o)
                0x0602ae00                sl1MapRA
                0x0602ae92                rbank_set
 *fill*         0x0602aed4        0xc 00
 SLPROG         0x0602aee0      0x470 ../../Compiler/SGL_302j/LIB_COFF/LIBSGL.A(sglH02.o)
                0x0602b2d0                smpc_pfr_tbl
                0x0602b310                smpc_ptf_tbl
 SLPROG         0x0602b350       0x60 ../../Compiler/SGL_302j/LIB_COFF/LIBSGL.A(sglH04.o)
                0x0602b37a                slComPrmSetTime
                0x0602b350                slComPrmIntBack
                0x0602b364                slComPrmSetMemory
 SLPROG         0x0602b3b0       0x20 ../../Compiler/SGL_302j/LIB_COFF/LIBSGL.A(sglA00.o)
                0x0602b3c4                get_imask
                0x0602b3b0                set_imask
                0x0602b3b0                _builtin_set_imask
                0x0602b3c4                _builtin_get_imask
 SLPROG         0x0602b3d0       0x74 ../../Compiler/SGL_302j/LIB_COFF/LIBSGL.A(sglJ00.o)
                0x0602b3d0                InitSlaveSH
                0x0602b438                SlaveCommand
 *fill*         0x0602b444        0xc 00
 SLPROG         0x0602b450      0xbd0 ../../Compiler/SGL_302j/LIB_COFF/LIBSGL.A(sglB000.o)
                0x0602b450                slInitScroll
                0x0602b6b0                TVSizeTbl
                0x0602b5a0                setASC_4to8
                0x0602b730                TVModeTbl
                0x0602b570                setASC_1to8
                0x0602b908                SGL_ASCII_CG
 SLPROG         0x0602c020      0x3d0 ../../Compiler/SGL_302j/LIB_COFF/LIBSGL.A(sglJ01.o)
                0x0602c020                SlaveControl
                0x0602c3dc                ErasePolygonData
 SLPROG         0x0602c3f0      0x75c ../../Compiler/SGL_302j/LIB_COFF/LIBSGL.A(sglI00.o)
                0x0602c6e0                slInitInterrupt
 *fill*         0x0602cb4c        0x4 00
 SLPROG         0x0602cb50      0x134 ../../Compiler/SGL_302j/LIB_COFF/LIBSGL.A(sglC00.o)
                0x0602cb50                slInitSprite
 *fill*         0x0602cc84        0xc 00
 SLPROG         0x0602cc90       0x40 ../../Compiler/SGL_302j/LIB_COFF/LIBSGL.A(sglC20.o)
                0x0602cc90                SpriteEntry
 SLPROG         0x0602ccd0      0x140 ../../Compiler/SGL_302j/LIB_COFF/LIBSGL.A(sglJ03.o)
                0x0602ccd0                sbMakeDMATable
 SLPROG         0x0602ce10      0x470 ../../Compiler/SGL_302j/LIB_COFF/LIBSGL.A(sglJ04.o)
                0x0602ced4                sbMakeRotSprite
                0x0602ce6e                sbMakeSprite
 SLPROG         0x0602d280       0x3c ../../Compiler/SGL_302j/LIB_COFF/LIBSGL.A(sglJ05.o)
                0x0602d280                sbSortEntry
 *fill*         0x0602d2bc        0x4 00
 SLPROG         0x0602d2c0       0xf0 ../../Compiler/SGL_302j/LIB_COFF/LIBSGL.A(sglH03.o)
                0x0602d324                slSmpcIntBack
                0x0602d3b0                __slprog_end = .

.tors           0x0602d3b0        0x0
                0x0602d3b0                ___ctors = .
 *(.ctors)
                0x0602d3b0                ___ctors_end = .
                0x0602d3b0                ___dtors = .
 *(.dtors)
                0x0602d3b0                ___dtors_end = .

.data           0x0602d3b0      0xec0
 *(.data)
 .data          0x0602d3b0       0x10 main.o
                0x0602d3b0                nbModels
 .data          0x0602d3c0       0x30 input.o
                0x0602d3c8                target
                0x0602d3c0                last_input
                0x0602d3d4                tar_sense
                0x0602d3dc                position
                0x0602d3c4                input_delay
                0x0602d3d8                tar_dist
                0x0602d3e8                height
 .data          0x0602d3f0       0x10 game_object.o
                0x0602d3f0                max_objects
 .data          0x0602d400       0x10 timer.o
                0x0602d40c                SH2FRCHigh
                0x0602d408                SH2FRCLow
                0x0602d404                SH2TCR
                0x0602d400                SysClockReg
 .data          0x0602d410       0x30 ../../jo_engine/3d.o
 .data          0x0602d440       0x10 ../../jo_engine/fs.o
 .data          0x0602d450      0x5b0 ../../jo_engine/math.o
                0x0602d450                JoCosLookupTable
 .data          0x0602da00       0x30 ../../jo_engine/sprites.o
                0x0602da10                __jo_sprite_attributes
                0x0602da04                __jo_sprite_pos
                0x0602da00                __jo_gouraud_shading_runtime_index
 .data          0x0602da30       0x10 ../../jo_engine/sprite_animator.o
 .data          0x0602da40       0x80 ../../Compiler/SGL_302j/LIB_COFF/LIBSGL.A(sglIc0.o)
                0x0602da40                IntPrioMask
 .data          0x0602dac0      0x380 d:/google drive/gamedev/saturn/jo engine/compiler/sh_coff/sh-coff/bin/../lib/gcc/sh-coff/4.0-GNUSH_v0601/../../../../sh-coff/lib\libc.a(impure.o)
                0x0602de3c                _impure_ptr
 .data          0x0602de40       0x20 d:/google drive/gamedev/saturn/jo engine/compiler/sh_coff/sh-coff/bin/../lib/gcc/sh-coff/4.0-GNUSH_v0601/../../../../sh-coff/lib\libc.a(locale.o)
                0x0602de4c                __mb_cur_max
                0x0602de40                __lc_ctype
 .data          0x0602de60      0x410 d:/google drive/gamedev/saturn/jo engine/compiler/sh_coff/sh-coff/bin/../lib/gcc/sh-coff/4.0-GNUSH_v0601/../../../../sh-coff/lib\libc.a(mallocr.o)
                0x0602de68                __malloc_av_
                0x0602de64                __malloc_trim_threshold
                0x0602de60                __malloc_sbrk_base
                0x0602e270                __edata = .

.bss            0x0602e270    0x52384
                0x0602e270                __bstart = .
 *(.bss)
 .bss           0x0602e270       0x10 input.o
                0x0602e270                theta
 .bss           0x0602e280       0x10 game_object.o
                0x0602e280                num_object
 .bss           0x0602e290       0x10 timer.o
                0x0602e294                time
                0x0602e290                oldtime
 .bss           0x0602e2a0     0x2590 ../../jo_engine/fs.o
 .bss           0x06030830    0x40030 ../../jo_engine/core.o
                0x06030830                __jo_slave_done_flag
 .bss           0x06070860       0x80 ../../jo_engine/malloc.o
 .bss           0x060708e0       0x10 ../../jo_engine/sprites.o
 .bss           0x060708f0       0x50 ../../jo_engine/map.o
 .bss           0x06070940       0x10 ../../jo_engine/sprite_animator.o
 .bss           0x06070950       0x10 ../../jo_engine/time.o
 .bss           0x06070960        0x4 ../../Compiler/SGL_302j/LIB_COFF/SEGA_SYS.A(sys_exit.o)
 *fill*         0x06070964        0xc 00
 .bss           0x06070970        0x2 ../../Compiler/SGL_302j/LIB_COFF/LIBCD.A(CDC_REG.O)
 *fill*         0x06070972        0xe 00
 .bss           0x06070980        0xc ../../Compiler/SGL_302j/LIB_COFF/LIBCD.A(GFS_TRN.O)
 *fill*         0x0607098c        0x4 00
 .bss           0x06070990        0xc ../../Compiler/SGL_302j/LIB_COFF/LIBCD.A(CDC_SUB.O)
 *fill*         0x0607099c        0x4 00
 .bss           0x060709a0       0x10 d:/google drive/gamedev/saturn/jo engine/compiler/sh_coff/sh-coff/bin/../lib/gcc/sh-coff/4.0-GNUSH_v0601\libgcc.a(__main.o)
 .bss           0x060709b0       0x10 d:/google drive/gamedev/saturn/jo engine/compiler/sh_coff/sh-coff/bin/../lib/gcc/sh-coff/4.0-GNUSH_v0601/../../../../sh-coff/lib\libc.a(atexit.o)
 .bss           0x060709c0       0x10 d:/google drive/gamedev/saturn/jo engine/compiler/sh_coff/sh-coff/bin/../lib/gcc/sh-coff/4.0-GNUSH_v0601/../../../../sh-coff/lib\libc.a(locale.o)
                0x060709c4                __mlocale_changed
                0x060709c0                _PathLocale
                0x060709c8                __nlocale_changed
 .bss           0x060709d0       0x40 d:/google drive/gamedev/saturn/jo engine/compiler/sh_coff/sh-coff/bin/../lib/gcc/sh-coff/4.0-GNUSH_v0601/../../../../sh-coff/lib\libc.a(mallocr.o)
                0x06070a00                __malloc_top_pad
                0x060709d0                __malloc_current_mallinfo
                0x060709fc                __malloc_max_sbrked_mem
                0x060709f8                __malloc_max_total_mem
 .bss           0x06070a10       0x10 d:/google drive/gamedev/saturn/jo engine/compiler/sh_coff/sh-coff/bin/../lib/gcc/sh-coff/4.0-GNUSH_v0601/../../../../sh-coff/lib\libc.a(syscalls.o)
 *(COMMON)
 COMMON         0x06070a20     0x2e40 main.o
                0x06070a20                gfsLibWork
                0x060719c8                framerate
                0x060719d0                gfsDirTbl
                0x060719e0                gfsDirName
                0x06071c38                gfsDirN
                0x06071c40                object
 COMMON         0x06073860     0xb404 ZT/ZT_LOAD_MODEL.o
                0x06073860                entities
                0x0607ec60                gouraudCounter
 *fill*         0x0607ec64        0xc 00
 COMMON         0x0607ec70      0x3fc ../../jo_engine/3d.o
                0x0607ec70                __jo_sprite_quad
 *fill*         0x0607f06c        0x4 00
 COMMON         0x0607f070        0x4 ../../jo_engine/fs.o
                0x0607f070                __jo_fs_background_job_count
 *fill*         0x0607f074        0xc 00
 COMMON         0x0607f080       0x40 ../../jo_engine/core.o
                0x0607f080                __jo_last_error
 COMMON         0x0607f0c0       0x40 ../../jo_engine/tools.o
                0x0607f0c0                __jo_sprintf_buf
 COMMON         0x0607f100     0x13f8 ../../jo_engine/sprites.o
                0x0607f100                __jo_sprite_def
                0x0607f900                __jo_hash_table
                0x0607fd00                __jo_sprite_pic
 *fill*         0x060804f8        0x8 00
 COMMON         0x06080500       0xc0 ../../jo_engine/sprite_animator.o
                0x06080500                __jo_sprite_anim_tab
 COMMON         0x060805c0        0xc ../../Compiler/SGL_302j/LIB_COFF/LIBCD.A(GFS.O)
                0x060805c0                GFMC_base
                0x060805c4                gfs_mng_ptr
                0x060805c8                gfs_use_scudma
 *fill*         0x060805cc        0x4 00
 COMMON         0x060805d0        0x8 ../../Compiler/SGL_302j/LIB_COFF/LIBCD.A(GFS_CDF.O)
                0x060805d0                gfcf_fad
                0x060805d4                gfcf_stat
 *fill*         0x060805d8        0x8 00
 COMMON         0x060805e0        0xc ../../Compiler/SGL_302j/LIB_COFF/LIBCD.A(GFS_CDC.O)
                0x060805e0                gfcd_fatal_err
                0x060805e4                gfcd_work
                0x060805e8                gfcd_playflag
 *fill*         0x060805ec        0x4 00
 COMMON         0x060805f0        0x4 d:/google drive/gamedev/saturn/jo engine/compiler/sh_coff/sh-coff/bin/../lib/gcc/sh-coff/4.0-GNUSH_v0601/../../../../sh-coff/lib\libc.a(syscalls.o)
                0x060805f0                errno
                0x060805f4                __bend = .
                0x060805f4                _end = .
LOAD ../../Compiler/SGL_302j/LIB_COFF/SGLAREA.O
LOAD main.o
LOAD ZT/ZT_LOAD_MODEL.o
LOAD ZT/ZT_TOOLS.o
LOAD input.o
LOAD game_object.o
LOAD timer.o
LOAD ../../jo_engine/tga.o
LOAD ../../jo_engine/3d.o
LOAD ../../jo_engine/fs.o
LOAD ../../jo_engine/font.o
LOAD ../../jo_engine/input.o
LOAD ../../jo_engine/physics.o
LOAD ../../jo_engine/core.o
LOAD ../../jo_engine/math.o
LOAD ../../jo_engine/malloc.o
LOAD ../../jo_engine/tools.o
LOAD ../../jo_engine/sprites.o
LOAD ../../jo_engine/map.o
LOAD ../../jo_engine/list.o
LOAD ../../jo_engine/sprite_animator.o
LOAD ../../jo_engine/image.o
LOAD ../../jo_engine/background.o
LOAD ../../jo_engine/time.o
LOAD ../../jo_engine/vdp1_command_pipeline.o
LOAD ../../Compiler/SGL_302j/LIB_COFF/SEGA_SYS.A
LOAD ../../Compiler/SGL_302j/LIB_COFF/LIBCD.A
LOAD ../../Compiler/SGL_302j/LIB_COFF/LIBSGL.A
LOAD d:/google drive/gamedev/saturn/jo engine/compiler/sh_coff/sh-coff/bin/../lib/gcc/sh-coff/4.0-GNUSH_v0601\libgcc.a
LOAD d:/google drive/gamedev/saturn/jo engine/compiler/sh_coff/sh-coff/bin/../lib/gcc/sh-coff/4.0-GNUSH_v0601/../../../../sh-coff/lib\libc.a
LOAD d:/google drive/gamedev/saturn/jo engine/compiler/sh_coff/sh-coff/bin/../lib/gcc/sh-coff/4.0-GNUSH_v0601\libgcc.a
OUTPUT(sl_coff.coff coff-sh)

.comment        0x06080600      0x9a0
 .comment       0x06080600       0x20 d:/google drive/gamedev/saturn/jo engine/compiler/sh_coff/sh-coff/bin/../lib/gcc/sh-coff/4.0-GNUSH_v0601\libgcc.a(_si_to_df.o)
 .comment       0x06080620       0x20 d:/google drive/gamedev/saturn/jo engine/compiler/sh_coff/sh-coff/bin/../lib/gcc/sh-coff/4.0-GNUSH_v0601\libgcc.a(_mul_df.o)
 .comment       0x06080640       0x20 d:/google drive/gamedev/saturn/jo engine/compiler/sh_coff/sh-coff/bin/../lib/gcc/sh-coff/4.0-GNUSH_v0601\libgcc.a(_df_to_si.o)
 .comment       0x06080660       0x20 d:/google drive/gamedev/saturn/jo engine/compiler/sh_coff/sh-coff/bin/../lib/gcc/sh-coff/4.0-GNUSH_v0601\libgcc.a(_si_to_sf.o)
 .comment       0x06080680       0x20 d:/google drive/gamedev/saturn/jo engine/compiler/sh_coff/sh-coff/bin/../lib/gcc/sh-coff/4.0-GNUSH_v0601\libgcc.a(_mul_sf.o)
 .comment       0x060806a0       0x20 d:/google drive/gamedev/saturn/jo engine/compiler/sh_coff/sh-coff/bin/../lib/gcc/sh-coff/4.0-GNUSH_v0601\libgcc.a(_div_sf.o)
 .comment       0x060806c0       0x20 d:/google drive/gamedev/saturn/jo engine/compiler/sh_coff/sh-coff/bin/../lib/gcc/sh-coff/4.0-GNUSH_v0601\libgcc.a(_sf_to_df.o)
 .comment       0x060806e0       0x20 d:/google drive/gamedev/saturn/jo engine/compiler/sh_coff/sh-coff/bin/../lib/gcc/sh-coff/4.0-GNUSH_v0601\libgcc.a(_sf_to_si.o)
 .comment       0x06080700       0x20 d:/google drive/gamedev/saturn/jo engine/compiler/sh_coff/sh-coff/bin/../lib/gcc/sh-coff/4.0-GNUSH_v0601\libgcc.a(__main.o)
 .comment       0x06080720       0x20 d:/google drive/gamedev/saturn/jo engine/compiler/sh_coff/sh-coff/bin/../lib/gcc/sh-coff/4.0-GNUSH_v0601\libgcc.a(_le_sf.o)
 .comment       0x06080740       0x20 d:/google drive/gamedev/saturn/jo engine/compiler/sh_coff/sh-coff/bin/../lib/gcc/sh-coff/4.0-GNUSH_v0601\libgcc.a(_ge_sf.o)
 .comment       0x06080760       0x20 d:/google drive/gamedev/saturn/jo engine/compiler/sh_coff/sh-coff/bin/../lib/gcc/sh-coff/4.0-GNUSH_v0601\libgcc.a(_gt_sf.o)
 .comment       0x06080780       0x20 d:/google drive/gamedev/saturn/jo engine/compiler/sh_coff/sh-coff/bin/../lib/gcc/sh-coff/4.0-GNUSH_v0601\libgcc.a(_lt_sf.o)
 .comment       0x060807a0       0x20 d:/google drive/gamedev/saturn/jo engine/compiler/sh_coff/sh-coff/bin/../lib/gcc/sh-coff/4.0-GNUSH_v0601\libgcc.a(_addsub_sf.o)
 .comment       0x060807c0       0x20 d:/google drive/gamedev/saturn/jo engine/compiler/sh_coff/sh-coff/bin/../lib/gcc/sh-coff/4.0-GNUSH_v0601\libgcc.a(_df_to_sf.o)
 .comment       0x060807e0       0x20 d:/google drive/gamedev/saturn/jo engine/compiler/sh_coff/sh-coff/bin/../lib/gcc/sh-coff/4.0-GNUSH_v0601\libgcc.a(_addsub_df.o)
 .comment       0x06080800       0x20 d:/google drive/gamedev/saturn/jo engine/compiler/sh_coff/sh-coff/bin/../lib/gcc/sh-coff/4.0-GNUSH_v0601\libgcc.a(_div_df.o)
 .comment       0x06080820       0x20 d:/google drive/gamedev/saturn/jo engine/compiler/sh_coff/sh-coff/bin/../lib/gcc/sh-coff/4.0-GNUSH_v0601\libgcc.a(_pack_df.o)
 .comment       0x06080840       0x20 d:/google drive/gamedev/saturn/jo engine/compiler/sh_coff/sh-coff/bin/../lib/gcc/sh-coff/4.0-GNUSH_v0601\libgcc.a(_unpack_df.o)
 .comment       0x06080860       0x20 d:/google drive/gamedev/saturn/jo engine/compiler/sh_coff/sh-coff/bin/../lib/gcc/sh-coff/4.0-GNUSH_v0601\libgcc.a(_muldi3.o)
 .comment       0x06080880       0x20 d:/google drive/gamedev/saturn/jo engine/compiler/sh_coff/sh-coff/bin/../lib/gcc/sh-coff/4.0-GNUSH_v0601\libgcc.a(_thenan_df.o)
 .comment       0x060808a0       0x20 d:/google drive/gamedev/saturn/jo engine/compiler/sh_coff/sh-coff/bin/../lib/gcc/sh-coff/4.0-GNUSH_v0601\libgcc.a(_pack_sf.o)
 .comment       0x060808c0       0x20 d:/google drive/gamedev/saturn/jo engine/compiler/sh_coff/sh-coff/bin/../lib/gcc/sh-coff/4.0-GNUSH_v0601\libgcc.a(_unpack_sf.o)
 .comment       0x060808e0       0x20 d:/google drive/gamedev/saturn/jo engine/compiler/sh_coff/sh-coff/bin/../lib/gcc/sh-coff/4.0-GNUSH_v0601\libgcc.a(_thenan_sf.o)
 .comment       0x06080900       0x20 d:/google drive/gamedev/saturn/jo engine/compiler/sh_coff/sh-coff/bin/../lib/gcc/sh-coff/4.0-GNUSH_v0601\libgcc.a(_make_df.o)
 .comment       0x06080920       0x20 d:/google drive/gamedev/saturn/jo engine/compiler/sh_coff/sh-coff/bin/../lib/gcc/sh-coff/4.0-GNUSH_v0601\libgcc.a(_fpcmp_parts_sf.o)
 .comment       0x06080940       0x20 d:/google drive/gamedev/saturn/jo engine/compiler/sh_coff/sh-coff/bin/../lib/gcc/sh-coff/4.0-GNUSH_v0601\libgcc.a(_make_sf.o)
 .comment       0x06080960       0x20 d:/google drive/gamedev/saturn/jo engine/compiler/sh_coff/sh-coff/bin/../lib/gcc/sh-coff/4.0-GNUSH_v0601/../../../../sh-coff/lib\libc.a(sprintf.o)
 .comment       0x06080980       0x20 d:/google drive/gamedev/saturn/jo engine/compiler/sh_coff/sh-coff/bin/../lib/gcc/sh-coff/4.0-GNUSH_v0601/../../../../sh-coff/lib\libc.a(memcmp.o)
 .comment       0x060809a0       0x20 d:/google drive/gamedev/saturn/jo engine/compiler/sh_coff/sh-coff/bin/../lib/gcc/sh-coff/4.0-GNUSH_v0601/../../../../sh-coff/lib\libc.a(strncmp.o)
 .comment       0x060809c0       0x20 d:/google drive/gamedev/saturn/jo engine/compiler/sh_coff/sh-coff/bin/../lib/gcc/sh-coff/4.0-GNUSH_v0601/../../../../sh-coff/lib\libc.a(strncpy.o)
 .comment       0x060809e0       0x20 d:/google drive/gamedev/saturn/jo engine/compiler/sh_coff/sh-coff/bin/../lib/gcc/sh-coff/4.0-GNUSH_v0601/../../../../sh-coff/lib\libc.a(atexit.o)
 .comment       0x06080a00       0x20 d:/google drive/gamedev/saturn/jo engine/compiler/sh_coff/sh-coff/bin/../lib/gcc/sh-coff/4.0-GNUSH_v0601/../../../../sh-coff/lib\libc.a(vfprintf.o)
 .comment       0x06080a20       0x20 d:/google drive/gamedev/saturn/jo engine/compiler/sh_coff/sh-coff/bin/../lib/gcc/sh-coff/4.0-GNUSH_v0601/../../../../sh-coff/lib\libc.a(impure.o)
 .comment       0x06080a40       0x20 d:/google drive/gamedev/saturn/jo engine/compiler/sh_coff/sh-coff/bin/../lib/gcc/sh-coff/4.0-GNUSH_v0601/../../../../sh-coff/lib\libc.a(malloc.o)
 .comment       0x06080a60       0x20 d:/google drive/gamedev/saturn/jo engine/compiler/sh_coff/sh-coff/bin/../lib/gcc/sh-coff/4.0-GNUSH_v0601/../../../../sh-coff/lib\libc.a(fvwrite.o)
 .comment       0x06080a80       0x20 d:/google drive/gamedev/saturn/jo engine/compiler/sh_coff/sh-coff/bin/../lib/gcc/sh-coff/4.0-GNUSH_v0601/../../../../sh-coff/lib\libc.a(locale.o)
 .comment       0x06080aa0       0x20 d:/google drive/gamedev/saturn/jo engine/compiler/sh_coff/sh-coff/bin/../lib/gcc/sh-coff/4.0-GNUSH_v0601/../../../../sh-coff/lib\libc.a(freer.o)
 .comment       0x06080ac0       0x20 d:/google drive/gamedev/saturn/jo engine/compiler/sh_coff/sh-coff/bin/../lib/gcc/sh-coff/4.0-GNUSH_v0601/../../../../sh-coff/lib\libc.a(findfp.o)
 .comment       0x06080ae0       0x20 d:/google drive/gamedev/saturn/jo engine/compiler/sh_coff/sh-coff/bin/../lib/gcc/sh-coff/4.0-GNUSH_v0601/../../../../sh-coff/lib\libc.a(fflush.o)
 .comment       0x06080b00       0x20 d:/google drive/gamedev/saturn/jo engine/compiler/sh_coff/sh-coff/bin/../lib/gcc/sh-coff/4.0-GNUSH_v0601/../../../../sh-coff/lib\libc.a(wsetup.o)
 .comment       0x06080b20       0x20 d:/google drive/gamedev/saturn/jo engine/compiler/sh_coff/sh-coff/bin/../lib/gcc/sh-coff/4.0-GNUSH_v0601/../../../../sh-coff/lib\libc.a(wcrtomb.o)
 .comment       0x06080b40       0x20 d:/google drive/gamedev/saturn/jo engine/compiler/sh_coff/sh-coff/bin/../lib/gcc/sh-coff/4.0-GNUSH_v0601/../../../../sh-coff/lib\libc.a(s_isinf.o)
 .comment       0x06080b60       0x20 d:/google drive/gamedev/saturn/jo engine/compiler/sh_coff/sh-coff/bin/../lib/gcc/sh-coff/4.0-GNUSH_v0601/../../../../sh-coff/lib\libc.a(memchr.o)
 .comment       0x06080b80       0x20 d:/google drive/gamedev/saturn/jo engine/compiler/sh_coff/sh-coff/bin/../lib/gcc/sh-coff/4.0-GNUSH_v0601/../../../../sh-coff/lib\libc.a(mallocr.o)
 .comment       0x06080ba0       0x20 d:/google drive/gamedev/saturn/jo engine/compiler/sh_coff/sh-coff/bin/../lib/gcc/sh-coff/4.0-GNUSH_v0601/../../../../sh-coff/lib\libc.a(wcsrtombs.o)
 .comment       0x06080bc0       0x20 d:/google drive/gamedev/saturn/jo engine/compiler/sh_coff/sh-coff/bin/../lib/gcc/sh-coff/4.0-GNUSH_v0601/../../../../sh-coff/lib\libc.a(s_isnan.o)
 .comment       0x06080be0       0x20 d:/google drive/gamedev/saturn/jo engine/compiler/sh_coff/sh-coff/bin/../lib/gcc/sh-coff/4.0-GNUSH_v0601/../../../../sh-coff/lib\libc.a(dtoa.o)
 .comment       0x06080c00       0x20 d:/google drive/gamedev/saturn/jo engine/compiler/sh_coff/sh-coff/bin/../lib/gcc/sh-coff/4.0-GNUSH_v0601/../../../../sh-coff/lib\libc.a(memmove.o)
 .comment       0x06080c20       0x20 d:/google drive/gamedev/saturn/jo engine/compiler/sh_coff/sh-coff/bin/../lib/gcc/sh-coff/4.0-GNUSH_v0601/../../../../sh-coff/lib\libc.a(reallocr.o)
 .comment       0x06080c40       0x20 d:/google drive/gamedev/saturn/jo engine/compiler/sh_coff/sh-coff/bin/../lib/gcc/sh-coff/4.0-GNUSH_v0601/../../../../sh-coff/lib\libc.a(mlock.o)
 .comment       0x06080c60       0x20 d:/google drive/gamedev/saturn/jo engine/compiler/sh_coff/sh-coff/bin/../lib/gcc/sh-coff/4.0-GNUSH_v0601/../../../../sh-coff/lib\libc.a(sbrkr.o)
 .comment       0x06080c80       0x20 d:/google drive/gamedev/saturn/jo engine/compiler/sh_coff/sh-coff/bin/../lib/gcc/sh-coff/4.0-GNUSH_v0601/../../../../sh-coff/lib\libc.a(stdio.o)
 .comment       0x06080ca0       0x20 d:/google drive/gamedev/saturn/jo engine/compiler/sh_coff/sh-coff/bin/../lib/gcc/sh-coff/4.0-GNUSH_v0601/../../../../sh-coff/lib\libc.a(fclose.o)
 .comment       0x06080cc0       0x20 d:/google drive/gamedev/saturn/jo engine/compiler/sh_coff/sh-coff/bin/../lib/gcc/sh-coff/4.0-GNUSH_v0601/../../../../sh-coff/lib\libc.a(fwalk.o)
 .comment       0x06080ce0       0x20 d:/google drive/gamedev/saturn/jo engine/compiler/sh_coff/sh-coff/bin/../lib/gcc/sh-coff/4.0-GNUSH_v0601/../../../../sh-coff/lib\libc.a(makebuf.o)
 .comment       0x06080d00       0x20 d:/google drive/gamedev/saturn/jo engine/compiler/sh_coff/sh-coff/bin/../lib/gcc/sh-coff/4.0-GNUSH_v0601/../../../../sh-coff/lib\libc.a(wctomb_r.o)
 .comment       0x06080d20       0x20 d:/google drive/gamedev/saturn/jo engine/compiler/sh_coff/sh-coff/bin/../lib/gcc/sh-coff/4.0-GNUSH_v0601/../../../../sh-coff/lib\libc.a(mprec.o)
 .comment       0x06080d40       0x20 d:/google drive/gamedev/saturn/jo engine/compiler/sh_coff/sh-coff/bin/../lib/gcc/sh-coff/4.0-GNUSH_v0601/../../../../sh-coff/lib\libc.a(syscalls.o)
 .comment       0x06080d60       0x20 d:/google drive/gamedev/saturn/jo engine/compiler/sh_coff/sh-coff/bin/../lib/gcc/sh-coff/4.0-GNUSH_v0601/../../../../sh-coff/lib\libc.a(readr.o)
 .comment       0x06080d80       0x20 d:/google drive/gamedev/saturn/jo engine/compiler/sh_coff/sh-coff/bin/../lib/gcc/sh-coff/4.0-GNUSH_v0601/../../../../sh-coff/lib\libc.a(writer.o)
 .comment       0x06080da0       0x20 d:/google drive/gamedev/saturn/jo engine/compiler/sh_coff/sh-coff/bin/../lib/gcc/sh-coff/4.0-GNUSH_v0601/../../../../sh-coff/lib\libc.a(lseekr.o)
 .comment       0x06080dc0       0x20 d:/google drive/gamedev/saturn/jo engine/compiler/sh_coff/sh-coff/bin/../lib/gcc/sh-coff/4.0-GNUSH_v0601/../../../../sh-coff/lib\libc.a(closer.o)
 .comment       0x06080de0       0x20 d:/google drive/gamedev/saturn/jo engine/compiler/sh_coff/sh-coff/bin/../lib/gcc/sh-coff/4.0-GNUSH_v0601/../../../../sh-coff/lib\libc.a(fstatr.o)
 .comment       0x06080e00       0x20 d:/google drive/gamedev/saturn/jo engine/compiler/sh_coff/sh-coff/bin/../lib/gcc/sh-coff/4.0-GNUSH_v0601/../../../../sh-coff/lib\libc.a(callocr.o)
 .comment       0x06080e20       0x20 d:/google drive/gamedev/saturn/jo engine/compiler/sh_coff/sh-coff/bin/../lib/gcc/sh-coff/4.0-GNUSH_v0601/../../../../sh-coff/lib\libc.a(abort.o)
 .comment       0x06080e40       0x20 d:/google drive/gamedev/saturn/jo engine/compiler/sh_coff/sh-coff/bin/../lib/gcc/sh-coff/4.0-GNUSH_v0601/../../../../sh-coff/lib\libc.a(signal.o)
 .comment       0x06080e60       0x20 d:/google drive/gamedev/saturn/jo engine/compiler/sh_coff/sh-coff/bin/../lib/gcc/sh-coff/4.0-GNUSH_v0601/../../../../sh-coff/lib\libc.a(signalr.o)