Archive member included to satisfy reference by file (symbol)

../../Compiler/COMMON/SGL_302j/LIB_ELF/SEGA_SYS.A(sys_exit.o)
                              ../../jo_engine/core.o (SYS_Exit)
../../Compiler/COMMON/SGL_302j/LIB_ELF/SEGA_SYS.A(sys_sub.o)
                              ../../Compiler/COMMON/SGL_302j/LIB_ELF/SEGA_SYS.A(sys_exit.o) (SYSUB_SetStackptr)
../../Compiler/COMMON/SGL_302j/LIB_ELF/LIBCD.A(CDC_CMN.O)
                              ../../Compiler/COMMON/SGL_302j/LIB_ELF/SEGA_SYS.A(sys_exit.o) (CDC_GetCurStat)
../../Compiler/COMMON/SGL_302j/LIB_ELF/LIBCD.A(CDC_CFS.O)
                              ../../Compiler/COMMON/SGL_302j/LIB_ELF/SEGA_SYS.A(sys_exit.o) (CDC_ChgDir)
../../Compiler/COMMON/SGL_302j/LIB_ELF/LIBCD.A(CDC_REG.O)
                              ../../Compiler/COMMON/SGL_302j/LIB_ELF/SEGA_SYS.A(sys_exit.o) (CDC_GetHirqReq)
../../Compiler/COMMON/SGL_302j/LIB_ELF/LIBCD.A(CDC_SUB.O)
                              ../../Compiler/COMMON/SGL_302j/LIB_ELF/LIBCD.A(CDC_CMN.O) (CDSUB_UpdStatus)
../../Compiler/COMMON/SGL_302j/LIB_ELF/LIBCD.A(GFS.O)
                              ../../jo_engine/fs.o (GFS_Init)
../../Compiler/COMMON/SGL_302j/LIB_ELF/LIBCD.A(GFS_BUF.O)
                              ../../Compiler/COMMON/SGL_302j/LIB_ELF/LIBCD.A(GFS.O) (GFBF_GetNumData)
../../Compiler/COMMON/SGL_302j/LIB_ELF/LIBCD.A(GFS_CDB.O)
                              ../../Compiler/COMMON/SGL_302j/LIB_ELF/LIBCD.A(GFS.O) (GFCB_Close)
../../Compiler/COMMON/SGL_302j/LIB_ELF/LIBCD.A(GFS_CDC.O)
                              ../../Compiler/COMMON/SGL_302j/LIB_ELF/LIBCD.A(GFS.O) (GFCD_SetCdbfs)
../../Compiler/COMMON/SGL_302j/LIB_ELF/LIBCD.A(GFS_CDF.O)
                              ../../Compiler/COMMON/SGL_302j/LIB_ELF/LIBCD.A(GFS.O) (GFCF_Init)
../../Compiler/COMMON/SGL_302j/LIB_ELF/LIBCD.A(GFS_DIR.O)
                              ../../Compiler/COMMON/SGL_302j/LIB_ELF/LIBCD.A(GFS.O) (GFDR_SetupDirTbl)
../../Compiler/COMMON/SGL_302j/LIB_ELF/LIBCD.A(GFS_TRN.O)
                              ../../Compiler/COMMON/SGL_302j/LIB_ELF/LIBCD.A(GFS.O) (GFTR_Setup)
../../Compiler/COMMON/SGL_302j/LIB_ELF/LIBCD.A(CDC_DRV.O)
                              ../../Compiler/COMMON/SGL_302j/LIB_ELF/LIBCD.A(GFS_CDC.O) (CDC_CdPlay)
../../Compiler/COMMON/SGL_302j/LIB_ELF/LIBCD.A(CDC_DEV.O)
                              ../../Compiler/COMMON/SGL_302j/LIB_ELF/LIBCD.A(GFS_CDC.O) (CDC_CdSetCon)
../../Compiler/COMMON/SGL_302j/LIB_ELF/LIBCD.A(CDC_SEL.O)
                              ../../Compiler/COMMON/SGL_302j/LIB_ELF/LIBCD.A(GFS_CDC.O) (CDC_SetFiltRange)
../../Compiler/COMMON/SGL_302j/LIB_ELF/LIBCD.A(CDC_BIF.O)
                              ../../Compiler/COMMON/SGL_302j/LIB_ELF/LIBCD.A(GFS_CDC.O) (CDC_GetBufSiz)
../../Compiler/COMMON/SGL_302j/LIB_ELF/LIBCD.A(CDC_BIO.O)
                              ../../Compiler/COMMON/SGL_302j/LIB_ELF/LIBCD.A(GFS_CDC.O) (CDC_SetSctLen)
../../Compiler/COMMON/SGL_302j/LIB_ELF/LIBSGL.A(sglA01.o)
                              input.o (slSin)
../../Compiler/COMMON/SGL_302j/LIB_ELF/LIBSGL.A(sglA04.o)
                              separate.o (slAtan)
../../Compiler/COMMON/SGL_302j/LIB_ELF/LIBSGL.A(sglA05.o)
                              collision.o (slSquart)
../../Compiler/COMMON/SGL_302j/LIB_ELF/LIBSGL.A(sglA06.o)
                              input.o (slMulFX)
../../Compiler/COMMON/SGL_302j/LIB_ELF/LIBSGL.A(sglA07.o)
                              input.o (slDivFX)
../../Compiler/COMMON/SGL_302j/LIB_ELF/LIBSGL.A(sglA08.o)
                              ZT/ZT_TOOLS.o (slInnerProduct)
../../Compiler/COMMON/SGL_302j/LIB_ELF/LIBSGL.A(sglA15.o)
                              ../../jo_engine/slave.o (slSlaveFunc)
../../Compiler/COMMON/SGL_302j/LIB_ELF/LIBSGL.A(sglA17.o)
                              separate_3D.o (slRotZ)
../../Compiler/COMMON/SGL_302j/LIB_ELF/LIBSGL.A(sglA18.o)
                              main.o (slRotY)
../../Compiler/COMMON/SGL_302j/LIB_ELF/LIBSGL.A(sglA19.o)
                              separate_3D.o (slRotX)
../../Compiler/COMMON/SGL_302j/LIB_ELF/LIBSGL.A(sglA20.o)
                              main.o (slUnitMatrix)
../../Compiler/COMMON/SGL_302j/LIB_ELF/LIBSGL.A(sglA21.o)
                              main.o (slPushMatrix)
../../Compiler/COMMON/SGL_302j/LIB_ELF/LIBSGL.A(sglA23.o)
                              separate_3D.o (slGetMatrix)
../../Compiler/COMMON/SGL_302j/LIB_ELF/LIBSGL.A(sglA27.o)
                              main.o (slTranslate)
../../Compiler/COMMON/SGL_302j/LIB_ELF/LIBSGL.A(sglA28.o)
                              main.o (slScale)
../../Compiler/COMMON/SGL_302j/LIB_ELF/LIBSGL.A(sglB001.o)
                              ZT/ZT_TOOLS.o (slTVOn)
../../Compiler/COMMON/SGL_302j/LIB_ELF/LIBSGL.A(sglB010.o)
                              ZT/ZT_TOOLS.o (slBitMapNbg0)
../../Compiler/COMMON/SGL_302j/LIB_ELF/LIBSGL.A(sglB011.o)
                              ZT/ZT_TOOLS.o (slBitMapNbg1)
../../Compiler/COMMON/SGL_302j/LIB_ELF/LIBSGL.A(sglB014.o)
[...]
Memory Configuration

Name             Origin             Length             Attributes
*default*        0x00000000         0xffffffff

Linker script and memory map

TARGET(elf32-sh)

SLSTART         0x06004000       0x30
                0x06004000                ___Start = .
 *(SLSTART)
 SLSTART        0x06004000       0x28 ../../Compiler/COMMON/SGL_302j/LIB_ELF/LIBSGL.A(sglI00.o)
                0x06004000                SGL_Start
                0x06004002                slStartSGL

.text           0x06004040    0x14380
 *(.text)
 .text          0x06004040        0x0 ../../Compiler/COMMON/SGL_302j/LIB_ELF/SGLAREA.O
 .text          0x06004040      0x620 main.o
                0x060040a8                display_model
                0x060040e8                load_ref
                0x06004390                my_draw
                0x06004450                main_loop
                0x060044fc                load_rooms_object
                0x06004588                jo_main
 .text          0x06004660      0x4c8 ZT/ZT_LOAD_MODEL.o
                0x060046c8                setTextures
                0x060047dc                loadTextures
                0x060048b4                loadAnimations
                0x06004954                loadPDATA
                0x060049a8                ztLoad3Dmodel
 .text          0x06004b28      0x5e8 ZT/ZT_TOOLS.o
                0x06004b90                ztClearText
                0x06004bd0                ztFont2NBG3
                0x06004c64                Cel2VRAM
                0x06004c7c                Map2VRAM
                0x06004cf0                Pal2CRAM
                0x06004d10                memcpy_w
                0x06004d30                memset_w
                0x06004d44                memcpy_l
                0x06004d60                memset_l
                0x06004d74                fadeIn
                0x06004df4                ztLoadVDP2bmp
                0x06005014                fadeOut
                0x060050e0                CheckOnPlane
 .text          0x06005110      0x44c input.o
                0x06005178                add_rel_pos
                0x06005210                forward_target
                0x0600527c                gamepad_input
                0x06005440                print_orientation
 .text          0x0600555c      0x480 game_object.o
                0x060055c4                stop
                0x060055dc                create_object
                0x06005738                clone_object
                0x060057a4                destroy_object
                0x06005804                closest_object
                0x060058ac                apply_accel
                0x0600591c                apply_accel_all
                0x0600595c                update_obj_position
 .text          0x060059dc      0x5a8 collision.o
                0x06005a44                dist
                0x06005b28                dist_2D
                0x06005bd8                calc_rough_radius
                0x06005c88                is_rough_collide
                0x06005cb8                is_rough_collide_all
                0x06005db0                is_bbox_collide
                0x06005dcc                is_bbox_collide_all
                0x06005f38                stop_collided
 .text          0x06005f84      0x5ac separate.o
                0x06005fec                unit_normal
                0x06006060                project_1D
                0x06006110                separate_2D
                0x060062e0                in_list
                0x06006300                find_x_extreme
                0x06006348                convex_hull_max_angle
                0x0600648c                convex_hull
 .text          0x06006530      0x5e0 separate_3D.o
                0x06006598                x_product
                0x060065f4                reset_corners
                0x06006678                create_bbox
                0x060066e0                project_1D_bbox
                0x06006764                separate_3D_bbox
                0x060069c0                clone_bbox
                0x06006a34                destroy_bbox
                0x06006a60                player_bbox_init
                0x06006a9c                print_corners
 .text          0x06006b10      0x260 animate.o
                0x06006b78                display_animated_model
 .text          0x06006d70      0xc04 room.o
                0x06006dd8                initialize_rooms
                0x06006eac                create_room
                0x06006fc4                map_rooms
                0x0600716c                draw_rooms
                0x06007774                load_rooms
                0x06007824                generate_rooms
 .text          0x06007974       0x68 display.o
 .text          0x060079dc      0x194 bg.o
                0x060079dc                bg_tga_palette_handling
                0x06007a60                load_bg
                0x06007ac4                bg_init
                0x06007ae8                draw_bg
 .text          0x06007b70      0x8a8 ../../jo_engine/tga.o
                0x06007dec                jo_set_tga_palette_handling
                0x06007df8                __jo_tga_load
                0x06007f18                __jo_tga_any_loader_from_stream
                0x06007f60                jo_tga_8bits_loader_from_stream
                0x06007f78                jo_tga_loader_from_stream
                0x06007f90                __jo_tga_any_loader
                0x06007fe0                jo_tga_8bits_loader
                0x06007ffc                jo_tga_loader
                0x06008018                jo_sprite_add_tga_tileset
                0x06008270                jo_sprite_add_tga_from_stream
                0x06008328                jo_sprite_add_tga
 .text          0x06008418      0x758 ../../jo_engine/3d.o
                0x06008480                jo_3d_init
                0x060084a8                jo_3d_create_triangle
                0x060084e4                jo_3d_create_plane
                0x06008524                jo_3d_create_cube
                0x06008580                jo_3d_set_mesh_polygon_transparency
                0x060085f4                jo_3d_set_mesh_transparency
                0x06008660                jo_3d_set_mesh_polygon_screen_doors
                0x060086d8                jo_3d_set_mesh_screen_doors
                0x06008744                jo_3d_set_mesh_polygon_light
                0x060087b4                jo_3d_set_mesh_light
                0x06008820                jo_3d_set_mesh_polygon_texture
                0x060088c4                jo_3d_set_mesh_texture
                0x06008930                jo_3d_set_mesh_polygon_color
                0x060089dc                jo_3d_set_mesh_color
                0x06008a48                jo_3d_free_sprite_quad
                0x06008a74                jo_3d_create_sprite_quad
 .text          0x06008b70      0x94c ../../jo_engine/fs.o
                0x06008bd8                jo_fs_init
                0x06008c88                jo_fs_do_background_jobs
                0x06008d44                jo_fs_read_file_async_ptr
                0x06008ee8                jo_fs_cd
                0x06008f58                jo_fs_read_file_ptr
                0x060090f4                jo_fs_read_file_in_dir
                0x06009140                jo_fs_open
                0x0600923c                jo_fs_seek_forward
                0x0600934c                jo_fs_read_next_bytes
                0x06009430                jo_fs_close
                0x0600947c                jo_fs_set_read_sector_count
 .text          0x060094bc      0x158 ../../jo_engine/slave.o
                0x0600953c                jo_core_add_slave_callback
                0x0600958c                jo_core_remove_slave_callback
                0x060095cc                jo_core_slave_init
                0x060095dc                jo_core_wait_for_slave
                0x06009600                jo_core_exec_on_slave
 .text          0x06009614      0x574 ../../jo_engine/font.o
                0x0600967c                jo_font_load
                0x0600990c                jo_font_print
                0x06009a30                jo_font_print_centered
 .text          0x06009b88      0x118 ../../jo_engine/input.o
                0x06009bf0                jo_get_inputs_vblank
                0x06009c38                jo_get_input_type
                0x06009c7c                jo_get_input_count
 .text          0x06009ca0        0x0 ../../jo_engine/physics.o
 .text          0x06009ca0      0x9c8 ../../jo_engine/core.o
                0x06009d50                __jo_core_set_screens_order
                0x06009e88                jo_goto_boot_menu
                0x06009e94                jo_core_suspend
                0x06009f74                __jo_core_error
                0x0600a094                jo_core_add_vblank_callback
                0x0600a118                jo_core_init
                0x0600a3ec                jo_core_remove_vblank_callback
                0x0600a44c                jo_core_add_callback
                0x0600a49c                jo_core_remove_callback
                0x0600a4dc                jo_core_set_restart_game_callback
                0x0600a4e8                jo_core_run
                0x0600a5b0                jo_dump_vdp1_registers
                0x0600a60c                jo_dump_vdp2_registers
 .text          0x0600a668      0x85c ../../jo_engine/math.o
                0x0600a6ce                jo_fixed_mult
                0x0600a6da                jo_fixed_dot
                0x0600a6ec                jo_fixed_pow
                0x0600a730                jo_fixed_div
                0x0600a750                jo_fixed_sin
                0x0600a83c                jo_sqrt
                0x0600a87c                jo_gcd
                0x0600a8d8                jo_atan2f_rad
                0x0600aab0                jo_planar_rotate
                0x0600abe0                jo_random
                0x0600ac50                jo_vector_fixed_compute_bezier_point
                0x0600ad74                jo_vectorf_compute_bezier_point
 .text          0x0600aec4      0x484 ../../jo_engine/malloc.o
                0x0600af2c                jo_add_memory_zone
                0x0600af6c                jo_malloc_with_behaviour
                0x0600b0b8                jo_reduce_memory_fragmentation
                0x0600b12c                jo_free
                0x0600b1a8                jo_memory_usage_percent
                0x0600b2ac                jo_memory_fragmentation
 .text          0x0600b348      0x4a8 ../../jo_engine/tools.o
                0x0600b3b0                jo_print
                0x0600b400                jo_clear_screen_line
                0x0600b448                jo_clear_screen
                0x0600b46c                jo_getdate
                0x0600b508                jo_get_current_language
                0x0600b52c                jo_tools_atoi
                0x0600b5ac                jo_strlen
                0x0600b5fc                jo_endwith
                0x0600b6a8                jo_strcmp
                0x0600b6d8                jo_memset
                0x0600b77c                jo_map_to_vram
 .text          0x0600b7f0      0x134 ../../jo_engine/palette.o
                0x0600b858                jo_create_palette
                0x0600b8ac                jo_set_palette_register
                0x0600b910                jo_get_palette_register
 .text          0x0600b924      0xa38 ../../jo_engine/sprites.o
                0x0600bac8                jo_sprite_usage_percent
                0x0600bb54                jo_get_last_sprite_id
                0x0600bb60                jo_sprite_init
                0x0600bbe4                jo_sprite_name2id
                0x0600bc5c                jo_sprite_replace
                0x0600bd7c                jo_sprite_add
                0x0600bdc8                jo_sprite_add_8bits_image
                0x0600be14                jo_sprite_free_from
                0x0600bebc                jo_set_gouraud_shading_colors
                0x0600bee4                jo_set_gouraud_shading_brightness
                0x0600bf24                jo_sprite_draw_4p_fixed
                0x0600c03c                jo_sprite_draw
                0x0600c188                jo_sprite_draw_rotate
                0x0600c328                jo_sprite_set_clipping_area
 .text          0x0600c35c      0xad8 ../../jo_engine/map.o
                0x0600c48c                jo_map_per_pixel_vertical_collision
                0x0600c5c0                jo_map_hitbox_detection_custom_boundaries
                0x0600c630                jo_map_create
                0x0600c6ac                jo_map_add_tile
                0x0600c6d0                jo_map_add_animated_tile
                0x0600c6f4                jo_map_draw_background
                0x0600c78c                jo_map_3d_draw
                0x0600c8c8                jo_map_draw
                0x0600c9c4                jo_map_free
                0x0600c9dc                jo_map_load_from_file
                0x0600cdb4                jo_map_move_tiles_by_attribute
 .text          0x0600ce34      0x200 ../../jo_engine/list.o
                0x0600ce9c                jo_list_init
                0x0600ceac                jo_list_add
                0x0600cf24                jo_list_insert_at
                0x0600cfd4                jo_list_remove
 .text          0x0600d034      0x2bc ../../jo_engine/sprite_animator.o
                0x0600d148                jo_replace_sprite_anim
                0x0600d1fc                jo_create_sprite_anim
                0x0600d2c8                jo_clear_all_sprite_anim
 .text          0x0600d2f0      0x7b0 ../../jo_engine/image.o
                0x0600d358                __jo_bin_load
                0x0600d3a8                jo_free_img
                0x0600d3f0                jo_bin_loader_from_stream
                0x0600d4c0                jo_bin_loader
                0x0600d544                jo_replace_color
                0x0600d5b0                jo_sprite_add_bin_tileset
                0x0600d7a8                jo_sprite_add_bin
                0x0600d874                jo_sprite_add_bin_from_stream
                0x0600d90c                jo_sprite_add_image_pack
 .text          0x0600daa0      0xbac ../../jo_engine/vdp2.o
                0x0600db84                jo_set_default_background_color
                0x0600dbc4                jo_img_to_vdp2_cells
                0x0600dce8                jo_vdp2_set_rbg0_plane_a_8bits_image
                0x0600ddd8                jo_vdp2_set_rbg0_plane_b_8bits_image
                0x0600dec4                jo_vdp2_enable_rbg0
                0x0600df6c                jo_vdp2_disable_rbg0
                0x0600df84                jo_init_nbg0_printf
                0x0600e008                __jo_init_vdp2
                0x0600e06c                jo_vdp2_disable_nbg0_line_scroll
                0x0600e090                jo_vdp2_compute_nbg0_line_scroll
                0x0600e0a8                jo_vdp2_enable_nbg0_line_scroll
                0x0600e118                jo_vdp2_draw_bitmap_nbg1_line
                0x0600e1d8                jo_vdp2_clear_bitmap_nbg1
                0x0600e230                jo_vdp2_set_nbg1_8bits_image
                0x0600e30c                jo_vdp2_set_nbg1_image
                0x0600e438                jo_vdp2_disable_nbg1_line_scroll
                0x0600e45c                jo_vdp2_compute_nbg1_line_scroll
                0x0600e474                jo_vdp2_enable_nbg1_line_scroll
                0x0600e4e4                jo_set_displayed_screens
                0x0600e4f4                jo_disable_all_screens_transparency
                0x0600e518                jo_enable_screen_transparency
 .text          0x0600e64c      0x280 ../../jo_engine/time.o
                0x0600e6b4                jo_time_init
                0x0600e6e0                jo_get_ticks
                0x0600e7c0                jo_fixed_point_time
 .text          0x0600e8cc       0x68 ../../jo_engine/vdp1_command_pipeline.o
 .text          0x0600e934      0x334 ../../jo_engine/vdp2_malloc.o
                0x0600e99c                jo_vdp2_malloc_init
                0x0600e9d4                jo_vdp2_free
                0x0600ea94                jo_vdp2_malloc
 *fill*         0x0600ec68        0x8 
 .text          0x0600ec70      0x238 ../../Compiler/COMMON/SGL_302j/LIB_ELF/SEGA_SYS.A(sys_exit.o)
                0x0600ec70                sys_version
                0x0600ec90                SYS_Exit
 *fill*         0x0600eea8        0x8 
 .text          0x0600eeb0        0x6 ../../Compiler/COMMON/SGL_302j/LIB_ELF/SEGA_SYS.A(sys_sub.o)
                0x0600eeb0                SYSUB_SetStackptr
 *fill*         0x0600eeb6        0xa 
 .text          0x0600eec0      0x3a0 ../../Compiler/COMMON/SGL_302j/LIB_ELF/LIBCD.A(CDC_CMN.O)
                0x0600eec0                CDC_GetCurStat
                0x0600ef10                CDC_GetLastStat
                0x0600ef28                CDC_GetPeriStat
                0x0600effc                CDC_GetHwInfo
                0x0600f064                CDC_TgetToc
                0x0600f0b4                CDC_GetSes
                0x0600f0f0                CDC_CdInit
                0x0600f174                CDC_CdOpen
                0x0600f19c                CDC_DataReady
                0x0600f208                CDC_DataEnd
 .text          0x0600f260      0x194 ../../Compiler/COMMON/SGL_302j/LIB_ELF/LIBCD.A(CDC_CFS.O)
                0x0600f260                CDC_ChgDir
                0x0600f294                CDC_ReadDir
                0x0600f2c8                CDC_GetFileScope
                0x0600f328                CDC_TgetFileInfo
                0x0600f384                CDC_ReadFile
                0x0600f3b8                CDC_AbortFile
 *fill*         0x0600f3f4        0xc 
 .text          0x0600f400      0x2dc ../../Compiler/COMMON/SGL_302j/LIB_ELF/LIBCD.A(CDC_REG.O)
                0x0600f400                CDC_GetDataPtr
                0x0600f410                CDC_GetHirqReq
                0x0600f424                CDC_ClrHirqReq
                0x0600f454                CDREG_ClrHirqReq
                0x0600f464                CDREG_InitHirqReq
                0x0600f48c                CDREG_SetHirqFlag
                0x0600f4a0                CDC_GetHirqMsk
                0x0600f4b4                CDC_SetHirqMsk
                0x0600f4c4                CDC_GetMpegPtr
                0x0600f4d4                CDREG_TgetData
                0x0600f530                CDREG_CmdRsp
                0x0600f630                CDREG_WaitHirq
                0x0600f6a0                CDREG_ReadRsp
 *fill*         0x0600f6dc        0x4 
 .text          0x0600f6e0      0x152 ../../Compiler/COMMON/SGL_302j/LIB_ELF/LIBCD.A(CDC_SUB.O)
                0x0600f6e0                CDSUB_UpdStatus
                0x0600f6f8                CDSUB_UpdCdstat
                0x0600f718                CDSUB_CdCmd
                0x0600f788                CDSUB_GetCdstat
                0x0600f7c8                CDSUB_RspToCdstat
                0x0600f810                CDSUB_SoftTimer
 *fill*         0x0600f832        0xe 
 .text          0x0600f840     0x1adc ../../Compiler/COMMON/SGL_302j/LIB_ELF/LIBCD.A(GFS.O)
                0x0600f840                gfs_version
                0x0600f860                GFS_Init
                0x0600f948                GFS_LoadDir
                0x0600f9f0                GFS_SetDir
                0x0600fa58                GFS_NameToId
                0x0600fabc                GFS_IdToName
                0x0600fb28                GFS_GetDirInfo
                0x0600fb98                GFS_Reset
                0x0600fc1c                GFS_Open
                0x0600fcd0                GFS_Close
                0x0600fd08                GFS_Seek
                0x0600fdbc                GFS_Tell
                0x0600fe0c                GFS_IsEof
                0x0600fe60                GFS_ByteToSct
                0x0600febc                GFS_GetFileSize
                0x0600ff18                GFS_GetFileInfo
                0x0600ff8c                GFS_GetNumCdbuf
                0x0600ffb4                GFS_Load
                0x06010078                GFS_Fread
                0x06010114                gfs_waitRead
                0x060101bc                GFS_NwFread
                0x060102c8                GFS_NwCdRead
                0x06010340                GFS_NwIsComplete
                0x06010378                GFS_NwStop
                0x060103e4                GFS_NwGetStat
                0x06010460                gfs_recovRdErr
                0x06010490                GFS_NwExecOne
                0x06010550                GFS_NwExecServer
                0x060105cc                GFS_SetGmode
                0x06010630                GFS_SetTmode
                0x0601069c                GFS_SetReadPara
                0x06010700                GFS_SetTransPara
                0x0601076c                GFS_SetTrFunc
                0x060107d0                GFS_StartTrans
                0x0601081c                GFS_CdMovePickup
                0x06010888                GFS_SetErrFunc
                0x060108b4                GFS_GetErrStat
                0x060108d8                GFS_ConvTno
                0x06010900                gfs_chgRoot
                0x060109cc                gfs_aborttrans
                0x060109d8                gfs_mngSetupFuncTbl
                0x06010a0c                gfs_mngInitWork
                0x06010ab0                gfs_mngGetNumFile
                0x06010b18                GFS_mngAllocGrp
                0x06010b60                gfs_mngFreeGrp
                0x06010b6c                gfs_mngTermAccess
                0x06010bf0                gfs_mngSetErrCode
                0x06010c70                gfs_svrSearchHndl
                0x06010cb0                gfs_svrAddHndl
                0x06010cec                gfs_svrRemoveHndl
                0x06010d48                GFS_OpenSub
                0x06010da0                gfs_loadVol
                0x06010e64                gfs_getRootDir
                0x06010f60                gfs_loadRootDir
                0x06010fe8                gfs_flowIn
                0x06011090                gfs_transData
                0x06011134                GFS_GetFad
                0x0601118c                gfs_SetSct
                0x060111cc                gfs_GetFinfo
                0x0601120c                gfs_closeSub
                0x06011248                gfs_getGmode
                0x06011254                gfs_isTaskDone
                0x060112a8                gfs_convFinStat
 *fill*         0x0601131c        0x4 
 .text          0x06011320      0x106 ../../Compiler/COMMON/SGL_302j/LIB_ELF/LIBCD.A(GFS_BUF.O)
                0x06011350                GFBF_GetTranData
                0x06011378                GFBF_GetNumData
                0x060113a8                GFBF_GetSrcPk
                0x060113d0                GFBF_GetSctData
                0x060113f4                GFBF_RtnPk
                0x0601141c                gfbf_getSctDt
 *fill*         0x06011426        0xa 
 .text          0x06011430      0x600 ../../Compiler/COMMON/SGL_302j/LIB_ELF/LIBCD.A(GFS_CDB.O)
                0x06011430                GFCB_Setup
                0x06011550                GFCB_Close
                0x06011578                GFCB_GetLenData
                0x06011624                GFCB_GetLenRoom
                0x06011630                GFCB_SetFilt
                0x06011698                GFCB_DeleteAllData
                0x060116c0                GFCB_Tell
                0x060116d0                gfcb_getSctNum
                0x06011720                GFCB_Seek
                0x0601181c                GFCB_GetSrcPack
                0x060118fc                GFCB_GetSctData
                0x06011934                GFCB_GetDstPack
                0x06011940                GFCB_RtnPk
                0x06011988                GFCB_MovePickup
                0x060119a4                GFCB_SetCon
                0x060119d8                GFCB_GetPickup
                0x06011a00                GFCB_IsPuOwner
                0x06011a18                GFCB_UngetPickup
 .text          0x06011a30     0x1a10 ../../Compiler/COMMON/SGL_302j/LIB_ELF/LIBCD.A(GFS_CDC.O)
                0x06011a30                GFCD_SetCdbfs
                0x06011a5c                GFCD_Init
                0x06011c60                GFCD_AllocFilt
                0x06011c9c                GFCD_FreeFilt
                0x06011ccc                GFCD_AllocBuf
                0x06011d00                GFCD_FreeBuf
                0x06011da4                GFCD_GetBaseFad
                0x06011dd8                GFCD_GetPickup
                0x06011e0c                GFCD_UngetPickup
                0x06011e38                GFCD_IsPuOwner
                0x06011e5c                GFCD_SetFilt
                0x06011f20                GFCD_GetFilt
                0x06011f68                GFCD_SetCon
                0x06011fc0                GFCD_Play
                0x06012020                GFCD_GetLenData
                0x06012088                GFCD_ReqData
                0x060120e4                GFCD_EndData
                0x0601212c                GFCD_DelSctData
                0x06012184                GFCD_CheckDelSctData
                0x060121b4                GFCD_GetStat
                0x06012268                GFCD_MovePickup
                0x060122b4                GFCD_MoveSctData
                0x06012328                GFCD_CheckMove
                0x0601234c                GFCD_GetSctInfo
                0x06012394                GFCD_ChgDir
                0x06012408                GFCD_SetFiltCon
                0x060124f0                GFCD_GetFileInfo
                0x060125cc                GFCD_GetBufSiz
                0x06012604                GFCD_ExecServer
                0x060126d8                gfcd_isIdleTask
                0x06012764                gfcd_doTask
                0x06012810                GFCD_SetTimer
                0x06012824                GFCD_WaitServer
                0x06012860                gfcd_doSetFiltTsk
                0x06012a24                gfcd_doSetConTsk
                0x06012ab4                gfcd_doGetLenDataTsk
                0x06012c08                gfcd_doReqDataTsk
                0x06012ca8                gfcd_doDelSctDataTsk
                0x06012ddc                gfcd_doMoveSctTsk
                0x06012f40                gfcd_doChgDirTsk
                0x0601313c                gfcd_doSetFiltConTsk
                0x06013280                gfcd_checkEflag
                0x060132a4                gfcd_initCdbMng
                0x06013324                gfcd_setStat
                0x06013350                GFCD_SetCsctFunc
                0x0601336c                GFCD_ChkScdqFlag
                0x06013390                GFCD_ClrScdqFlag
                0x060133ac                GFCD_WaitScdqFlag
                0x060133f0                GFCD_WaitPause
 .text          0x06013440      0x8d8 ../../Compiler/COMMON/SGL_302j/LIB_ELF/LIBCD.A(GFS_CDF.O)
                0x06013440                GFCF_Init
                0x060134e0                GFCF_Setup
                0x06013628                GFCF_SetSct
                0x0601366c                GFCF_GetFileInfo
                0x060136e0                GFCF_FlowInBuf
                0x06013834                GFCF_StopInBuf
                0x060138d4                GFCF_Recover
                0x0601391c                GFCF_Tell
                0x06013934                GFCF_Seek
                0x0601394c                GFCF_MovePickup
                0x060139e8                GFCF_cnvIntlvOfs
                0x06013a3c                GFCF_GetStat
                0x06013ad4                gfcf_getSctSize
                0x06013b10                gfcf_isCdOk
                0x06013bd0                gfcf_getPlayRange
 *fill*         0x06013d18        0x8 
 .text          0x06013d20      0x92c ../../Compiler/COMMON/SGL_302j/LIB_ELF/LIBCD.A(GFS_DIR.O)
                0x06013d20                GFDR_SetupDirTbl
                0x06013d94                GFDR_NameToId
                0x06013df4                GFDR_GetInfoDirId
                0x06013e08                GFDR_GetInfoDirName
                0x06013e1c                GFDR_GetAtrDirId
                0x06013e34                GFDR_GetAtrDirName
                0x06013e4c                GFDR_ChgRoot
                0x06013e64                GFDR_ChgDir
                0x06013ed8                gfdr_setupDirIdTbl
                0x06013f5c                gfdr_setupDirNameTbl
                0x06014008                gfdr_open
                0x06014030                gfdr_read
                0x060140f0                gfdr_readByte
                0x0601411c                gfdr_readWord
                0x06014148                gfdr_readWordNB
                0x0601419c                gfdr_readLongNB
                0x060141e8                gfdr_readLongNM
                0x06014210                gfdr_setNextRec
                0x06014294                gfdr_readDirEnt
                0x06014610                gfdr_setDirrecCd
 *fill*         0x0601464c        0x4 
 .text          0x06014650      0x9c6 ../../Compiler/COMMON/SGL_302j/LIB_ELF/LIBCD.A(GFS_TRN.O)
                0x06014680                GFTR_Setup
                0x060146c4                GFTR_SetMode
                0x060146d8                GFTR_SetUnit
                0x060146e4                GFTR_SetTransPara
                0x06014718                GFTR_GetTransPara
                0x06014724                GFTR_GetNumTrans
                0x06014730                GFTR_SetTransMax
                0x0601473c                GFTR_Start
                0x06014748                GFTR_Pause
                0x06014754                GFTR_Stop
                0x0601480c                GFTR_Exec
                0x06014890                GFTR_Idle
                0x06014908                GFTR_ExecSvr
                0x06014a10                gftr_getSrcPack
                0x06014a98                gftr_getDstPack
                0x06014af4                gftr_reqScu
                0x06014b00                gftr_execScu
                0x06014b9c                gftr_remScu
                0x06014bd0                gfdma_canUse
                0x06014bdc                gfdma_exec
                0x06014c4c                gfdma_getBytecnt
                0x06014c84                gftr_reqDma0
                0x06014c9c                gftr_execSdma0
                0x06014cc0                gftr_remDma0
                0x06014cd8                gftr_reqDma1
                0x06014cf0                gftr_execSdma1
                0x06014d14                gftr_remDma1
                0x06014d2c                gftr_reqCpu
                0x06014d38                gftr_execCpu
                0x06014d78                gftr_remCpu
                0x06014d84                gftr_reqTrn
                0x06014df4                gftr_execTrn
                0x06014ecc                gftr_remTrn
                0x06014f40                gftr_copyFrac
                0x06014f68                GFTR_GetLenData
                0x06014f74                GFTR_GetLenRoom
                0x06014f8c                GFTR_GetDstPack
                0x06014fc0                GFTR_RtnDstPk
                0x06014fdc                GFTR_GetData
                0x06014ff0                GFTR_SetData
                0x06015004                GFTR_SetTransFunc
 *fill*         0x06015016        0xa 
 .text          0x06015020      0x130 ../../Compiler/COMMON/SGL_302j/LIB_ELF/LIBCD.A(CDC_DRV.O)
                0x06015020                CDC_CdPlay
                0x060150ec                CDC_CdSeek
                0x06015120                CDC_CdScan
 .text          0x06015150       0xa8 ../../Compiler/COMMON/SGL_302j/LIB_ELF/LIBCD.A(CDC_DEV.O)
                0x06015150                CDC_CdSetCon
                0x06015180                CDC_CdGetCon
                0x060151bc                CDC_CdGetLastBuf
 *fill*         0x060151f8        0x8 
 .text          0x06015200      0x2b8 ../../Compiler/COMMON/SGL_302j/LIB_ELF/LIBCD.A(CDC_SEL.O)
                0x06015200                CDC_SetFiltRange
                0x06015234                CDC_GetFiltRange
                0x0601528c                CDC_SetFiltSubh
                0x060152fc                CDC_GetFiltSubh
                0x06015378                CDC_SetFiltMode
                0x060153ac                CDC_GetFiltMode
                0x060153f0                CDC_SetFiltCon
                0x06015430                CDC_GetFiltCon
                0x06015484                CDC_ResetSelector
 *fill*         0x060154b8        0x8 
 .text          0x060154c0      0x270 ../../Compiler/COMMON/SGL_302j/LIB_ELF/LIBCD.A(CDC_BIF.O)
                0x060154c0                CDC_GetBufSiz
                0x0601551c                CDC_GetSctNum
                0x06015560                CDC_CalActSiz
                0x0601559c                CDC_GetActSiz
                0x0601561c                CDC_GetSctInfo
                0x0601569c                CDC_ExeFadSearch
                0x060156d4                CDC_GetFadSearch
 .text          0x06015730      0x1e4 ../../Compiler/COMMON/SGL_302j/LIB_ELF/LIBCD.A(CDC_BIO.O)
                0x06015730                CDC_SetSctLen
                0x06015764                CDC_GetSctData
                0x060157a0                CDC_DelSctData
                0x060157dc                CDC_GetdelSctData
                0x06015818                CDC_PutSctData
                0x06015850                CDC_CopySctData
                0x06015894                CDC_MoveSctData
                0x060158d8                CDC_GetCopyErr
 *fill*         0x06015914        0xc 
 .text          0x06015920        0x0 ../../Compiler/COMMON/SGL_302j/LIB_ELF/LIBSGL.A(sglA01.o)
 .text          0x06015920        0x0 ../../Compiler/COMMON/SGL_302j/LIB_ELF/LIBSGL.A(sglA04.o)
 .text          0x06015920        0x0 ../../Compiler/COMMON/SGL_302j/LIB_ELF/LIBSGL.A(sglA05.o)
 .text          0x06015920        0x0 ../../Compiler/COMMON/SGL_302j/LIB_ELF/LIBSGL.A(sglA06.o)
 .text          0x06015920        0x0 ../../Compiler/COMMON/SGL_302j/LIB_ELF/LIBSGL.A(sglA07.o)
 .text          0x06015920        0x0 ../../Compiler/COMMON/SGL_302j/LIB_ELF/LIBSGL.A(sglA08.o)
 .text          0x06015920        0x0 ../../Compiler/COMMON/SGL_302j/LIB_ELF/LIBSGL.A(sglA15.o)
 .text          0x06015920        0x0 ../../Compiler/COMMON/SGL_302j/LIB_ELF/LIBSGL.A(sglA17.o)
 .text          0x06015920        0x0 ../../Compiler/COMMON/SGL_302j/LIB_ELF/LIBSGL.A(sglA18.o)
 .text          0x06015920        0x0 ../../Compiler/COMMON/SGL_302j/LIB_ELF/LIBSGL.A(sglA19.o)
 .text          0x06015920        0x0 ../../Compiler/COMMON/SGL_302j/LIB_ELF/LIBSGL.A(sglA20.o)
 .text          0x06015920        0x0 ../../Compiler/COMMON/SGL_302j/LIB_ELF/LIBSGL.A(sglA21.o)
 .text          0x06015920        0x0 ../../Compiler/COMMON/SGL_302j/LIB_ELF/LIBSGL.A(sglA23.o)
 .text          0x06015920        0x0 ../../Compiler/COMMON/SGL_302j/LIB_ELF/LIBSGL.A(sglA27.o)
 .text          0x06015920        0x0 ../../Compiler/COMMON/SGL_302j/LIB_ELF/LIBSGL.A(sglA28.o)
 .text          0x06015920        0x0 ../../Compiler/COMMON/SGL_302j/LIB_ELF/LIBSGL.A(sglB001.o)
 .text          0x06015920        0x0 ../../Compiler/COMMON/SGL_302j/LIB_ELF/LIBSGL.A(sglB010.o)
 .text          0x06015920        0x0 ../../Compiler/COMMON/SGL_302j/LIB_ELF/LIBSGL.A(sglB011.o)
 .text          0x06015920        0x0 ../../Compiler/COMMON/SGL_302j/LIB_ELF/LIBSGL.A(sglB014.o)
 .text          0x06015920        0x0 ../../Compiler/COMMON/SGL_302j/LIB_ELF/LIBSGL.A(sglB015.o)
 .text          0x06015920        0x0 ../../Compiler/COMMON/SGL_302j/LIB_ELF/LIBSGL.A(sglB016.o)
 .text          0x06015920        0x0 ../../Compiler/COMMON/SGL_302j/LIB_ELF/LIBSGL.A(sglB020.o)
 .text          0x06015920        0x0 ../../Compiler/COMMON/SGL_302j/LIB_ELF/LIBSGL.A(sglB021.o)
 .text          0x06015920        0x0 ../../Compiler/COMMON/SGL_302j/LIB_ELF/LIBSGL.A(sglB023.o)
 .text          0x06015920        0x0 ../../Compiler/COMMON/SGL_302j/LIB_ELF/LIBSGL.A(sglB024.o)
 .text          0x06015920        0x0 ../../Compiler/COMMON/SGL_302j/LIB_ELF/LIBSGL.A(sglB025.o)
 .text          0x06015920        0x0 ../../Compiler/COMMON/SGL_302j/LIB_ELF/LIBSGL.A(sglB027.o)
 .text          0x06015920        0x0 ../../Compiler/COMMON/SGL_302j/LIB_ELF/LIBSGL.A(sglB028.o)
 .text          0x06015920        0x0 ../../Compiler/COMMON/SGL_302j/LIB_ELF/LIBSGL.A(sglB032.o)
 .text          0x06015920        0x0 ../../Compiler/COMMON/SGL_302j/LIB_ELF/LIBSGL.A(sglB034.o)
 .text          0x06015920        0x0 ../../Compiler/COMMON/SGL_302j/LIB_ELF/LIBSGL.A(sglB035.o)
 .text          0x06015920        0x0 ../../Compiler/COMMON/SGL_302j/LIB_ELF/LIBSGL.A(sglB036.o)
 .text          0x06015920        0x0 ../../Compiler/COMMON/SGL_302j/LIB_ELF/LIBSGL.A(sglB038.o)
 .text          0x06015920        0x0 ../../Compiler/COMMON/SGL_302j/LIB_ELF/LIBSGL.A(sglB039.o)
 .text          0x06015920        0x0 ../../Compiler/COMMON/SGL_302j/LIB_ELF/LIBSGL.A(sglB040.o)
 .text          0x06015920        0x0 ../../Compiler/COMMON/SGL_302j/LIB_ELF/LIBSGL.A(sglB041.o)
 .text          0x06015920        0x0 ../../Compiler/COMMON/SGL_302j/LIB_ELF/LIBSGL.A(sglB042.o)
 .text          0x06015920        0x0 ../../Compiler/COMMON/SGL_302j/LIB_ELF/LIBSGL.A(sglB043.o)
 .text          0x06015920        0x0 ../../Compiler/COMMON/SGL_302j/LIB_ELF/LIBSGL.A(sglB044.o)
 .text          0x06015920        0x0 ../../Compiler/COMMON/SGL_302j/LIB_ELF/LIBSGL.A(sglB047.o)
 .text          0x06015920        0x0 ../../Compiler/COMMON/SGL_302j/LIB_ELF/LIBSGL.A(sglB048.o)
 .text          0x06015920        0x0 ../../Compiler/COMMON/SGL_302j/LIB_ELF/LIBSGL.A(sglB056.o)
 .text          0x06015920        0x0 ../../Compiler/COMMON/SGL_302j/LIB_ELF/LIBSGL.A(sglB058.o)
 .text          0x06015920        0x0 ../../Compiler/COMMON/SGL_302j/LIB_ELF/LIBSGL.A(sglB059.o)
 .text          0x06015920        0x0 ../../Compiler/COMMON/SGL_302j/LIB_ELF/LIBSGL.A(sglB060.o)
 .text          0x06015920        0x0 ../../Compiler/COMMON/SGL_302j/LIB_ELF/LIBSGL.A(sglB061.o)
 .text          0x06015920        0x0 ../../Compiler/COMMON/SGL_302j/LIB_ELF/LIBSGL.A(sglB063.o)
 .text          0x06015920        0x0 ../../Compiler/COMMON/SGL_302j/LIB_ELF/LIBSGL.A(sglB070.o)
 .text          0x06015920        0x0 ../../Compiler/COMMON/SGL_302j/LIB_ELF/LIBSGL.A(sglB071.o)
 .text          0x06015920        0x0 ../../Compiler/COMMON/SGL_302j/LIB_ELF/LIBSGL.A(sglB087.o)
 .text          0x06015920        0x0 ../../Compiler/COMMON/SGL_302j/LIB_ELF/LIBSGL.A(sglB088.o)
 .text          0x06015920        0x0 ../../Compiler/COMMON/SGL_302j/LIB_ELF/LIBSGL.A(sglB090.o)
 .text          0x06015920        0x0 ../../Compiler/COMMON/SGL_302j/LIB_ELF/LIBSGL.A(sglB200.o)
 .text          0x06015920        0x0 ../../Compiler/COMMON/SGL_302j/LIB_ELF/LIBSGL.A(sglC01.o)
 .text          0x06015920        0x0 ../../Compiler/COMMON/SGL_302j/LIB_ELF/LIBSGL.A(sglC04.o)
 .text          0x06015920        0x0 ../../Compiler/COMMON/SGL_302j/LIB_ELF/LIBSGL.A(sglC05.o)
 .text          0x06015920        0x0 ../../Compiler/COMMON/SGL_302j/LIB_ELF/LIBSGL.A(sglC06.o)
 .text          0x06015920        0x0 ../../Compiler/COMMON/SGL_302j/LIB_ELF/LIBSGL.A(sglC07.o)
 .text          0x06015920        0x0 ../../Compiler/COMMON/SGL_302j/LIB_ELF/LIBSGL.A(sglC08.o)
 .text          0x06015920        0x0 ../../Compiler/COMMON/SGL_302j/LIB_ELF/LIBSGL.A(sglC16.o)
 .text          0x06015920        0x0 ../../Compiler/COMMON/SGL_302j/LIB_ELF/LIBSGL.A(sglC17.o)
 .text          0x06015920        0x0 ../../Compiler/COMMON/SGL_302j/LIB_ELF/LIBSGL.A(sglC19.o)
 .text          0x06015920        0x0 ../../Compiler/COMMON/SGL_302j/LIB_ELF/LIBSGL.A(sglC20.o)
 .text          0x06015920        0x0 ../../Compiler/COMMON/SGL_302j/LIB_ELF/LIBSGL.A(sglC21.o)
 .text          0x06015920        0x0 ../../Compiler/COMMON/SGL_302j/LIB_ELF/LIBSGL.A(sglD00.o)
 .text          0x06015920        0x0 ../../Compiler/COMMON/SGL_302j/LIB_ELF/LIBSGL.A(sglD01.o)
 .text          0x06015920        0x0 ../../Compiler/COMMON/SGL_302j/LIB_ELF/LIBSGL.A(sglD02.o)
 .text          0x06015920        0x0 ../../Compiler/COMMON/SGL_302j/LIB_ELF/LIBSGL.A(sglD03.o)
 .text          0x06015920        0x0 ../../Compiler/COMMON/SGL_302j/LIB_ELF/LIBSGL.A(sglD15.o)
 .text          0x06015920        0x0 ../../Compiler/COMMON/SGL_302j/LIB_ELF/LIBSGL.A(sglD16.o)
 .text          0x06015920        0x0 ../../Compiler/COMMON/SGL_302j/LIB_ELF/LIBSGL.A(sglD17.o)
 .text          0x06015920        0x0 ../../Compiler/COMMON/SGL_302j/LIB_ELF/LIBSGL.A(sglD18.o)
 .text          0x06015920        0x0 ../../Compiler/COMMON/SGL_302j/LIB_ELF/LIBSGL.A(sglF00.o)
 .text          0x06015920        0x0 ../../Compiler/COMMON/SGL_302j/LIB_ELF/LIBSGL.A(sglF03.o)
 .text          0x06015920        0x0 ../../Compiler/COMMON/SGL_302j/LIB_ELF/LIBSGL.A(sglF05.o)
 .text          0x06015920        0x0 ../../Compiler/COMMON/SGL_302j/LIB_ELF/LIBSGL.A(sglF08.o)
 .text          0x06015920        0x0 ../../Compiler/COMMON/SGL_302j/LIB_ELF/LIBSGL.A(sglF11.o)
 .text          0x06015920        0x0 ../../Compiler/COMMON/SGL_302j/LIB_ELF/LIBSGL.A(sglH00.o)
 .text          0x06015920        0x0 ../../Compiler/COMMON/SGL_302j/LIB_ELF/LIBSGL.A(sglH01.o)
 .text          0x06015920        0x0 ../../Compiler/COMMON/SGL_302j/LIB_ELF/LIBSGL.A(sglH02.o)
 .text          0x06015920        0x0 ../../Compiler/COMMON/SGL_302j/LIB_ELF/LIBSGL.A(sglH04.o)
 .text          0x06015920        0x0 ../../Compiler/COMMON/SGL_302j/LIB_ELF/LIBSGL.A(sglI01.o)
 .text          0x06015920        0x0 ../../Compiler/COMMON/SGL_302j/LIB_ELF/LIBSGL.A(sglI04.o)
 .text          0x06015920      0x128 ../../Compiler/COMMON/SGL_302j/LIB_ELF/LIBSGL.A(sglIc0.o)
                0x06015920                slInitSystem
 *fill*         0x06015a48        0x8 
 .text          0x06015a50        0x0 ../../Compiler/COMMON/SGL_302j/LIB_ELF/LIBSGL.A(sglJ00.o)
 .text          0x06015a50        0x0 ../../Compiler/COMMON/SGL_302j/LIB_ELF/LIBSGL.A(sglJ01.o)
 .text          0x06015a50        0x0 ../../Compiler/COMMON/SGL_302j/LIB_ELF/LIBSGL.A(sglJ02.o)
 .text          0x06015a50        0x0 ../../Compiler/COMMON/SGL_302j/LIB_ELF/LIBSGL.A(sglJ03.o)
 .text          0x06015a50        0x0 ../../Compiler/COMMON/SGL_302j/LIB_ELF/LIBSGL.A(sglJ04.o)
 .text          0x06015a50        0x0 ../../Compiler/COMMON/SGL_302j/LIB_ELF/LIBSGL.A(sglJ05.o)
 .text          0x06015a50        0x0 ../../Compiler/COMMON/SGL_302j/LIB_ELF/LIBSGL.A(sglK01.o)
 .text          0x06015a50        0x0 ../../Compiler/COMMON/SGL_302j/LIB_ELF/LIBSGL.A(sglM01.o)
 .text          0x06015a50        0x0 ../../Compiler/COMMON/SGL_302j/LIB_ELF/LIBSGL.A(sglA00.o)
 .text          0x06015a50        0x0 ../../Compiler/COMMON/SGL_302j/LIB_ELF/LIBSGL.A(sglA03.o)
 .text          0x06015a50        0x0 ../../Compiler/COMMON/SGL_302j/LIB_ELF/LIBSGL.A(sglB000.o)
 .text          0x06015a50        0x0 ../../Compiler/COMMON/SGL_302j/LIB_ELF/LIBSGL.A(sglC00.o)
 .text          0x06015a50        0x0 ../../Compiler/COMMON/SGL_302j/LIB_ELF/LIBSGL.A(sglI00.o)
 .text          0x06015a50        0x0 ../../Compiler/COMMON/SGL_302j/LIB_ELF/LIBSGL.A(sglH03.o)
 .text          0x06015a50       0x52 d:/dropbox/seniriu work folder/seniriu_build_environment/compiler/windows/bin/../lib/gcc/sh-elf/9.3.0\libgcc.a(_ashiftrt.o)
                0x06015a50                __ashiftrt_r4_31
                0x06015a50                __ashiftrt_r4_32
                0x06015a56                __ashiftrt_r4_30
                0x06015a58                __ashiftrt_r4_29
                0x06015a5a                __ashiftrt_r4_28
                0x06015a5c                __ashiftrt_r4_27
                0x06015a5e                __ashiftrt_r4_26
                0x06015a60                __ashiftrt_r4_25
                0x06015a62                __ashiftrt_r4_24
                0x06015a6a                __ashiftrt_r4_23
                0x06015a6c                __ashiftrt_r4_22
                0x06015a6e                __ashiftrt_r4_21
                0x06015a70                __ashiftrt_r4_20
                0x06015a72                __ashiftrt_r4_19
                0x06015a74                __ashiftrt_r4_18
                0x06015a76                __ashiftrt_r4_17
                0x06015a78                __ashiftrt_r4_16
                0x06015a7e                __ashiftrt_r4_15
                0x06015a80                __ashiftrt_r4_14
                0x06015a82                __ashiftrt_r4_13
                0x06015a84                __ashiftrt_r4_12
                0x06015a86                __ashiftrt_r4_11
                0x06015a88                __ashiftrt_r4_10
                0x06015a8a                __ashiftrt_r4_9
                0x06015a8c                __ashiftrt_r4_8
                0x06015a8e                __ashiftrt_r4_7
                0x06015a90                __ashiftrt_r4_6
                0x06015a92                __ashiftrt_r4_5
                0x06015a94                __ashiftrt_r4_4
                0x06015a96                __ashiftrt_r4_3
                0x06015a98                __ashiftrt_r4_2
                0x06015a9a                __ashiftrt_r4_1
                0x06015a9e                __ashiftrt_r4_0
 *fill*         0x06015aa2        0x2 
 .text          0x06015aa4       0x80 d:/dropbox/seniriu work folder/seniriu_build_environment/compiler/windows/bin/../lib/gcc/sh-elf/9.3.0\libgcc.a(_ashiftrt_n.o)
                0x06015aa4                __ashrsi3
 .text          0x06015b24       0xbc d:/dropbox/seniriu work folder/seniriu_build_environment/compiler/windows/bin/../lib/gcc/sh-elf/9.3.0\libgcc.a(_ashiftlt.o)
                0x06015b24                __ashlsi3
                0x06015b28                __ashlsi3_r0
 .text          0x06015be0       0xbc d:/dropbox/seniriu work folder/seniriu_build_environment/compiler/windows/bin/../lib/gcc/sh-elf/9.3.0\libgcc.a(_lshiftrt.o)
                0x06015be0                __lshrsi3
                0x06015be4                __lshrsi3_r0
 .text          0x06015c9c       0xa0 d:/dropbox/seniriu work folder/seniriu_build_environment/compiler/windows/bin/../lib/gcc/sh-elf/9.3.0\libgcc.a(_sdivsi3.o)
                0x06015c9c                __sdivsi3
 .text          0x06015d3c       0x6c d:/dropbox/seniriu work folder/seniriu_build_environment/compiler/windows/bin/../lib/gcc/sh-elf/9.3.0\libgcc.a(_udivsi3.o)
                0x06015d5e                __udivsi3
 .text          0x06015da8      0x21c d:/dropbox/seniriu work folder/seniriu_build_environment/compiler/windows/bin/../lib/gcc/sh-elf/9.3.0\libgcc.a(_addsub_sf.o)
                0x06015f28                __addsf3
                0x06015f74                __subsf3
 .text          0x06015fc4      0x134 d:/dropbox/seniriu work folder/seniriu_build_environment/compiler/windows/bin/../lib/gcc/sh-elf/9.3.0\libgcc.a(_mul_sf.o)
                0x06015fc4                __mulsf3
 .text          0x060160f8       0xdc d:/dropbox/seniriu work folder/seniriu_build_environment/compiler/windows/bin/../lib/gcc/sh-elf/9.3.0\libgcc.a(_div_sf.o)
                0x060160f8                __divsf3
 .text          0x060161d4       0x54 d:/dropbox/seniriu work folder/seniriu_build_environment/compiler/windows/bin/../lib/gcc/sh-elf/9.3.0\libgcc.a(_gt_sf.o)
                0x060161d4                __gtsf2
 .text          0x06016228       0x54 d:/dropbox/seniriu work folder/seniriu_build_environment/compiler/windows/bin/../lib/gcc/sh-elf/9.3.0\libgcc.a(_ge_sf.o)
                0x06016228                __gesf2
 .text          0x0601627c       0x54 d:/dropbox/seniriu work folder/seniriu_build_environment/compiler/windows/bin/../lib/gcc/sh-elf/9.3.0\libgcc.a(_lt_sf.o)
                0x0601627c                __ltsf2
 .text          0x060162d0       0x54 d:/dropbox/seniriu work folder/seniriu_build_environment/compiler/windows/bin/../lib/gcc/sh-elf/9.3.0\libgcc.a(_le_sf.o)
                0x060162d0                __lesf2
 .text          0x06016324       0x84 d:/dropbox/seniriu work folder/seniriu_build_environment/compiler/windows/bin/../lib/gcc/sh-elf/9.3.0\libgcc.a(_si_to_sf.o)
                0x06016324                __floatsisf
 .text          0x060163a8       0x70 d:/dropbox/seniriu work folder/seniriu_build_environment/compiler/windows/bin/../lib/gcc/sh-elf/9.3.0\libgcc.a(_sf_to_si.o)
                0x060163a8                __fixsfsi
 .text          0x06016418       0x3c d:/dropbox/seniriu work folder/seniriu_build_environment/compiler/windows/bin/../lib/gcc/sh-elf/9.3.0\libgcc.a(_sf_to_df.o)
                0x06016418                __extendsfdf2
 .text          0x06016454        0x0 d:/dropbox/seniriu work folder/seniriu_build_environment/compiler/windows/bin/../lib/gcc/sh-elf/9.3.0\libgcc.a(_thenan_sf.o)
 .text          0x06016454       0x94 d:/dropbox/seniriu work folder/seniriu_build_environment/compiler/windows/bin/../lib/gcc/sh-elf/9.3.0\libgcc.a(_usi_to_sf.o)
                0x06016454                __floatunsisf
 .text          0x060164e8      0x3e0 d:/dropbox/seniriu work folder/seniriu_build_environment/compiler/windows/bin/../lib/gcc/sh-elf/9.3.0\libgcc.a(_addsub_df.o)
                0x06016824                __adddf3
                0x06016874                __subdf3
 .text          0x060168c8      0x208 d:/dropbox/seniriu work folder/seniriu_build_environment/compiler/windows/bin/../lib/gcc/sh-elf/9.3.0\libgcc.a(_mul_df.o)
                0x060168c8                __muldf3
 .text          0x06016ad0       0xa8 d:/dropbox/seniriu work folder/seniriu_build_environment/compiler/windows/bin/../lib/gcc/sh-elf/9.3.0\libgcc.a(_si_to_df.o)
                0x06016ad0                __floatsidf
 .text          0x06016b78       0xa0 d:/dropbox/seniriu work folder/seniriu_build_environment/compiler/windows/bin/../lib/gcc/sh-elf/9.3.0\libgcc.a(_df_to_si.o)
                0x06016b78                __fixdfsi
 .text          0x06016c18       0x28 d:/dropbox/seniriu work folder/seniriu_build_environment/compiler/windows/bin/../lib/gcc/sh-elf/9.3.0\libgcc.a(_make_df.o)
                0x06016c18                __make_dp
 .text          0x06016c40       0x4c d:/dropbox/seniriu work folder/seniriu_build_environment/compiler/windows/bin/../lib/gcc/sh-elf/9.3.0\libgcc.a(_df_to_sf.o)
                0x06016c40                __truncdfsf2
 .text          0x06016c8c        0x0 d:/dropbox/seniriu work folder/seniriu_build_environment/compiler/windows/bin/../lib/gcc/sh-elf/9.3.0\libgcc.a(_thenan_df.o)
 .text          0x06016c8c       0x54 d:/dropbox/seniriu work folder/seniriu_build_environment/compiler/windows/bin/../lib/gcc/sh-elf/9.3.0\libgcc.a(_clzsi2.o)
                0x06016c8c                __clzsi2
 .text          0x06016ce0      0x11c d:/dropbox/seniriu work folder/seniriu_build_environment/compiler/windows/bin/../lib/gcc/sh-elf/9.3.0\libgcc.a(_pack_sf.o)
                0x06016ce0                __pack_f
 .text          0x06016dfc       0xa0 d:/dropbox/seniriu work folder/seniriu_build_environment/compiler/windows/bin/../lib/gcc/sh-elf/9.3.0\libgcc.a(_unpack_sf.o)
                0x06016dfc                __unpack_f
 .text          0x06016e9c       0xac d:/dropbox/seniriu work folder/seniriu_build_environment/compiler/windows/bin/../lib/gcc/sh-elf/9.3.0\libgcc.a(_fpcmp_parts_sf.o)
                0x06016e9c                __fpcmp_parts_f
 .text          0x06016f48       0x20 d:/dropbox/seniriu work folder/seniriu_build_environment/compiler/windows/bin/../lib/gcc/sh-elf/9.3.0\libgcc.a(_make_sf.o)
                0x06016f48                __make_fp
 .text          0x06016f68      0x274 d:/dropbox/seniriu work folder/seniriu_build_environment/compiler/windows/bin/../lib/gcc/sh-elf/9.3.0\libgcc.a(_pack_df.o)
                0x06016f68                __pack_d
 .text          0x060171dc       0xcc d:/dropbox/seniriu work folder/seniriu_build_environment/compiler/windows/bin/../lib/gcc/sh-elf/9.3.0\libgcc.a(_unpack_df.o)
                0x060171dc                __unpack_d
 .text          0x060172a8        0x0 d:/dropbox/seniriu work folder/seniriu_build_environment/compiler/windows/bin/../lib/gcc/sh-elf/9.3.0\libgcc.a(_clz.o)
 .text          0x060172a8       0x1e d:/dropbox/seniriu work folder/seniriu_build_environment/compiler/windows/bin/../lib/gcc/sh-elf/9.3.0/../../../../sh-elf/lib\libc.a(lib_a-memcmp.o)
                0x060172a8                memcmp
 *fill*         0x060172c6        0x2 
 .text          0x060172c8       0x94 d:/dropbox/seniriu work folder/seniriu_build_environment/compiler/windows/bin/../lib/gcc/sh-elf/9.3.0/../../../../sh-elf/lib\libc.a(lib_a-memcpy.o)
                0x060172c8                memcpy
 .text          0x0601735c       0x40 d:/dropbox/seniriu work folder/seniriu_build_environment/compiler/windows/bin/../lib/gcc/sh-elf/9.3.0/../../../../sh-elf/lib\libc.a(lib_a-memset.o)
                0x0601735c                memset
 .text          0x0601739c       0x8c d:/dropbox/seniriu work folder/seniriu_build_environment/compiler/windows/bin/../lib/gcc/sh-elf/9.3.0/../../../../sh-elf/lib\libc.a(lib_a-sprintf.o)
                0x0601739c                _siprintf_r
                0x0601739c                _sprintf_r
                0x060173dc                siprintf
                0x060173dc                sprintf
 .text          0x06017428       0x2a d:/dropbox/seniriu work folder/seniriu_build_environment/compiler/windows/bin/../lib/gcc/sh-elf/9.3.0/../../../../sh-elf/lib\libc.a(lib_a-strncmp.o)
                0x06017428                strncmp
 .text          0x06017452       0x36 d:/dropbox/seniriu work folder/seniriu_build_environment/compiler/windows/bin/../lib/gcc/sh-elf/9.3.0/../../../../sh-elf/lib\libc.a(lib_a-strncpy.o)
                0x06017452                strncpy
 .text          0x06017488        0x0 d:/dropbox/seniriu work folder/seniriu_build_environment/compiler/windows/bin/../lib/gcc/sh-elf/9.3.0/../../../../sh-elf/lib\libc.a(lib_a-impure.o)
 .text          0x06017488      0x444 d:/dropbox/seniriu work folder/seniriu_build_environment/compiler/windows/bin/../lib/gcc/sh-elf/9.3.0/../../../../sh-elf/lib\libc.a(lib_a-nano-svfprintf.o)
                0x06017488                __ssputs_r
                0x0601757c                __ssprint_r
                0x060176b0                _svfprintf_r
                0x060176b0                _svfiprintf_r
 .text          0x060178cc      0x380 d:/dropbox/seniriu work folder/seniriu_build_environment/compiler/windows/bin/../lib/gcc/sh-elf/9.3.0/../../../../sh-elf/lib\libc.a(lib_a-nano-vfprintf_i.o)
                0x060178cc                _printf_common
                0x060179cc                _printf_i
 .text          0x06017c4c       0x1c d:/dropbox/seniriu work folder/seniriu_build_environment/compiler/windows/bin/../lib/gcc/sh-elf/9.3.0/../../../../sh-elf/lib\libc.a(lib_a-memchr.o)
                0x06017c4c                memchr
 .text          0x06017c68       0x3c d:/dropbox/seniriu work folder/seniriu_build_environment/compiler/windows/bin/../lib/gcc/sh-elf/9.3.0/../../../../sh-elf/lib\libc.a(lib_a-memmove.o)
                0x06017c68                memmove
 .text          0x06017ca4       0xd0 d:/dropbox/seniriu work folder/seniriu_build_environment/compiler/windows/bin/../lib/gcc/sh-elf/9.3.0/../../../../sh-elf/lib\libc.a(lib_a-nano-freer.o)
                0x06017ca4                _free_r
 .text          0x06017d74       0xf8 d:/dropbox/seniriu work folder/seniriu_build_environment/compiler/windows/bin/../lib/gcc/sh-elf/9.3.0/../../../../sh-elf/lib\libc.a(lib_a-nano-mallocr.o)
                0x06017d74                _malloc_r
 .text          0x06017e6c       0x7c d:/dropbox/seniriu work folder/seniriu_build_environment/compiler/windows/bin/../lib/gcc/sh-elf/9.3.0/../../../../sh-elf/lib\libc.a(lib_a-nano-reallocr.o)
                0x06017e6c                _realloc_r
 .text          0x06017ee8       0x30 d:/dropbox/seniriu work folder/seniriu_build_environment/compiler/windows/bin/../lib/gcc/sh-elf/9.3.0/../../../../sh-elf/lib\libc.a(lib_a-sbrkr.o)
                0x06017ee8                _sbrk_r
 .text          0x06017f18      0x25c d:/dropbox/seniriu work folder/seniriu_build_environment/compiler/windows/bin/../lib/gcc/sh-elf/9.3.0/../../../../sh-elf/lib\libc.a(lib_a-syscalls.o)
                0x06017f90                _read
                0x06017fa0                _lseek
                0x06017fb0                _write
                0x06017fc0                _close
                0x06017fd0                _link
                0x06017fd4                _sbrk
                0x0601802c                _fstat
                0x06018036                _open
                0x06018048                _creat
                0x06018058                _unlink
                0x0601805c                isatty
                0x06018060                _isatty
                0x06018064                _exit
                0x06018074                _kill
                0x06018088                _getpid
                0x0601808c                _raise
                0x06018090                _stat
                0x060180a0                _chmod
                0x060180b0                _chown
                0x060180c0                _utime
                0x060180d4                _fork
                0x060180e0                _wait
                0x060180f0                _execve
                0x06018100                _execv
                0x06018110                _pipe
                0x0601811c                _times
                0x06018120                _gettimeofday
                0x06018148                __setup_argv_and_call_main
 .text          0x06018174       0x14 d:/dropbox/seniriu work folder/seniriu_build_environment/compiler/windows/bin/../lib/gcc/sh-elf/9.3.0/../../../../sh-elf/lib\libc.a(lib_a-trap.o)
                0x06018174                __trap34
 .text          0x06018188       0x18 d:/dropbox/seniriu work folder/seniriu_build_environment/compiler/windows/bin/../lib/gcc/sh-elf/9.3.0/../../../../sh-elf/lib\libc.a(lib_a-abort.o)
                0x06018188                abort
 .text          0x060181a0        0x8 d:/dropbox/seniriu work folder/seniriu_build_environment/compiler/windows/bin/../lib/gcc/sh-elf/9.3.0/../../../../sh-elf/lib\libc.a(lib_a-mlock.o)
                0x060181a0                __malloc_lock
                0x060181a4                __malloc_unlock
 .text          0x060181a8       0x16 d:/dropbox/seniriu work folder/seniriu_build_environment/compiler/windows/bin/../lib/gcc/sh-elf/9.3.0/../../../../sh-elf/lib\libc.a(lib_a-nano-msizer.o)
                0x060181a8                _malloc_usable_size_r
 *fill*         0x060181be        0x2 
 .text          0x060181c0      0x1b4 d:/dropbox/seniriu work folder/seniriu_build_environment/compiler/windows/bin/../lib/gcc/sh-elf/9.3.0/../../../../sh-elf/lib\libc.a(lib_a-signal.o)
                0x060181c0                _init_signal_r
                0x06018200                _signal_r
                0x0601824c                _raise_r
                0x060182c4                __sigtramp_r
                0x06018328                raise
                0x0601833c                signal
                0x06018350                _init_signal
                0x06018360                __sigtramp
 .text          0x06018374       0x40 d:/dropbox/seniriu work folder/seniriu_build_environment/compiler/windows/bin/../lib/gcc/sh-elf/9.3.0/../../../../sh-elf/lib\libc.a(lib_a-signalr.o)
                0x06018374                _kill_r
                0x060183a8                _getpid_r
 *(.strings)
 *(SEGA_P)
 *(.eh_frame_hdr)
 *(.eh_frame)
                0x060183b4                __etext = .

.text.startup   0x060183c0       0x40
 .text.startup  0x060183c0       0x40 ../../jo_engine/core.o
                0x060183c0                main

SLPROG          0x06018400    0x16e20
                0x06018400                __slprog_start = .
 *(SLPROG)
 SLPROG         0x06018400     0x6540 ../../Compiler/COMMON/SGL_302j/LIB_ELF/SGLAREA.O
                0x06018400                MasterStack
                0x06018404                SlaveStack
                0x06018408                MaxVertices
                0x0601840a                MaxPolygons
                0x0601840c                SortList
                0x06018410                SortListSize
                0x06018414                TransList
                0x06018418                Zbuffer
                0x0601841c                SpriteBuf
                0x06018420                SpriteBufSize
                0x06018424                Pbuffer
                0x06018428                CommandBuf
                0x0601842c                CLOfstBuf
                0x06018430                PCM_Work
                0x06018434                PCM_WkSize
                0x06018438                MaxEvents
                0x0601843a                EventSize
                0x0601843c                MaxWorks
                0x0601843e                WorkSize
                0x06018440                RemainEvent
                0x06018540                RemainWork
                0x06018940                EventBuf
                0x0601a940                WorkBuf
 SLPROG         0x0601e940     0x411e ../../Compiler/COMMON/SGL_302j/LIB_ELF/LIBSGL.A(sglA01.o)
                0x0601e940                slSin
                0x0601e964                slCos
                0x0601e988                GetSinCos
                0x0601ea1c                sin_cos_index_tbl
                0x0601ea5c                sin_tbl
 *fill*         0x06022a5e        0x2 
 SLPROG         0x06022a60     0x20b6 ../../Compiler/COMMON/SGL_302j/LIB_ELF/LIBSGL.A(sglA04.o)
                0x06022a60                slAtan
                0x06022b14                atan_tbl
 *fill*         0x06024b16        0xa 
 SLPROG         0x06024b20       0x38 ../../Compiler/COMMON/SGL_302j/LIB_ELF/LIBSGL.A(sglA05.o)
                0x06024b20                slSquart
                0x06024b4c                slSquartFX
 *fill*         0x06024b58        0x8 
 SLPROG         0x06024b60        0xa ../../Compiler/COMMON/SGL_302j/LIB_ELF/LIBSGL.A(sglA06.o)
                0x06024b60                slMulFX
 *fill*         0x06024b6a        0x6 
 SLPROG         0x06024b70       0x14 ../../Compiler/COMMON/SGL_302j/LIB_ELF/LIBSGL.A(sglA07.o)
                0x06024b70                slDivFX
 *fill*         0x06024b84        0xc 
 SLPROG         0x06024b90       0x10 ../../Compiler/COMMON/SGL_302j/LIB_ELF/LIBSGL.A(sglA08.o)
                0x06024b90                slInnerProduct
 SLPROG         0x06024ba0       0x18 ../../Compiler/COMMON/SGL_302j/LIB_ELF/LIBSGL.A(sglA15.o)
                0x06024ba0                slSlaveFunc
 *fill*         0x06024bb8        0x8 
 SLPROG         0x06024bc0       0x78 ../../Compiler/COMMON/SGL_302j/LIB_ELF/LIBSGL.A(sglA17.o)
                0x06024bc0                slRotZ
                0x06024bca                slRotZSC
 *fill*         0x06024c38        0x8 
 SLPROG         0x06024c40       0x78 ../../Compiler/COMMON/SGL_302j/LIB_ELF/LIBSGL.A(sglA18.o)
                0x06024c40                slRotY
                0x06024c4a                slRotYSC
 *fill*         0x06024cb8        0x8 
 SLPROG         0x06024cc0       0x78 ../../Compiler/COMMON/SGL_302j/LIB_ELF/LIBSGL.A(sglA19.o)
                0x06024cc0                slRotX
                0x06024cca                slRotXSC
 *fill*         0x06024d38        0x8 
 SLPROG         0x06024d40      0x42c ../../Compiler/COMMON/SGL_302j/LIB_ELF/LIBSGL.A(sglA20.o)
                0x06024d40                slInitMatrix
                0x06024d4a                slPushUnitMatrix
                0x06024d5e                slUnitMatrix
 *fill*         0x0602516c        0x4 
 SLPROG         0x06025170       0x48 ../../Compiler/COMMON/SGL_302j/LIB_ELF/LIBSGL.A(sglA21.o)
                0x06025170                slPushMatrix
                0x060251a4                slDecMatrixPtr
                0x060251a4                slPopMatrix
 *fill*         0x060251b8        0x8 
 SLPROG         0x060251c0       0x1e ../../Compiler/COMMON/SGL_302j/LIB_ELF/LIBSGL.A(sglA23.o)
                0x060251c0                slGetMatrix
 *fill*         0x060251de        0x2 
 SLPROG         0x060251e0       0x50 ../../Compiler/COMMON/SGL_302j/LIB_ELF/LIBSGL.A(sglA27.o)
                0x060251e0                slTranslate
 SLPROG         0x06025230       0x70 ../../Compiler/COMMON/SGL_302j/LIB_ELF/LIBSGL.A(sglA28.o)
                0x06025230                slScale
 SLPROG         0x060252a0       0x20 ../../Compiler/COMMON/SGL_302j/LIB_ELF/LIBSGL.A(sglB001.o)
                0x060252a0                slTVOn
                0x060252aa                slTVOff
 SLPROG         0x060252c0       0x24 ../../Compiler/COMMON/SGL_302j/LIB_ELF/LIBSGL.A(sglB010.o)
                0x060252c0                slBitMapNbg0
 *fill*         0x060252e4        0xc 
 SLPROG         0x060252f0       0x24 ../../Compiler/COMMON/SGL_302j/LIB_ELF/LIBSGL.A(sglB011.o)
                0x060252f0                slBitMapNbg1
 *fill*         0x06025314        0xc 
 SLPROG         0x06025320        0x8 ../../Compiler/COMMON/SGL_302j/LIB_ELF/LIBSGL.A(sglB014.o)
                0x06025320                slScrTransparent
 *fill*         0x06025328        0x8 
 SLPROG         0x06025330      0x40c ../../Compiler/COMMON/SGL_302j/LIB_ELF/LIBSGL.A(sglB015.o)
                0x06025330                slScrAutoDisp
 *fill*         0x0602573c        0x4 
 SLPROG         0x06025740        0xc ../../Compiler/COMMON/SGL_302j/LIB_ELF/LIBSGL.A(sglB016.o)
                0x06025740                slBack1ColSet
 *fill*         0x0602574c        0x4 
 SLPROG         0x06025750       0x10 ../../Compiler/COMMON/SGL_302j/LIB_ELF/LIBSGL.A(sglB020.o)
                0x06025750                slColorCalc
 SLPROG         0x06025760        0xc ../../Compiler/COMMON/SGL_302j/LIB_ELF/LIBSGL.A(sglB021.o)
                0x06025760                slColorCalcOn
 *fill*         0x0602576c        0x4 
 SLPROG         0x06025770        0xc ../../Compiler/COMMON/SGL_302j/LIB_ELF/LIBSGL.A(sglB023.o)
                0x06025770                slColRate
 *fill*         0x0602577c        0x4 
 SLPROG         0x06025780        0x8 ../../Compiler/COMMON/SGL_302j/LIB_ELF/LIBSGL.A(sglB024.o)
                0x06025780                slColOffsetOn
 *fill*         0x06025788        0x8 
 SLPROG         0x06025790       0x10 ../../Compiler/COMMON/SGL_302j/LIB_ELF/LIBSGL.A(sglB025.o)
                0x06025790                slColOffsetBUse
 SLPROG         0x060257a0       0x10 ../../Compiler/COMMON/SGL_302j/LIB_ELF/LIBSGL.A(sglB027.o)
                0x060257a0                slColOffsetA
 SLPROG         0x060257b0       0x10 ../../Compiler/COMMON/SGL_302j/LIB_ELF/LIBSGL.A(sglB028.o)
                0x060257b0                slColOffsetB
 SLPROG         0x060257c0       0xb4 ../../Compiler/COMMON/SGL_302j/LIB_ELF/LIBSGL.A(sglB032.o)
                0x060257c0                slMapNbg1
 *fill*         0x06025874        0xc 
 SLPROG         0x06025880       0xb4 ../../Compiler/COMMON/SGL_302j/LIB_ELF/LIBSGL.A(sglB034.o)
                0x06025880                slMapNbg3
 *fill*         0x06025934        0xc 
 SLPROG         0x06025940       0xd4 ../../Compiler/COMMON/SGL_302j/LIB_ELF/LIBSGL.A(sglB035.o)
                0x06025940                sl1MapRA
                0x060259d2                rbank_set
 *fill*         0x06025a14        0xc 
 SLPROG         0x06025a20       0xa0 ../../Compiler/COMMON/SGL_302j/LIB_ELF/LIBSGL.A(sglB036.o)
                0x06025a20                sl1MapRB
 SLPROG         0x06025ac0       0x70 ../../Compiler/COMMON/SGL_302j/LIB_ELF/LIBSGL.A(sglB038.o)
                0x06025ac0                slRparaInitSet
 SLPROG         0x06025b30       0x7e ../../Compiler/COMMON/SGL_302j/LIB_ELF/LIBSGL.A(sglB039.o)
                0x06025b30                slMakeKtable
 *fill*         0x06025bae        0x2 
 SLPROG         0x06025bb0       0x58 ../../Compiler/COMMON/SGL_302j/LIB_ELF/LIBSGL.A(sglB040.o)
                0x06025bb0                slKtableRA
 *fill*         0x06025c08        0x8 
 SLPROG         0x06025c10       0x5c ../../Compiler/COMMON/SGL_302j/LIB_ELF/LIBSGL.A(sglB041.o)
                0x06025c10                slKtableRB
 *fill*         0x06025c6c        0x4 
 SLPROG         0x06025c70       0x10 ../../Compiler/COMMON/SGL_302j/LIB_ELF/LIBSGL.A(sglB042.o)
                0x06025c70                slCurRpara
 SLPROG         0x06025c80        0x8 ../../Compiler/COMMON/SGL_302j/LIB_ELF/LIBSGL.A(sglB043.o)
                0x06025c80                slRparaMode
 *fill*         0x06025c88        0x8 
 SLPROG         0x06025c90      0x4e4 ../../Compiler/COMMON/SGL_302j/LIB_ELF/LIBSGL.A(sglB044.o)
                0x06025c90                slScrMatSet
 *fill*         0x06026174        0xc 
 SLPROG         0x06026180        0xc ../../Compiler/COMMON/SGL_302j/LIB_ELF/LIBSGL.A(sglB047.o)
                0x06026180                slOverRA
 *fill*         0x0602618c        0x4 
 SLPROG         0x06026190       0x10 ../../Compiler/COMMON/SGL_302j/LIB_ELF/LIBSGL.A(sglB048.o)
                0x06026190                slOverRB
 SLPROG         0x060261a0        0xc ../../Compiler/COMMON/SGL_302j/LIB_ELF/LIBSGL.A(sglB056.o)
                0x060261a0                slPlaneNbg1
 *fill*         0x060261ac        0x4 
 SLPROG         0x060261b0       0x10 ../../Compiler/COMMON/SGL_302j/LIB_ELF/LIBSGL.A(sglB058.o)
                0x060261b0                slPlaneNbg3
 SLPROG         0x060261c0        0xc ../../Compiler/COMMON/SGL_302j/LIB_ELF/LIBSGL.A(sglB059.o)
                0x060261c0                slPlaneRA
 *fill*         0x060261cc        0x4 
 SLPROG         0x060261d0       0x10 ../../Compiler/COMMON/SGL_302j/LIB_ELF/LIBSGL.A(sglB060.o)
                0x060261d0                slPlaneRB
 SLPROG         0x060261e0       0x14 ../../Compiler/COMMON/SGL_302j/LIB_ELF/LIBSGL.A(sglB061.o)
                0x060261e0                slBMPalette
 *fill*         0x060261f4        0xc 
 SLPROG         0x06026200        0xc ../../Compiler/COMMON/SGL_302j/LIB_ELF/LIBSGL.A(sglB063.o)
                0x06026200                slPriority
 *fill*         0x0602620c        0x4 
 SLPROG         0x06026210       0x34 ../../Compiler/COMMON/SGL_302j/LIB_ELF/LIBSGL.A(sglB070.o)
                0x06026210                slScrPosNbg0
 *fill*         0x06026244        0xc 
 SLPROG         0x06026250        0xc ../../Compiler/COMMON/SGL_302j/LIB_ELF/LIBSGL.A(sglB071.o)
                0x06026250                slScrPosNbg1
 *fill*         0x0602625c        0x4 
 SLPROG         0x06026260       0x18 ../../Compiler/COMMON/SGL_302j/LIB_ELF/LIBSGL.A(sglB087.o)
                0x06026260                slLineScrollTable0
 *fill*         0x06026278        0x8 
 SLPROG         0x06026280        0x8 ../../Compiler/COMMON/SGL_302j/LIB_ELF/LIBSGL.A(sglB088.o)
                0x06026280                slLineScrollTable1
 *fill*         0x06026288        0x8 
 SLPROG         0x06026290        0xc ../../Compiler/COMMON/SGL_302j/LIB_ELF/LIBSGL.A(sglB090.o)
                0x06026290                slLineScrollMode
 *fill*         0x0602629c        0x4 
 SLPROG         0x060262a0      0x114 ../../Compiler/COMMON/SGL_302j/LIB_ELF/LIBSGL.A(sglB200.o)
                0x060262a0                slCharRbg0
                0x060262ac                slCharNbg0
                0x060262b8                slCharNbg1
                0x060262c4                slCharNbg2
                0x060262da                slCharNbg3
                0x060262f2                slPageRbg0
                0x06026308                slPageNbg1
                0x06026310                slPageNbg2
                0x06026318                slPageNbg3
                0x06026324                slPageNbg0
 *fill*         0x060263b4        0xc 
 SLPROG         0x060263c0       0x6c ../../Compiler/COMMON/SGL_302j/LIB_ELF/LIBSGL.A(sglC01.o)
                0x060263c0                slPerspective
 *fill*         0x0602642c        0x4 
 SLPROG         0x06026430       0x2c ../../Compiler/COMMON/SGL_302j/LIB_ELF/LIBSGL.A(sglC04.o)
                0x06026430                slZdspLevel
 *fill*         0x0602645c        0x4 
 SLPROG         0x06026460       0x78 ../../Compiler/COMMON/SGL_302j/LIB_ELF/LIBSGL.A(sglC05.o)
                0x06026460                slSetSprite
 *fill*         0x060264d8        0x8 
 SLPROG         0x060264e0       0xfa ../../Compiler/COMMON/SGL_302j/LIB_ELF/LIBSGL.A(sglC06.o)
                0x060264e0                slDispSprite
 *fill*         0x060265da        0x6 
 SLPROG         0x060265e0      0x162 ../../Compiler/COMMON/SGL_302j/LIB_ELF/LIBSGL.A(sglC07.o)
                0x060265e6                slPutSprite
 *fill*         0x06026742        0xe 
 SLPROG         0x06026750     0x1218 ../../Compiler/COMMON/SGL_302j/LIB_ELF/LIBSGL.A(sglC08.o)
                0x06026750                slPutPolygon
                0x060273cc                MsCalcDepthFlat
 *fill*         0x06027968        0x8 
 SLPROG         0x06027970       0x54 ../../Compiler/COMMON/SGL_302j/LIB_ELF/LIBSGL.A(sglC16.o)
                0x06027970                slDynamicFrame
 *fill*         0x060279c4        0xc 
 SLPROG         0x060279d0       0x4c ../../Compiler/COMMON/SGL_302j/LIB_ELF/LIBSGL.A(sglC17.o)
                0x060279d0                slDispSpriteHV
 *fill*         0x06027a1c        0x4 
 SLPROG         0x06027a20       0xd4 ../../Compiler/COMMON/SGL_302j/LIB_ELF/LIBSGL.A(sglC19.o)
                0x06027a20                slDispSprite4P
 *fill*         0x06027af4        0xc 
 SLPROG         0x06027b00       0x40 ../../Compiler/COMMON/SGL_302j/LIB_ELF/LIBSGL.A(sglC20.o)
                0x06027b00                SpriteEntry
 SLPROG         0x06027b40      0x4ae ../../Compiler/COMMON/SGL_302j/LIB_ELF/LIBSGL.A(sglC21.o)
                0x06027bc8                RotSprite
                0x06027c56                SetSprPosition
 *fill*         0x06027fee        0x2 
 SLPROG         0x06027ff0       0x84 ../../Compiler/COMMON/SGL_302j/LIB_ELF/LIBSGL.A(sglD00.o)
                0x06027ff0                slCpuDMACopy
                0x06027ff0                slDMACopy
                0x0602804a                CSH_AllClr
                0x0602804a                slCashPurge
 *fill*         0x06028074        0xc 
 SLPROG         0x06028080       0xa0 ../../Compiler/COMMON/SGL_302j/LIB_ELF/LIBSGL.A(sglD01.o)
                0x06028080                slDMAXCopy
 SLPROG         0x06028120       0x10 ../../Compiler/COMMON/SGL_302j/LIB_ELF/LIBSGL.A(sglD02.o)
                0x06028120                slDMAWait
 SLPROG         0x06028130        0xc ../../Compiler/COMMON/SGL_302j/LIB_ELF/LIBSGL.A(sglD03.o)
                0x06028130                slDMAStatus
 *fill*         0x0602813c        0x4 
 SLPROG         0x06028140       0x20 ../../Compiler/COMMON/SGL_302j/LIB_ELF/LIBSGL.A(sglD15.o)
                0x06028140                CSH_Purge
 SLPROG         0x06028160       0x84 ../../Compiler/COMMON/SGL_302j/LIB_ELF/LIBSGL.A(sglD16.o)
                0x06028160                DMA_ScuSetPrm
                0x060281a8                DMA_SCU_PRM0
 *fill*         0x060281e4        0xc 
 SLPROG         0x060281f0       0x88 ../../Compiler/COMMON/SGL_302j/LIB_ELF/LIBSGL.A(sglD17.o)
                0x060281f0                DMA_ScuStart
 *fill*         0x06028278        0x8 
 SLPROG         0x06028280       0x34 ../../Compiler/COMMON/SGL_302j/LIB_ELF/LIBSGL.A(sglD18.o)
                0x06028280                DMA_ScuGetStatus
 *fill*         0x060282b4        0xc 
 SLPROG         0x060282c0       0x4e ../../Compiler/COMMON/SGL_302j/LIB_ELF/LIBSGL.A(sglF00.o)
                0x060282c0                slCurScrn
                0x060282d0                slCurColor
                0x060282da                slLocate
                0x0602830c                CurrentScreen
 *fill*         0x0602830e        0x2 
 SLPROG         0x06028310      0x12a ../../Compiler/COMMON/SGL_302j/LIB_ELF/LIBSGL.A(sglF03.o)
                0x06028310                slPrintFX
 *fill*         0x0602843a        0x6 
 SLPROG         0x06028440       0x1c ../../Compiler/COMMON/SGL_302j/LIB_ELF/LIBSGL.A(sglF05.o)
                0x06028440                slPrint
 *fill*         0x0602845c        0x4 
 SLPROG         0x06028460       0x34 ../../Compiler/COMMON/SGL_302j/LIB_ELF/LIBSGL.A(sglF08.o)
                0x06028460                slDec2Hex
 *fill*         0x06028494        0xc 
 SLPROG         0x060284a0       0x14 ../../Compiler/COMMON/SGL_302j/LIB_ELF/LIBSGL.A(sglF11.o)
                0x060284a0                slAng2FX
 *fill*         0x060284b4        0xc 
 SLPROG         0x060284c0      0xfc8 ../../Compiler/COMMON/SGL_302j/LIB_ELF/LIBSGL.A(sglH00.o)
                0x060284d8                slGetPortDir1
                0x060284e0                slGetPortDir2
                0x060284e8                slSetPortDir1
                0x06028512                slSetPortDir2
                0x0602854c                slGetPortData1
                0x06028554                slGetPortData2
                0x0602855c                slSetPortData1
                0x06028566                slSetPortData2
                0x06028578                slGetPortSelect1
                0x06028582                slGetPortSelect2
                0x0602858c                slSetPortSelect1
                0x060285c0                slSetPortSelect2
                0x060285fc                slGetPortExt1
                0x06028606                slGetPortExt2
                0x06028610                slSetPortExt1
                0x06028640                slSetPortExt2
                0x060287b4                slSmpcDirectAccess
                0x06028834                slInitPeripheral
                0x060288c6                slSetResultBuffer
                0x06028952                slCheckIntBackSet
                0x0602895e                slIntBackCancel
                0x06028988                slCheckReset
                0x06028992                slClearReset
                0x06028b58                slSmpcCashSend
                0x06028c14                slSmpcCashBlow
                0x06028cf0                slGetOptimize
                0x06028cfa                slSetOptimize
                0x06028d20                slGetPortMode1
                0x06028d2c                slGetPortMode2
                0x06028d3a                slSetPortMode1
                0x06028d78                slSetPortMode2
                0x06028f04                slRequestCommand
                0x06028f74                Smpc_Status
                0x06028f78                Smpc_Result
                0x06028f7c                Smpc_Peripheral
                0x06028f82                Per_Connect1
                0x06028f83                Per_Connect2
                0x06028fa4                SmpcStatusBuf
 *fill*         0x06029488        0x8 
 SLPROG         0x06029490       0xa8 ../../Compiler/COMMON/SGL_302j/LIB_ELF/LIBSGL.A(sglH01.o)
                0x06029490                slGetLanguage
                0x0602949a                slSetLanguage
                0x060294bc                slGetSoundEffect
                0x060294c8                slSetSoundEffect
                0x060294e4                slGetSoundOutput
                0x060294f0                slSetSoundOutput
                0x0602950c                slGetHelpWindow
                0x06029518                slSetHelpWindow
 *fill*         0x06029538        0x8 
 SLPROG         0x06029540      0x470 ../../Compiler/COMMON/SGL_302j/LIB_ELF/LIBSGL.A(sglH02.o)
                0x06029930                smpc_pfr_tbl
                0x06029970                smpc_ptf_tbl
 SLPROG         0x060299b0       0x60 ../../Compiler/COMMON/SGL_302j/LIB_ELF/LIBSGL.A(sglH04.o)
                0x060299b0                slComPrmIntBack
                0x060299c4                slComPrmSetMemory
                0x060299da                slComPrmSetTime
 SLPROG         0x06029a10      0x3a4 ../../Compiler/COMMON/SGL_302j/LIB_ELF/LIBSGL.A(sglI01.o)
                0x06029a10                slInitSynch
                0x06029a2a                slSynch
                0x06029b20                slRandom
                0x06029b3e                PCM_EndCheck
                0x06029bfa                RetPCMBuf
                0x06029c94                PCM_Buf
                0x06029d34                Sound_Buf
 *fill*         0x06029db4        0xc 
 SLPROG         0x06029dc0       0x10 ../../Compiler/COMMON/SGL_302j/LIB_ELF/LIBSGL.A(sglI04.o)
                0x06029dc0                slIntFunction
 SLPROG         0x06029dd0       0x74 ../../Compiler/COMMON/SGL_302j/LIB_ELF/LIBSGL.A(sglJ00.o)
                0x06029dd0                InitSlaveSH
                0x06029e38                SlaveCommand
 *fill*         0x06029e44        0xc 
 SLPROG         0x06029e50      0x3d0 ../../Compiler/COMMON/SGL_302j/LIB_ELF/LIBSGL.A(sglJ01.o)
                0x06029e50                SlaveControl
                0x0602a20c                ErasePolygonData
 SLPROG         0x0602a220     0x12b8 ../../Compiler/COMMON/SGL_302j/LIB_ELF/LIBSGL.A(sglJ02.o)
                0x0602a220                sbMakePolygon
                0x0602a408                sbCalcPolygon
                0x0602b140                SetTexture
                0x0602b14c                SetPolygon
                0x0602b154                SetPosition
                0x0602b18c                stvtc_4
                0x0602b244                stvtc_3
                0x0602b454                stvtc_1
                0x0602b468                stvtc_2
                0x0602b47c                stvtc_0
 *fill*         0x0602b4d8        0x8 
 SLPROG         0x0602b4e0      0x140 ../../Compiler/COMMON/SGL_302j/LIB_ELF/LIBSGL.A(sglJ03.o)
                0x0602b4e0                sbMakeDMATable
 SLPROG         0x0602b620      0x470 ../../Compiler/COMMON/SGL_302j/LIB_ELF/LIBSGL.A(sglJ04.o)
                0x0602b67e                sbMakeSprite
                0x0602b6e4                sbMakeRotSprite
 SLPROG         0x0602ba90       0x3c ../../Compiler/COMMON/SGL_302j/LIB_ELF/LIBSGL.A(sglJ05.o)
                0x0602ba90                sbSortEntry
 *fill*         0x0602bacc        0x4 
 SLPROG         0x0602bad0       0x6a ../../Compiler/COMMON/SGL_302j/LIB_ELF/LIBSGL.A(sglM01.o)
                0x0602bad0                slSetDepthLimit
                0x0602bafc                slSetDepthTbl
                0x0602bb2c                DepthWorkArea
 *fill*         0x0602bb3a        0x6 
 SLPROG         0x0602bb40       0x20 ../../Compiler/COMMON/SGL_302j/LIB_ELF/LIBSGL.A(sglA00.o)
                0x0602bb40                set_imask
                0x0602bb40                _builtin_set_imask
                0x0602bb54                _builtin_get_imask
                0x0602bb54                get_imask
 SLPROG         0x0602bb60     0x215c ../../Compiler/COMMON/SGL_302j/LIB_ELF/LIBSGL.A(sglA03.o)
                0x0602bb60                slTan
 *fill*         0x0602dcbc        0x4 
 SLPROG         0x0602dcc0      0xbd0 ../../Compiler/COMMON/SGL_302j/LIB_ELF/LIBSGL.A(sglB000.o)
                0x0602dcc0                slInitScroll
                0x0602dde0                setASC_1to8
                0x0602de10                setASC_4to8
                0x0602df20                TVSizeTbl
                0x0602dfa0                TVModeTbl
                0x0602e178                SGL_ASCII_CG
 SLPROG         0x0602e890      0x134 ../../Compiler/COMMON/SGL_302j/LIB_ELF/LIBSGL.A(sglC00.o)
                0x0602e890                slInitSprite
 *fill*         0x0602e9c4        0xc 
 SLPROG         0x0602e9d0      0x75c ../../Compiler/COMMON/SGL_302j/LIB_ELF/LIBSGL.A(sglI00.o)
                0x0602ecc0                slInitInterrupt
 *fill*         0x0602f12c        0x4 
 SLPROG         0x0602f130       0xf0 ../../Compiler/COMMON/SGL_302j/LIB_ELF/LIBSGL.A(sglH03.o)
                0x0602f194                slSmpcIntBack
                0x0602f220                __slprog_end = .

.tors           0x0602f220        0x0
                0x0602f220                ___ctors = .
 *(.ctors)
                0x0602f220                ___ctors_end = .
                0x0602f220                ___dtors = .
 *(.dtors)
                0x0602f220                ___dtors_end = .

.data           0x0602f220      0xce0
 *(.data)
 .data          0x0602f220        0x0 ../../Compiler/COMMON/SGL_302j/LIB_ELF/SGLAREA.O
 .data          0x0602f220        0x4 main.o
                0x0602f220                nbModels
 .data          0x0602f224        0x0 ZT/ZT_LOAD_MODEL.o
 .data          0x0602f224        0x0 ZT/ZT_TOOLS.o
 .data          0x0602f224       0x1c input.o
                0x0602f224                last_input
                0x0602f228                input_delay
                0x0602f22c                target
                0x0602f238                tar_sense
                0x0602f23c                tar_dist
 .data          0x0602f240        0x4 game_object.o
                0x0602f240                max_objects
 .data          0x0602f244        0x0 collision.o
 .data          0x0602f244        0x0 separate.o
 .data          0x0602f244        0x0 separate_3D.o
 .data          0x0602f244      0x798 animate.o
                0x0602f244                ANORMS
 .data          0x0602f9dc        0x4 room.o
                0x0602f9dc                scale_factor
 .data          0x0602f9e0        0x2 display.o
                0x0602f9e0                FOV
 .data          0x0602f9e2        0x0 bg.o
 .data          0x0602f9e2        0x0 ../../jo_engine/tga.o
 *fill*         0x0602f9e2        0x2 
 .data          0x0602f9e4       0x28 ../../jo_engine/3d.o
 .data          0x0602fa0c        0x4 ../../jo_engine/fs.o
 .data          0x0602fa10        0x0 ../../jo_engine/slave.o
 .data          0x0602fa10        0x0 ../../jo_engine/font.o
 .data          0x0602fa10        0x0 ../../jo_engine/input.o
 .data          0x0602fa10        0x0 ../../jo_engine/physics.o
 .data          0x0602fa10        0x0 ../../jo_engine/core.o
 .data          0x0602fa10        0x4 ../../jo_engine/math.o
                0x0602fa10                jo_random_seed
 .data          0x0602fa14        0x0 ../../jo_engine/malloc.o
 .data          0x0602fa14        0x0 ../../jo_engine/tools.o
 .data          0x0602fa14        0x0 ../../jo_engine/palette.o
 .data          0x0602fa14       0x2c ../../jo_engine/sprites.o
                0x0602fa18                __jo_gouraud_shading_runtime_index
                0x0602fa1c                __jo_sprite_pos
                0x0602fa28                __jo_sprite_attributes
 .data          0x0602fa40        0x0 ../../jo_engine/map.o
 .data          0x0602fa40        0x0 ../../jo_engine/list.o
 .data          0x0602fa40        0x4 ../../jo_engine/sprite_animator.o
 .data          0x0602fa44        0x0 ../../jo_engine/image.o
 .data          0x0602fa44        0x0 ../../jo_engine/vdp2.o
 .data          0x0602fa44        0x0 ../../jo_engine/time.o
 .data          0x0602fa44        0x0 ../../jo_engine/vdp1_command_pipeline.o
 .data          0x0602fa44       0x10 ../../jo_engine/vdp2_malloc.o
 *fill*         0x0602fa54        0xc 
 .data          0x0602fa60        0x0 ../../Compiler/COMMON/SGL_302j/LIB_ELF/SEGA_SYS.A(sys_exit.o)
 .data          0x0602fa60        0x0 ../../Compiler/COMMON/SGL_302j/LIB_ELF/SEGA_SYS.A(sys_sub.o)
 .data          0x0602fa60        0x0 ../../Compiler/COMMON/SGL_302j/LIB_ELF/LIBCD.A(CDC_CMN.O)
 .data          0x0602fa60        0x0 ../../Compiler/COMMON/SGL_302j/LIB_ELF/LIBCD.A(CDC_CFS.O)
 .data          0x0602fa60        0x0 ../../Compiler/COMMON/SGL_302j/LIB_ELF/LIBCD.A(CDC_REG.O)
 .data          0x0602fa60        0x0 ../../Compiler/COMMON/SGL_302j/LIB_ELF/LIBCD.A(CDC_SUB.O)
 .data          0x0602fa60        0x0 ../../Compiler/COMMON/SGL_302j/LIB_ELF/LIBCD.A(GFS.O)
 .data          0x0602fa60        0x0 ../../Compiler/COMMON/SGL_302j/LIB_ELF/LIBCD.A(GFS_BUF.O)
 .data          0x0602fa60        0x0 ../../Compiler/COMMON/SGL_302j/LIB_ELF/LIBCD.A(GFS_CDB.O)
 .data          0x0602fa60        0x0 ../../Compiler/COMMON/SGL_302j/LIB_ELF/LIBCD.A(GFS_CDC.O)
 .data          0x0602fa60        0x0 ../../Compiler/COMMON/SGL_302j/LIB_ELF/LIBCD.A(GFS_CDF.O)
 .data          0x0602fa60        0x0 ../../Compiler/COMMON/SGL_302j/LIB_ELF/LIBCD.A(GFS_DIR.O)
 .data          0x0602fa60        0x0 ../../Compiler/COMMON/SGL_302j/LIB_ELF/LIBCD.A(GFS_TRN.O)
 .data          0x0602fa60        0x0 ../../Compiler/COMMON/SGL_302j/LIB_ELF/LIBCD.A(CDC_DRV.O)
 .data          0x0602fa60        0x0 ../../Compiler/COMMON/SGL_302j/LIB_ELF/LIBCD.A(CDC_DEV.O)
 .data          0x0602fa60        0x0 ../../Compiler/COMMON/SGL_302j/LIB_ELF/LIBCD.A(CDC_SEL.O)
 .data          0x0602fa60        0x0 ../../Compiler/COMMON/SGL_302j/LIB_ELF/LIBCD.A(CDC_BIF.O)
 .data          0x0602fa60        0x0 ../../Compiler/COMMON/SGL_302j/LIB_ELF/LIBCD.A(CDC_BIO.O)
 .data          0x0602fa60        0x0 ../../Compiler/COMMON/SGL_302j/LIB_ELF/LIBSGL.A(sglA01.o)
 .data          0x0602fa60        0x0 ../../Compiler/COMMON/SGL_302j/LIB_ELF/LIBSGL.A(sglA04.o)
 .data          0x0602fa60        0x0 ../../Compiler/COMMON/SGL_302j/LIB_ELF/LIBSGL.A(sglA05.o)
 .data          0x0602fa60        0x0 ../../Compiler/COMMON/SGL_302j/LIB_ELF/LIBSGL.A(sglA06.o)
 .data          0x0602fa60        0x0 ../../Compiler/COMMON/SGL_302j/LIB_ELF/LIBSGL.A(sglA07.o)
 .data          0x0602fa60        0x0 ../../Compiler/COMMON/SGL_302j/LIB_ELF/LIBSGL.A(sglA08.o)
 .data          0x0602fa60        0x0 ../../Compiler/COMMON/SGL_302j/LIB_ELF/LIBSGL.A(sglA15.o)
 .data          0x0602fa60        0x0 ../../Compiler/COMMON/SGL_302j/LIB_ELF/LIBSGL.A(sglA17.o)
 .data          0x0602fa60        0x0 ../../Compiler/COMMON/SGL_302j/LIB_ELF/LIBSGL.A(sglA18.o)
 .data          0x0602fa60        0x0 ../../Compiler/COMMON/SGL_302j/LIB_ELF/LIBSGL.A(sglA19.o)
 .data          0x0602fa60        0x0 ../../Compiler/COMMON/SGL_302j/LIB_ELF/LIBSGL.A(sglA20.o)
 .data          0x0602fa60        0x0 ../../Compiler/COMMON/SGL_302j/LIB_ELF/LIBSGL.A(sglA21.o)
 .data          0x0602fa60        0x0 ../../Compiler/COMMON/SGL_302j/LIB_ELF/LIBSGL.A(sglA23.o)
 .data          0x0602fa60        0x0 ../../Compiler/COMMON/SGL_302j/LIB_ELF/LIBSGL.A(sglA27.o)
 .data          0x0602fa60        0x0 ../../Compiler/COMMON/SGL_302j/LIB_ELF/LIBSGL.A(sglA28.o)
 .data          0x0602fa60        0x0 ../../Compiler/COMMON/SGL_302j/LIB_ELF/LIBSGL.A(sglB001.o)
 .data          0x0602fa60        0x0 ../../Compiler/COMMON/SGL_302j/LIB_ELF/LIBSGL.A(sglB010.o)
 .data          0x0602fa60        0x0 ../../Compiler/COMMON/SGL_302j/LIB_ELF/LIBSGL.A(sglB011.o)
 .data          0x0602fa60        0x0 ../../Compiler/COMMON/SGL_302j/LIB_ELF/LIBSGL.A(sglB014.o)
 .data          0x0602fa60        0x0 ../../Compiler/COMMON/SGL_302j/LIB_ELF/LIBSGL.A(sglB015.o)
 .data          0x0602fa60        0x0 ../../Compiler/COMMON/SGL_302j/LIB_ELF/LIBSGL.A(sglB016.o)
 .data          0x0602fa60        0x0 ../../Compiler/COMMON/SGL_302j/LIB_ELF/LIBSGL.A(sglB020.o)
 .data          0x0602fa60        0x0 ../../Compiler/COMMON/SGL_302j/LIB_ELF/LIBSGL.A(sglB021.o)
 .data          0x0602fa60        0x0 ../../Compiler/COMMON/SGL_302j/LIB_ELF/LIBSGL.A(sglB023.o)
 .data          0x0602fa60        0x0 ../../Compiler/COMMON/SGL_302j/LIB_ELF/LIBSGL.A(sglB024.o)
 .data          0x0602fa60        0x0 ../../Compiler/COMMON/SGL_302j/LIB_ELF/LIBSGL.A(sglB025.o)
 .data          0x0602fa60        0x0 ../../Compiler/COMMON/SGL_302j/LIB_ELF/LIBSGL.A(sglB027.o)
 .data          0x0602fa60        0x0 ../../Compiler/COMMON/SGL_302j/LIB_ELF/LIBSGL.A(sglB028.o)
 .data          0x0602fa60        0x0 ../../Compiler/COMMON/SGL_302j/LIB_ELF/LIBSGL.A(sglB032.o)
 .data          0x0602fa60        0x0 ../../Compiler/COMMON/SGL_302j/LIB_ELF/LIBSGL.A(sglB034.o)
 .data          0x0602fa60        0x0 ../../Compiler/COMMON/SGL_302j/LIB_ELF/LIBSGL.A(sglB035.o)
 .data          0x0602fa60        0x0 ../../Compiler/COMMON/SGL_302j/LIB_ELF/LIBSGL.A(sglB036.o)
 .data          0x0602fa60        0x0 ../../Compiler/COMMON/SGL_302j/LIB_ELF/LIBSGL.A(sglB038.o)
 .data          0x0602fa60        0x0 ../../Compiler/COMMON/SGL_302j/LIB_ELF/LIBSGL.A(sglB039.o)
 .data          0x0602fa60        0x0 ../../Compiler/COMMON/SGL_302j/LIB_ELF/LIBSGL.A(sglB040.o)
 .data          0x0602fa60        0x0 ../../Compiler/COMMON/SGL_302j/LIB_ELF/LIBSGL.A(sglB041.o)
 .data          0x0602fa60        0x0 ../../Compiler/COMMON/SGL_302j/LIB_ELF/LIBSGL.A(sglB042.o)
 .data          0x0602fa60        0x0 ../../Compiler/COMMON/SGL_302j/LIB_ELF/LIBSGL.A(sglB043.o)
 .data          0x0602fa60        0x0 ../../Compiler/COMMON/SGL_302j/LIB_ELF/LIBSGL.A(sglB044.o)
 .data          0x0602fa60        0x0 ../../Compiler/COMMON/SGL_302j/LIB_ELF/LIBSGL.A(sglB047.o)
 .data          0x0602fa60        0x0 ../../Compiler/COMMON/SGL_302j/LIB_ELF/LIBSGL.A(sglB048.o)
 .data          0x0602fa60        0x0 ../../Compiler/COMMON/SGL_302j/LIB_ELF/LIBSGL.A(sglB056.o)
 .data          0x0602fa60        0x0 ../../Compiler/COMMON/SGL_302j/LIB_ELF/LIBSGL.A(sglB058.o)
 .data          0x0602fa60        0x0 ../../Compiler/COMMON/SGL_302j/LIB_ELF/LIBSGL.A(sglB059.o)
 .data          0x0602fa60        0x0 ../../Compiler/COMMON/SGL_302j/LIB_ELF/LIBSGL.A(sglB060.o)